Component: Arm Compiler for Embedded 6.22 Tool: armlink [5ee90200]

==============================================================================

Section Cross References

    empty.o(.text.SysTick_Handler) refers to apptick.o(.text.AppTick_IrqHandler) for AppTick_IrqHandler
    empty.o(.text.SysTick_Handler) refers to buzzer.o(.text.Buzzer_Tick1ms) for Buzzer_Tick1ms
    empty.o(.ARM.exidx.text.SysTick_Handler) refers to empty.o(.text.SysTick_Handler) for [Anonymous Symbol]
    empty.o(.text.main) refers to ti_msp_dl_config.o(.text.SYSCFG_DL_init) for SYSCFG_DL_init
    empty.o(.text.main) refers to apptick.o(.text.AppTick_Init) for AppTick_Init
    empty.o(.text.main) refers to app_system.o(.text.AppSystem_Init) for AppSystem_Init
    empty.o(.text.main) refers to oled.o(.text.OLED_Init) for OLED_Init
    empty.o(.text.main) refers to menu_app.o(.text.MenuApp_Init) for MenuApp_Init
    empty.o(.text.main) refers to menu_port.o(.text.MenuPort_Init) for MenuPort_Init
    empty.o(.text.main) refers to menu_app.o(.text.MenuApp_Tick) for MenuApp_Tick
    empty.o(.text.main) refers to app_system.o(.text.AppSystem_Run) for AppSystem_Run
    empty.o(.text.main) refers to menu_app.o(.text.MenuApp_IsPageActive) for MenuApp_IsPageActive
    empty.o(.text.main) refers to menu_port.o(.text.MenuPort_Tick) for MenuPort_Tick
    empty.o(.text.main) refers to menu_app.o(.bss.g_Menu) for g_Menu
    empty.o(.text.main) refers to menu_app.o(.bss.main_menu_1) for main_menu_1
    empty.o(.ARM.exidx.text.main) refers to empty.o(.text.main) for [Anonymous Symbol]
    startup_mspm0g350x_uvision.o(STACK) refers (Special) to heapauxi.o(.text) for __use_two_region_memory
    startup_mspm0g350x_uvision.o(HEAP) refers (Special) to heapauxi.o(.text) for __use_two_region_memory
    startup_mspm0g350x_uvision.o(RESET) refers (Special) to heapauxi.o(.text) for __use_two_region_memory
    startup_mspm0g350x_uvision.o(RESET) refers to startup_mspm0g350x_uvision.o(STACK) for __initial_sp
    startup_mspm0g350x_uvision.o(RESET) refers to startup_mspm0g350x_uvision.o(.text) for Reset_Handler
    startup_mspm0g350x_uvision.o(RESET) refers to empty.o(.text.SysTick_Handler) for SysTick_Handler
    startup_mspm0g350x_uvision.o(RESET) refers to hal_chassis.o(.text.GROUP1_IRQHandler) for GROUP1_IRQHandler
    startup_mspm0g350x_uvision.o(.text) refers (Special) to heapauxi.o(.text) for __use_two_region_memory
    startup_mspm0g350x_uvision.o(.text) refers to __main.o(!!!main) for __main
    startup_mspm0g350x_uvision.o(.text) refers to startup_mspm0g350x_uvision.o(HEAP) for Heap_Mem
    startup_mspm0g350x_uvision.o(.text) refers to startup_mspm0g350x_uvision.o(STACK) for Stack_Mem
    ti_msp_dl_config.o(.text.SYSCFG_DL_init) refers to ti_msp_dl_config.o(.text.SYSCFG_DL_initPower) for SYSCFG_DL_initPower
    ti_msp_dl_config.o(.text.SYSCFG_DL_init) refers to ti_msp_dl_config.o(.text.SYSCFG_DL_GPIO_init) for SYSCFG_DL_GPIO_init
    ti_msp_dl_config.o(.text.SYSCFG_DL_init) refers to ti_msp_dl_config.o(.text.SYSCFG_DL_SYSCTL_init) for SYSCFG_DL_SYSCTL_init
    ti_msp_dl_config.o(.text.SYSCFG_DL_init) refers to ti_msp_dl_config.o(.text.SYSCFG_DL_UART_0_init) for SYSCFG_DL_UART_0_init
    ti_msp_dl_config.o(.ARM.exidx.text.SYSCFG_DL_init) refers to ti_msp_dl_config.o(.text.SYSCFG_DL_init) for [Anonymous Symbol]
    ti_msp_dl_config.o(.text.SYSCFG_DL_initPower) refers to dl_common.o(.text.DL_Common_delayCycles) for DL_Common_delayCycles
    ti_msp_dl_config.o(.ARM.exidx.text.SYSCFG_DL_initPower) refers to ti_msp_dl_config.o(.text.SYSCFG_DL_initPower) for [Anonymous Symbol]
    ti_msp_dl_config.o(.ARM.exidx.text.SYSCFG_DL_GPIO_init) refers to ti_msp_dl_config.o(.text.SYSCFG_DL_GPIO_init) for [Anonymous Symbol]
    ti_msp_dl_config.o(.ARM.exidx.text.SYSCFG_DL_SYSCTL_init) refers to ti_msp_dl_config.o(.text.SYSCFG_DL_SYSCTL_init) for [Anonymous Symbol]
    ti_msp_dl_config.o(.text.SYSCFG_DL_UART_0_init) refers to dl_uart.o(.text.DL_UART_setClockConfig) for DL_UART_setClockConfig
    ti_msp_dl_config.o(.text.SYSCFG_DL_UART_0_init) refers to dl_uart.o(.text.DL_UART_init) for DL_UART_init
    ti_msp_dl_config.o(.text.SYSCFG_DL_UART_0_init) refers to ti_msp_dl_config.o(.rodata.gUART_0ClockConfig) for [Anonymous Symbol]
    ti_msp_dl_config.o(.text.SYSCFG_DL_UART_0_init) refers to ti_msp_dl_config.o(.rodata.gUART_0Config) for [Anonymous Symbol]
    ti_msp_dl_config.o(.ARM.exidx.text.SYSCFG_DL_UART_0_init) refers to ti_msp_dl_config.o(.text.SYSCFG_DL_UART_0_init) for [Anonymous Symbol]
    delay.o(.text.Delay_ms) refers to dl_common.o(.text.DL_Common_delayCycles) for DL_Common_delayCycles
    delay.o(.ARM.exidx.text.Delay_ms) refers to delay.o(.text.Delay_ms) for [Anonymous Symbol]
    delay.o(.text.Delay_us) refers to dl_common.o(.text.DL_Common_delayCycles) for DL_Common_delayCycles
    delay.o(.ARM.exidx.text.Delay_us) refers to delay.o(.text.Delay_us) for [Anonymous Symbol]
[...]
    sub_4_2                                  0x20200cb0   Data          24  menu_app.o(.bss.sub_4_2)
    [Anonymous Symbol]                       0x20200cb0   Section        0  menu_app.o(.bss.sub_4_2)
    sub_4_3                                  0x20200cc8   Data          24  menu_app.o(.bss.sub_4_3)
    [Anonymous Symbol]                       0x20200cc8   Section        0  menu_app.o(.bss.sub_4_3)
    sub_4_4                                  0x20200ce0   Data          24  menu_app.o(.bss.sub_4_4)
    [Anonymous Symbol]                       0x20200ce0   Section        0  menu_app.o(.bss.sub_4_4)
    Heap_Mem                                 0x20200cf8   Data           0  startup_mspm0g350x_uvision.o(HEAP)
    Stack_Mem                                0x20200cf8   Data        4096  startup_mspm0g350x_uvision.o(STACK)
    HEAP                                     0x20200cf8   Section        0  startup_mspm0g350x_uvision.o(HEAP)
    STACK                                    0x20200cf8   Section     4096  startup_mspm0g350x_uvision.o(STACK)
    __initial_sp                             0x20201cf8   Data           0  startup_mspm0g350x_uvision.o(STACK)

    Global Symbols

    Symbol Name                              Value     Ov Type        Size  Object(Section)

    BuildAttributes$$THM_ISAv3M$S$PE$A:L22$X:L11$S22$IEEE1$IW$~IW$USESV6$~STKCKD$USESV7$~SHL$OTIME$ROPI$IEEEX$EBA8$UX$STANDARDLIB$REQ8$PRES8$EABIv2 0x00000000   Number         0  anon$$obj.o ABSOLUTE
    __Vectors                                0x00000000   Data           4  startup_mspm0g350x_uvision.o(RESET)
    _printf_flags                            0x00000000   Number         0  printf_stubs.o ABSOLUTE
    _printf_return_value                     0x00000000   Number         0  printf_stubs.o ABSOLUTE
    _printf_sizespec                         0x00000000   Number         0  printf_stubs.o ABSOLUTE
    _printf_widthprec                        0x00000000   Number         0  printf_stubs.o ABSOLUTE
    __ARM_exceptions_init                     - Undefined Weak Reference
    __alloca_initialize                       - Undefined Weak Reference
    __arm_preinit_                            - Undefined Weak Reference
    __arm_relocate_pie_                       - Undefined Weak Reference
    __cpp_initialize__aeabi_                  - Undefined Weak Reference
    __cxa_finalize                            - Undefined Weak Reference
    __rt_locale                               - Undefined Weak Reference
    __sigvec_lookup                           - Undefined Weak Reference
    _atexit_init                              - Undefined Weak Reference
    _call_atexit_fns                          - Undefined Weak Reference
    _clock_init                               - Undefined Weak Reference
    _fp_trap_init                             - Undefined Weak Reference
    _fp_trap_shutdown                         - Undefined Weak Reference
    _get_lc_collate                           - Undefined Weak Reference
    _get_lc_ctype                             - Undefined Weak Reference
    _get_lc_monetary                          - Undefined Weak Reference
    _get_lc_numeric                           - Undefined Weak Reference
    _get_lc_time                              - Undefined Weak Reference
    _getenv_init                              - Undefined Weak Reference
    _handle_redirection                       - Undefined Weak Reference
    _init_alloc                               - Undefined Weak Reference
    _init_user_alloc                          - Undefined Weak Reference
    _initio                                   - Undefined Weak Reference
    _printf_mbtowc                            - Undefined Weak Reference
    _printf_truncate_signed                   - Undefined Weak Reference
    _printf_truncate_unsigned                 - Undefined Weak Reference
    _rand_init                                - Undefined Weak Reference
    _signal_finish                            - Undefined Weak Reference
    _signal_init                              - Undefined Weak Reference
    _terminate_alloc                          - Undefined Weak Reference
    _terminate_user_alloc                     - Undefined Weak Reference
    _terminateio                              - Undefined Weak Reference
    __Vectors_End                            0x000000c0   Data           0  startup_mspm0g350x_uvision.o(RESET)
    __Vectors_Size                           0x000000c0   Number         0  startup_mspm0g350x_uvision.o ABSOLUTE
    __main                                   0x000000c1   Thumb Code     8  __main.o(!!!main)
    __scatterload                            0x000000c9   Thumb Code     0  __scatter.o(!!!scatter)
    __scatterload_rt2                        0x000000c9   Thumb Code    74  __scatter.o(!!!scatter)
    __scatterload_rt2_thumb_only             0x000000c9   Thumb Code     0  __scatter.o(!!!scatter)
    __scatterload_loop                       0x000000d3   Thumb Code     0  __scatter.o(!!!scatter)
    __scatterload_copy                       0x00000121   Thumb Code    26  __scatter_copy.o(!!handler_copy)
    __scatterload_null                       0x00000141   Thumb Code     2  __scatter.o(!!handler_null)
    __scatterload_zeroinit                   0x00000149   Thumb Code    28  __scatter_zi.o(!!handler_zi)
    _printf_percent                          0x00000165   Thumb Code     0  _printf_percent.o(.ARM.Collect$$_printf_percent$$00000000)
    _printf_d                                0x00000167   Thumb Code     0  _printf_d.o(.ARM.Collect$$_printf_percent$$00000009)
    _printf_u                                0x00000171   Thumb Code     0  _printf_u.o(.ARM.Collect$$_printf_percent$$0000000A)
    _printf_x                                0x0000017b   Thumb Code     0  _printf_x.o(.ARM.Collect$$_printf_percent$$0000000C)
    _printf_c                                0x00000185   Thumb Code     0  _printf_c.o(.ARM.Collect$$_printf_percent$$00000013)
    _printf_s                                0x0000018f   Thumb Code     0  _printf_s.o(.ARM.Collect$$_printf_percent$$00000014)
    _printf_percent_end                      0x00000199   Thumb Code     0  _printf_percent_end.o(.ARM.Collect$$_printf_percent$$00000017)
    __rt_lib_init                            0x0000019d   Thumb Code     0  libinit.o(.ARM.Collect$$libinit$$00000000)
    __rt_lib_init_alloca_1                   0x0000019f   Thumb Code     0  libinit2.o(.ARM.Collect$$libinit$$00000030)
    __rt_lib_init_argv_1                     0x0000019f   Thumb Code     0  libinit2.o(.ARM.Collect$$libinit$$0000002E)
    __rt_lib_init_atexit_1                   0x0000019f   Thumb Code     0  libinit2.o(.ARM.Collect$$libinit$$0000001D)
    __rt_lib_init_clock_1                    0x0000019f   Thumb Code     0  libinit2.o(.ARM.Collect$$libinit$$00000023)
    __rt_lib_init_cpp_1                      0x0000019f   Thumb Code     0  libinit2.o(.ARM.Collect$$libinit$$00000034)
    __rt_lib_init_exceptions_1               0x0000019f   Thumb Code     0  libinit2.o(.ARM.Collect$$libinit$$00000032)
    __rt_lib_init_fp_1                       0x0000019f   Thumb Code     0  libinit2.o(.ARM.Collect$$libinit$$00000002)
    __rt_lib_init_fp_trap_1                  0x0000019f   Thumb Code     0  libinit2.o(.ARM.Collect$$libinit$$00000021)
    __rt_lib_init_getenv_1                   0x0000019f   Thumb Code     0  libinit2.o(.ARM.Collect$$libinit$$00000025)
    __rt_lib_init_heap_1                     0x0000019f   Thumb Code     0  libinit2.o(.ARM.Collect$$libinit$$0000000C)
    __rt_lib_init_lc_collate_1               0x0000019f   Thumb Code     0  libinit2.o(.ARM.Collect$$libinit$$00000013)
    __rt_lib_init_lc_ctype_1                 0x0000019f   Thumb Code     0  libinit2.o(.ARM.Collect$$libinit$$00000015)
    __rt_lib_init_lc_monetary_1              0x0000019f   Thumb Code     0  libinit2.o(.ARM.Collect$$libinit$$00000017)
    __rt_lib_init_lc_numeric_1               0x0000019f   Thumb Code     0  libinit2.o(.ARM.Collect$$libinit$$00000019)
    __rt_lib_init_lc_time_1                  0x0000019f   Thumb Code     0  libinit2.o(.ARM.Collect$$libinit$$0000001B)
    __rt_lib_init_preinit_1                  0x0000019f   Thumb Code     0  libinit2.o(.ARM.Collect$$libinit$$00000006)
    __rt_lib_init_rand_1                     0x0000019f   Thumb Code     0  libinit2.o(.ARM.Collect$$libinit$$00000010)
    __rt_lib_init_relocate_pie_1             0x0000019f   Thumb Code     0  libinit2.o(.ARM.Collect$$libinit$$00000004)
    __rt_lib_init_return                     0x0000019f   Thumb Code     0  libinit2.o(.ARM.Collect$$libinit$$00000035)
    __rt_lib_init_signal_1                   0x0000019f   Thumb Code     0  libinit2.o(.ARM.Collect$$libinit$$0000001F)
    __rt_lib_init_stdio_1                    0x0000019f   Thumb Code     0  libinit2.o(.ARM.Collect$$libinit$$00000027)
    __rt_lib_init_user_alloc_1               0x0000019f   Thumb Code     0  libinit2.o(.ARM.Collect$$libinit$$0000000E)
    __rt_lib_shutdown                        0x000001a1   Thumb Code     0  libshutdown.o(.ARM.Collect$$libshutdown$$00000000)
    __rt_lib_shutdown_cpp_1                  0x000001a3   Thumb Code     0  libshutdown2.o(.ARM.Collect$$libshutdown$$00000002)
    __rt_lib_shutdown_fp_trap_1              0x000001a3   Thumb Code     0  libshutdown2.o(.ARM.Collect$$libshutdown$$00000007)
    __rt_lib_shutdown_heap_1                 0x000001a3   Thumb Code     0  libshutdown2.o(.ARM.Collect$$libshutdown$$0000000F)
    __rt_lib_shutdown_return                 0x000001a3   Thumb Code     0  libshutdown2.o(.ARM.Collect$$libshutdown$$00000010)
    __rt_lib_shutdown_signal_1               0x000001a3   Thumb Code     0  libshutdown2.o(.ARM.Collect$$libshutdown$$0000000A)
    __rt_lib_shutdown_stdio_1                0x000001a3   Thumb Code     0  libshutdown2.o(.ARM.Collect$$libshutdown$$00000004)
    __rt_lib_shutdown_user_alloc_1           0x000001a3   Thumb Code     0  libshutdown2.o(.ARM.Collect$$libshutdown$$0000000C)
    __rt_entry                               0x000001a5   Thumb Code     0  __rtentry.o(.ARM.Collect$$rtentry$$00000000)
    __rt_entry_presh_1                       0x000001a5   Thumb Code     0  __rtentry2.o(.ARM.Collect$$rtentry$$00000002)
    __rt_entry_sh                            0x000001a5   Thumb Code     0  __rtentry4.o(.ARM.Collect$$rtentry$$00000004)
    __rt_entry_li                            0x000001ab   Thumb Code     0  __rtentry2.o(.ARM.Collect$$rtentry$$0000000A)
    __rt_entry_postsh_1                      0x000001ab   Thumb Code     0  __rtentry2.o(.ARM.Collect$$rtentry$$00000009)
    __rt_entry_main                          0x000001af   Thumb Code     0  __rtentry2.o(.ARM.Collect$$rtentry$$0000000D)
    __rt_entry_postli_1                      0x000001af   Thumb Code     0  __rtentry2.o(.ARM.Collect$$rtentry$$0000000C)
    __rt_exit                                0x000001b7   Thumb Code     0  rtexit.o(.ARM.Collect$$rtexit$$00000000)
    __rt_exit_ls                             0x000001b9   Thumb Code     0  rtexit2.o(.ARM.Collect$$rtexit$$00000003)
    __rt_exit_prels_1                        0x000001b9   Thumb Code     0  rtexit2.o(.ARM.Collect$$rtexit$$00000002)
    __rt_exit_exit                           0x000001bd   Thumb Code     0  rtexit2.o(.ARM.Collect$$rtexit$$00000004)
    __aeabi_memcpy4                          0x000001c5   Thumb Code    56  rt_memcpy.o(.emb_text)
    __aeabi_memcpy8                          0x000001c5   Thumb Code     0  rt_memcpy.o(.emb_text)
    Reset_Handler                            0x000001fd   Thumb Code     4  startup_mspm0g350x_uvision.o(.text)
    NMI_Handler                              0x00000201   Thumb Code     2  startup_mspm0g350x_uvision.o(.text)
    HardFault_Handler                        0x00000203   Thumb Code     2  startup_mspm0g350x_uvision.o(.text)
    SVC_Handler                              0x00000205   Thumb Code     2  startup_mspm0g350x_uvision.o(.text)
    PendSV_Handler                           0x00000207   Thumb Code     2  startup_mspm0g350x_uvision.o(.text)
    ADC0_IRQHandler                          0x0000020b   Thumb Code     0  startup_mspm0g350x_uvision.o(.text)
    ADC1_IRQHandler                          0x0000020b   Thumb Code     0  startup_mspm0g350x_uvision.o(.text)
    AES_IRQHandler                           0x0000020b   Thumb Code     0  startup_mspm0g350x_uvision.o(.text)
    CANFD0_IRQHandler                        0x0000020b   Thumb Code     0  startup_mspm0g350x_uvision.o(.text)
    DAC0_IRQHandler                          0x0000020b   Thumb Code     0  startup_mspm0g350x_uvision.o(.text)
    DMA_IRQHandler                           0x0000020b   Thumb Code     0  startup_mspm0g350x_uvision.o(.text)
    Default_Handler                          0x0000020b   Thumb Code     2  startup_mspm0g350x_uvision.o(.text)
    GROUP0_IRQHandler                        0x0000020b   Thumb Code     0  startup_mspm0g350x_uvision.o(.text)
    I2C0_IRQHandler                          0x0000020b   Thumb Code     0  startup_mspm0g350x_uvision.o(.text)
    I2C1_IRQHandler                          0x0000020b   Thumb Code     0  startup_mspm0g350x_uvision.o(.text)
    RTC_IRQHandler                           0x0000020b   Thumb Code     0  startup_mspm0g350x_uvision.o(.text)
    SPI0_IRQHandler                          0x0000020b   Thumb Code     0  startup_mspm0g350x_uvision.o(.text)
    SPI1_IRQHandler                          0x0000020b   Thumb Code     0  startup_mspm0g350x_uvision.o(.text)
    TIMA0_IRQHandler                         0x0000020b   Thumb Code     0  startup_mspm0g350x_uvision.o(.text)
    TIMA1_IRQHandler                         0x0000020b   Thumb Code     0  startup_mspm0g350x_uvision.o(.text)
    TIMG0_IRQHandler                         0x0000020b   Thumb Code     0  startup_mspm0g350x_uvision.o(.text)
    TIMG12_IRQHandler                        0x0000020b   Thumb Code     0  startup_mspm0g350x_uvision.o(.text)
    TIMG6_IRQHandler                         0x0000020b   Thumb Code     0  startup_mspm0g350x_uvision.o(.text)
    TIMG7_IRQHandler                         0x0000020b   Thumb Code     0  startup_mspm0g350x_uvision.o(.text)
    TIMG8_IRQHandler                         0x0000020b   Thumb Code     0  startup_mspm0g350x_uvision.o(.text)
    UART0_IRQHandler                         0x0000020b   Thumb Code     0  startup_mspm0g350x_uvision.o(.text)
    UART1_IRQHandler                         0x0000020b   Thumb Code     0  startup_mspm0g350x_uvision.o(.text)
    UART2_IRQHandler                         0x0000020b   Thumb Code     0  startup_mspm0g350x_uvision.o(.text)
    UART3_IRQHandler                         0x0000020b   Thumb Code     0  startup_mspm0g350x_uvision.o(.text)
    __user_initial_stackheap                 0x0000020d   Thumb Code    10  startup_mspm0g350x_uvision.o(.text)
    __2snprintf                              0x00000229   Thumb Code    60  noretval__2snprintf.o(.text)
    _printf_pre_padding                      0x00000269   Thumb Code    44  _printf_pad.o(.text)
    _printf_post_padding                     0x00000295   Thumb Code    34  _printf_pad.o(.text)
    _printf_str                              0x000002b7   Thumb Code    82  _printf_str.o(.text)
    _printf_int_dec                          0x00000309   Thumb Code    90  _printf_dec.o(.text)
    _printf_int_hex                          0x00000375   Thumb Code    84  _printf_hex_int.o(.text)
    _printf_longlong_hex                     0x00000375   Thumb Code     0  _printf_hex_int.o(.text)
    __printf                                 0x000003cd   Thumb Code   386  __printf_flags_ss_wp.o(.text)
    memcmp                                   0x00000555   Thumb Code    90  memcmp.o(.text)
    __aeabi_memcpy                           0x000005af   Thumb Code   130  rt_memcpy.o(.text)
    __rt_memcpy                              0x000005af   Thumb Code     0  rt_memcpy.o(.text)
    __aeabi_memset                           0x00000631   Thumb Code    18  aeabi_memset.o(.text)
    _memset_w                                0x00000643   Thumb Code    26  rt_memclr.o(.text)
    _memset                                  0x0000065d   Thumb Code    30  rt_memclr.o(.text)
    __aeabi_memclr                           0x0000067b   Thumb Code     4  rt_memclr.o(.text)
    __rt_memclr                              0x0000067b   Thumb Code     0  rt_memclr.o(.text)
    __aeabi_memclr4                          0x0000067f   Thumb Code     0  rt_memclr.o(.text)
    __aeabi_memclr8                          0x0000067f   Thumb Code     0  rt_memclr.o(.text)
    __rt_memclr_w                            0x0000067f   Thumb Code     4  rt_memclr.o(.text)
    strncpy                                  0x00000685   Thumb Code   104  strncpy.o(.text)
    __aeabi_uidivmod                         0x000006f1   Thumb Code    28  aeabi_sdivfast.o(.text)
    __aeabi_idivmod                          0x0000070d   Thumb Code   472  aeabi_sdivfast.o(.text)
    __use_two_region_memory                  0x000008e9   Thumb Code     2  heapauxi.o(.text)
    __rt_heap_escrow$2region                 0x000008eb   Thumb Code     2  heapauxi.o(.text)
    __rt_heap_expand$2region                 0x000008ed   Thumb Code     2  heapauxi.o(.text)
    __aeabi_fdiv                             0x000008f1   Thumb Code     0  fdiv.o(.text)
    __divsf3                                 0x000008f1   Thumb Code     0  fdiv.o(.text)
    _fdiv                                    0x000008f1   Thumb Code   334  fdiv.o(.text)
    _frdiv                                   0x00000a3f   Thumb Code     8  fdiv.o(.text)
    __aeabi_f2iz                             0x00000a51   Thumb Code     0  ffixi.o(.text)
    _ffix                                    0x00000a51   Thumb Code    76  ffixi.o(.text)
    __aeabi_i2f_normalise                    0x00000a9d   Thumb Code    72  fflti.o(.text)
    __aeabi_i2f                              0x00000ae5   Thumb Code    16  fflti.o(.text)
    _fflt                                    0x00000ae5   Thumb Code     0  fflti.o(.text)
    __aeabi_ui2f                             0x00000af5   Thumb Code     6  fflti.o(.text)
    _ffltu                                   0x00000af5   Thumb Code     0  fflti.o(.text)
    _printf_int_common                       0x00000afb   Thumb Code   176  _printf_intcommon.o(.text)
    _printf_char_common                      0x00000bb7   Thumb Code    32  _printf_char_common.o(.text)
    _snputc                                  0x00000bdd   Thumb Code    16  _snputc.o(.text)
    _printf_cs_common                        0x00000bed   Thumb Code    22  _printf_char.o(.text)
    _printf_char                             0x00000c03   Thumb Code    16  _printf_char.o(.text)
    _printf_string                           0x00000c13   Thumb Code     8  _printf_char.o(.text)
    __rt_udiv10                              0x00000c1b   Thumb Code    40  rtudiv10.o(.text)
    __fpl_fcmp_InfNaN                        0x00000c45   Thumb Code    96  fcmpin.o(.text)
    __user_libspace                          0x00000ca9   Thumb Code     8  libspace.o(.text)
    __user_perproc_libspace                  0x00000ca9   Thumb Code     0  libspace.o(.text)
    __user_perthread_libspace                0x00000ca9   Thumb Code     0  libspace.o(.text)
    __user_setup_stackheap                   0x00000cb1   Thumb Code    62  sys_stackheap_outer.o(.text)
    exit                                     0x00000cef   Thumb Code    16  exit.o(.text)
    __fpl_cmpreturn                          0x00000cff   Thumb Code    46  cmpret.o(.text)
    __fpl_fcheck_NaN2                        0x00000d2d   Thumb Code    10  fnan2.o(.text)
    __fpl_return_NaN                         0x00000d3d   Thumb Code    94  retnan.o(.text)
    _sys_exit                                0x00000d9d   Thumb Code     8  sys_exit.o(.text)
    __I$use$semihosting                      0x00000da9   Thumb Code     0  use_no_semi.o(.text)
    __use_no_semihosting_swi                 0x00000da9   Thumb Code     2  use_no_semi.o(.text)
    __semihosting_library_function           0x00000dab   Thumb Code     0  indicate_semi.o(.text)
    AppScheduler_Init                        0x00000dad   Thumb Code    92  app_scheduler.o(.text.AppScheduler_Init)
    AppScheduler_Register                    0x00000e09   Thumb Code   124  app_scheduler.o(.text.AppScheduler_Register)
    AppScheduler_Run                         0x00000e85   Thumb Code   144  app_scheduler.o(.text.AppScheduler_Run)
    AppSystem_Init                           0x0000102d   Thumb Code   124  app_system.o(.text.AppSystem_Init)
    AppSystem_Run                            0x000010c5   Thumb Code     8  app_system.o(.text.AppSystem_Run)
    AppTick_GetMs                            0x000010cd   Thumb Code     8  apptick.o(.text.AppTick_GetMs)
    AppTick_Init                             0x000010d5   Thumb Code    36  apptick.o(.text.AppTick_Init)
    AppTick_IrqHandler                       0x00001105   Thumb Code    12  apptick.o(.text.AppTick_IrqHandler)
    AppTick_IsExpired                        0x00001111   Thumb Code    20  apptick.o(.text.AppTick_IsExpired)
    BehaviorMotion_ArcByRadius               0x00001129   Thumb Code    36  behavior_motion.o(.text.BehaviorMotion_ArcByRadius)
    BehaviorMotion_ArcToHeading              0x0000114d   Thumb Code    40  behavior_motion.o(.text.BehaviorMotion_ArcToHeading)
    BehaviorMotion_GetCommand                0x00001175   Thumb Code    20  behavior_motion.o(.text.BehaviorMotion_GetCommand)
    BehaviorMotion_GetName                   0x00001189   Thumb Code    68  behavior_motion.o(.text.BehaviorMotion_GetName)
    BehaviorMotion_Init                      0x00001229   Thumb Code    20  behavior_motion.o(.text.BehaviorMotion_Init)
    BehaviorMotion_LineFollow                0x0000123d   Thumb Code    36  behavior_motion.o(.text.BehaviorMotion_LineFollow)
    BehaviorMotion_OpenLoop                  0x00001261   Thumb Code    28  behavior_motion.o(.text.BehaviorMotion_OpenLoop)
    BehaviorMotion_SpeedHold                 0x0000127d   Thumb Code    32  behavior_motion.o(.text.BehaviorMotion_SpeedHold)
    BehaviorMotion_Stop                      0x0000129d   Thumb Code    20  behavior_motion.o(.text.BehaviorMotion_Stop)
    BehaviorMotion_Straight                  0x000012b1   Thumb Code    36  behavior_motion.o(.text.BehaviorMotion_Straight)
    BehaviorMotion_StraightDistance          0x000012d5   Thumb Code    44  behavior_motion.o(.text.BehaviorMotion_StraightDistance)
    BehaviorMotion_StraightDistanceToHeading 0x00001301   Thumb Code    44  behavior_motion.o(.text.BehaviorMotion_StraightDistanceToHeading)
    BehaviorMotion_Turn                      0x0000132d   Thumb Code    28  behavior_motion.o(.text.BehaviorMotion_Turn)
    BehaviorMotion_TurnToHeading             0x00001349   Thumb Code    28  behavior_motion.o(.text.BehaviorMotion_TurnToHeading)
    Buzzer_Init                              0x00001369   Thumb Code    20  buzzer.o(.text.Buzzer_Init)
    Buzzer_Play                              0x00001381   Thumb Code   144  buzzer.o(.text.Buzzer_Play)
    Buzzer_Tick1ms                           0x00001415   Thumb Code    76  buzzer.o(.text.Buzzer_Tick1ms)
    DL_Common_delayCycles                    0x00001469   Thumb Code    10  dl_common.o(.text.DL_Common_delayCycles)
    DL_Timer_initFourCCPWMMode               0x00001475   Thumb Code   272  dl_timer.o(.text.DL_Timer_initFourCCPWMMode)
    DL_Timer_setCaptureCompareValue          0x00001585   Thumb Code    16  dl_timer.o(.text.DL_Timer_setCaptureCompareValue)
    DL_Timer_setClockConfig                  0x00001595   Thumb Code    28  dl_timer.o(.text.DL_Timer_setClockConfig)
    DL_UART_init                             0x000015b1   Thumb Code    72  dl_uart.o(.text.DL_UART_init)
    DL_UART_setClockConfig                   0x000015f9   Thumb Code    18  dl_uart.o(.text.DL_UART_setClockConfig)
    Delay_us                                 0x0000160b   Thumb Code    20  delay.o(.text.Delay_us)
    DeviceCenter_GetSnapshot                 0x00001621   Thumb Code    16  device_center.o(.text.DeviceCenter_GetSnapshot)
    DeviceCenter_Init                        0x00001631   Thumb Code   128  device_center.o(.text.DeviceCenter_Init)
    DeviceCenter_PlayConfirm                 0x000016b5   Thumb Code    10  device_center.o(.text.DeviceCenter_PlayConfirm)
    DeviceCenter_PlayStartup                 0x000016bf   Thumb Code    10  device_center.o(.text.DeviceCenter_PlayStartup)
    DeviceCenter_ResetOdometry               0x000016c9   Thumb Code    92  device_center.o(.text.DeviceCenter_ResetOdometry)
    DeviceCenter_SetRgb                      0x0000173d   Thumb Code    24  device_center.o(.text.DeviceCenter_SetRgb)
    DeviceCenter_Tick10ms                    0x00001759   Thumb Code  1616  device_center.o(.text.DeviceCenter_Tick10ms)
    DeviceGyro_GetSnapshot                   0x00001ddd   Thumb Code    20  device_gyro.o(.text.DeviceGyro_GetSnapshot)
    DeviceGyro_Init                          0x00001df1   Thumb Code   480  device_gyro.o(.text.DeviceGyro_Init)
    DeviceGyro_ResetHeading                  0x000020fd   Thumb Code    28  device_gyro.o(.text.DeviceGyro_ResetHeading)
    DeviceGyro_Tick10ms                      0x000021e5   Thumb Code  2168  device_gyro.o(.text.DeviceGyro_Tick10ms)
    DeviceTrackSensor_GetSnapshot            0x00002b81   Thumb Code    16  device_track_sensor.o(.text.DeviceTrackSensor_GetSnapshot)
    DeviceTrackSensor_Init                   0x00002b91   Thumb Code    80  device_track_sensor.o(.text.DeviceTrackSensor_Init)
    DeviceTrackSensor_Tick10ms               0x00002be1   Thumb Code    52  device_track_sensor.o(.text.DeviceTrackSensor_Tick10ms)
    GROUP1_IRQHandler                        0x00002d2d   Thumb Code   280  hal_chassis.o(.text.GROUP1_IRQHandler)
    HalBoard_InitInputPullup                 0x000035f9   Thumb Code    16  hal_board.o(.text.HalBoard_InitInputPullup)
    HalBoard_InitOutput                      0x0000360d   Thumb Code    36  hal_board.o(.text.HalBoard_InitOutput)
    HalBoard_InitPeripheralInput             0x00003635   Thumb Code    20  hal_board.o(.text.HalBoard_InitPeripheralInput)
    HalBoard_InitPeripheralOutput            0x0000364d   Thumb Code    20  hal_board.o(.text.HalBoard_InitPeripheralOutput)
    HalBoard_ReadPin                         0x00003665   Thumb Code    24  hal_board.o(.text.HalBoard_ReadPin)
    HalBoard_WritePin                        0x0000367d   Thumb Code    20  hal_board.o(.text.HalBoard_WritePin)
    HalChassis_GetEncoderState               0x00003695   Thumb Code    28  hal_chassis.o(.text.HalChassis_GetEncoderState)
    HalChassis_GetMotorState                 0x000036b1   Thumb Code    16  hal_chassis.o(.text.HalChassis_GetMotorState)
    HalChassis_Init                          0x000036c1   Thumb Code   552  hal_chassis.o(.text.HalChassis_Init)
    HalChassis_Service1ms                    0x00003965   Thumb Code     2  hal_chassis.o(.text.HalChassis_Service1ms)
    HalChassis_SetRgb                        0x00003967   Thumb Code     2  hal_chassis.o(.text.HalChassis_SetRgb)
    HalChassis_SetWheelDuty                  0x00003969   Thumb Code   620  hal_chassis.o(.text.HalChassis_SetWheelDuty)
    HalChassis_Tick10ms                      0x00003cfd   Thumb Code    24  hal_chassis.o(.text.HalChassis_Tick10ms)
    InteractionService_ClosePage             0x00003d1d   Thumb Code    28  interaction_service.o(.text.InteractionService_ClosePage)
    InteractionService_FetchPage             0x00003d39   Thumb Code    44  interaction_service.o(.text.InteractionService_FetchPage)
    InteractionService_GetCurrentAction      0x00003d65   Thumb Code     8  interaction_service.o(.text.InteractionService_GetCurrentAction)
    InteractionService_Init                  0x00003d6d   Thumb Code    12  interaction_service.o(.text.InteractionService_Init)
    InteractionService_RequestAction         0x0000402d   Thumb Code    84  interaction_service.o(.text.InteractionService_RequestAction)
    InteractionService_SettingsAdjust        0x00004515   Thumb Code   436  interaction_service.o(.text.InteractionService_SettingsAdjust)
    InteractionService_SettingsNext          0x00004711   Thumb Code    56  interaction_service.o(.text.InteractionService_SettingsNext)
    InteractionService_Tick50ms              0x00004751   Thumb Code    36  interaction_service.o(.text.InteractionService_Tick50ms)
    MenuApp_Init                             0x00005891   Thumb Code   456  menu_app.o(.text.MenuApp_Init)
    MenuApp_IsPageActive                     0x00005be1   Thumb Code     8  menu_app.o(.text.MenuApp_IsPageActive)
    MenuApp_Tick                             0x00005c59   Thumb Code   288  menu_app.o(.text.MenuApp_Tick)
    MenuPort_GetKey                          0x00005d81   Thumb Code   304  menu_port.o(.text.MenuPort_GetKey)
    MenuPort_Init                            0x00005eb5   Thumb Code    52  menu_port.o(.text.MenuPort_Init)
    MenuPort_Render                          0x00005ee9   Thumb Code   392  menu_port.o(.text.MenuPort_Render)
    MenuPort_SuppressUntilRelease            0x00006075   Thumb Code    32  menu_port.o(.text.MenuPort_SuppressUntilRelease)
    MenuPort_Tick                            0x000060a9   Thumb Code    74  menu_port.o(.text.MenuPort_Tick)
    Menu_Back                                0x000060f3   Thumb Code   306  menu.o(.text.Menu_Back)
    Menu_Down                                0x00006225   Thumb Code   418  menu.o(.text.Menu_Down)
    Menu_Enter                               0x000063c7   Thumb Code   292  menu.o(.text.Menu_Enter)
    Menu_Init                                0x000064eb   Thumb Code    96  menu.o(.text.Menu_Init)
    Menu_Up                                  0x0000654b   Thumb Code   326  menu.o(.text.Menu_Up)
    MotionControl_GetStatus                  0x00006691   Thumb Code    16  motion_control.o(.text.MotionControl_GetStatus)
    MotionControl_Init                       0x000066a1   Thumb Code   276  motion_control.o(.text.MotionControl_Init)
    MotionControl_Tick10ms                   0x00006815   Thumb Code  4448  motion_control.o(.text.MotionControl_Tick10ms)
    OLED_Clear                               0x000079ad   Thumb Code    16  oled.o(.text.OLED_Clear)
    OLED_I2C_SendByte                        0x000079bd   Thumb Code   340  oled.o(.text.OLED_I2C_SendByte)
    OLED_Init                                0x00007b11   Thumb Code   180  oled.o(.text.OLED_Init)
    OLED_ShowImage                           0x00007bd1   Thumb Code   684  oled.o(.text.OLED_ShowImage)
    OLED_ShowString                          0x00007e81   Thumb Code   140  oled.o(.text.OLED_ShowString)
    OLED_ShowString_Reverse                  0x00007f11   Thumb Code   276  oled.o(.text.OLED_ShowString_Reverse)
    OLED_Update                              0x00008031   Thumb Code   256  oled.o(.text.OLED_Update)
    OLED_WriteCommand                        0x00008135   Thumb Code   100  oled.o(.text.OLED_WriteCommand)
    OLED_WriteData                           0x00008199   Thumb Code   128  oled.o(.text.OLED_WriteData)
    Pid_Init                                 0x00008221   Thumb Code    22  pid.o(.text.Pid_Init)
    Pid_Reset                                0x00008237   Thumb Code    12  pid.o(.text.Pid_Reset)
    Pid_Update                               0x00008243   Thumb Code   158  pid.o(.text.Pid_Update)
    SYSCFG_DL_GPIO_init                      0x000082e1   Thumb Code    56  ti_msp_dl_config.o(.text.SYSCFG_DL_GPIO_init)
    SYSCFG_DL_SYSCTL_init                    0x0000832d   Thumb Code    56  ti_msp_dl_config.o(.text.SYSCFG_DL_SYSCTL_init)
    SYSCFG_DL_UART_0_init                    0x0000836d   Thumb Code    76  ti_msp_dl_config.o(.text.SYSCFG_DL_UART_0_init)
    SYSCFG_DL_init                           0x000083c9   Thumb Code    20  ti_msp_dl_config.o(.text.SYSCFG_DL_init)
    SYSCFG_DL_initPower                      0x000083dd   Thumb Code    32  ti_msp_dl_config.o(.text.SYSCFG_DL_initPower)
    Serial_Init                              0x00008409   Thumb Code   140  serial.o(.text.Serial_Init)
    Serial_Printf                            0x000086c1   Thumb Code   904  serial.o(.text.Serial_Printf)
    Serial_Tick1ms                           0x00008a4d   Thumb Code   116  serial.o(.text.Serial_Tick1ms)
    SysTick_Handler                          0x00008ad1   Thumb Code    12  empty.o(.text.SysTick_Handler)
    TaskService_CancelCurrent                0x00008add   Thumb Code    52  task_service.o(.text.TaskService_CancelCurrent)
    TaskService_Enqueue                      0x00008b25   Thumb Code   164  task_service.o(.text.TaskService_Enqueue)
    TaskService_GetActionName                0x00008bc9   Thumb Code    20  task_service.o(.text.TaskService_GetActionName)
    TaskService_GetStageName                 0x00008c1d   Thumb Code    20  task_service.o(.text.TaskService_GetStageName)
    TaskService_GetStatus                    0x00008c41   Thumb Code    16  task_service.o(.text.TaskService_GetStatus)
    TaskService_Init                         0x00008c51   Thumb Code    28  task_service.o(.text.TaskService_Init)
    TaskService_Tick10ms                     0x0000935d   Thumb Code  4652  task_service.o(.text.TaskService_Tick10ms)
    main                                     0x0000a665   Thumb Code    60  empty.o(.text.main)
    __aeabi_uidiv                            0x0000a6a9   Thumb Code    68  aeabi_sdivfast.o(.text_divfast)
    __aeabi_idiv                             0x0000a6ed   Thumb Code   434  aeabi_sdivfast.o(.text_divfast)
    __aeabi_fcmpeq                           0x0000a89f   Thumb Code     0  fcmp.o(i._feq)
    _feq                                     0x0000a89f   Thumb Code    22  fcmp.o(i._feq)
    __aeabi_fcmpge                           0x0000a8b5   Thumb Code     0  fcmp.o(i._fgeq)
    _fgeq                                    0x0000a8b5   Thumb Code    22  fcmp.o(i._fgeq)
    __aeabi_fcmpgt                           0x0000a8cb   Thumb Code     0  fcmp.o(i._fgr)
    _fgr                                     0x0000a8cb   Thumb Code    22  fcmp.o(i._fgr)
    __aeabi_fcmple                           0x0000a8e1   Thumb Code     0  fcmp.o(i._fleq)
    _fleq                                    0x0000a8e1   Thumb Code    26  fcmp.o(i._fleq)
    __aeabi_fcmplt                           0x0000a8fb   Thumb Code     0  fcmp.o(i._fls)
    _fls                                     0x0000a8fb   Thumb Code    22  fcmp.o(i._fls)
    _is_digit                                0x0000a911   Thumb Code    14  __printf_wp.o(i._is_digit)
    __aeabi_fadd                             0x0000a921   Thumb Code     0  faddsub.o(x$fpl$fadd)
    _fadd                                    0x0000a921   Thumb Code   134  faddsub.o(x$fpl$fadd)
    __aeabi_cfcmpeq                          0x0000a9ad   Thumb Code     0  feqf.o(x$fpl$feqf)
    _fcmpeq                                  0x0000a9ad   Thumb Code    78  feqf.o(x$fpl$feqf)
    _fcmpge                                  0x0000aa01   Thumb Code    78  fgef.o(x$fpl$fgeqf)
    __aeabi_cfcmple                          0x0000aa55   Thumb Code     0  flef.o(x$fpl$fleqf)
    _fcmple                                  0x0000aa55   Thumb Code    78  flef.o(x$fpl$fleqf)
    __aeabi_fmul                             0x0000aaa9   Thumb Code     0  fmul.o(x$fpl$fmul)
    _fmul                                    0x0000aaa9   Thumb Code   172  fmul.o(x$fpl$fmul)
    __aeabi_fsub                             0x0000ab59   Thumb Code     0  faddsub.o(x$fpl$fsub)
    _fsub                                    0x0000ab59   Thumb Code   204  faddsub.o(x$fpl$fsub)
    __I$use$fp                               0x0000ac28   Number         0  usenofp.o(x$fpl$usenofp)
    OLED_F6x8                                0x0000ad94   Data         570  oled_data.o(.rodata.OLED_F6x8)
    OLED_F8x16                               0x0000afce   Data        1520  oled_data.o(.rodata.OLED_F8x16)
    Region$$Table$$Base                      0x0000dba0   Number         0  anon$$obj.o(Region$$Table)
    Region$$Table$$Limit                     0x0000dbc0   Number         0  anon$$obj.o(Region$$Table)
    g_app_arc_test_angle_deg10               0x20200000   Data           2  app_system.o(.data.g_app_arc_test_angle_deg10)
    g_app_arc_test_radius_mm                 0x20200002   Data           2  app_system.o(.data.g_app_arc_test_radius_mm)
    g_app_arc_test_speed_mmps                0x20200004   Data           2  app_system.o(.data.g_app_arc_test_speed_mmps)
    g_app_route_segment1_mm                  0x20200008   Data           4  app_system.o(.data.g_app_route_segment1_mm)
    g_app_route_segment2_mm                  0x2020000c   Data           4  app_system.o(.data.g_app_route_segment2_mm)
    g_app_route_segment3_mm                  0x20200010   Data           4  app_system.o(.data.g_app_route_segment3_mm)
    g_app_route_test_speed_mmps              0x20200014   Data           2  app_system.o(.data.g_app_route_test_speed_mmps)
    g_app_route_turn_angle_deg10             0x20200016   Data           2  app_system.o(.data.g_app_route_turn_angle_deg10)
    g_app_route_turn_done_hold_cycles        0x20200018   Data           1  app_system.o(.data.g_app_route_turn_done_hold_cycles)
    g_app_route_turn_done_yaw_abs_mdps       0x2020001a   Data           2  app_system.o(.data.g_app_route_turn_done_yaw_abs_mdps)
    g_app_route_turn_entry_lead_mm           0x2020001c   Data           2  app_system.o(.data.g_app_route_turn_entry_lead_mm)
    g_app_straight_side_bias_x10             0x2020001e   Data           2  app_system.o(.data.g_app_straight_side_bias_x10)
    g_app_turn_exit_boost_mmps               0x20200020   Data           2  app_system.o(.data.g_app_turn_exit_boost_mmps)
    g_app_turn_exit_boost_ticks              0x20200022   Data           1  app_system.o(.data.g_app_turn_exit_boost_ticks)
    __libspace_start                         0x20200028   Data          96  libspace.o(.bss)
    __temporary_stack_top$libspace           0x20200088   Data           0  libspace.o(.bss)
    OLED_DisplayBuf                          0x20200090   Data        1024  oled.o(.bss.OLED_DisplayBuf)
    Serial_RxData                            0x20200490   Data           1  serial.o(.bss.Serial_RxData)
    Serial_RxFlag                            0x20200491   Data           1  serial.o(.bss.Serial_RxFlag)
    g_Menu                                   0x20200494   Data          12  menu_app.o(.bss.g_Menu)
    main_menu_1                              0x20200aa0   Data          24  menu_app.o(.bss.main_menu_1)



==============================================================================

Memory Map of the image

  Image Entry point : 0x000000c1

  Load Region LR_IROM1 (Base: 0x00000000, Size: 0x0000dbe8, Max: 0x00020000, ABSOLUTE)

    Execution Region ER_IROM1 (Exec base: 0x00000000, Load base: 0x00000000, Size: 0x0000dbc0, Max: 0x00020000, ABSOLUTE)

    Exec Addr    Load Addr    Size         Type   Attr      Idx    E Section Name        Object

    0x00000000   0x00000000   0x000000c0   Data   RO           15    RESET               startup_mspm0g350x_uvision.o
    0x000000c0   0x000000c0   0x00000008   Code   RO          981  * !!!main             c_p.l(__main.o)
    0x000000c8   0x000000c8   0x00000054   Code   RO         1317    !!!scatter          c_p.l(__scatter.o)
    0x0000011c   0x0000011c   0x00000004   PAD
    0x00000120   0x00000120   0x0000001a   Code   RO         1321    !!handler_copy      c_p.l(__scatter_copy.o)
    0x0000013a   0x0000013a   0x00000006   PAD
    0x00000140   0x00000140   0x00000002   Code   RO         1318    !!handler_null      c_p.l(__scatter.o)
    0x00000142   0x00000142   0x00000006   PAD
    0x00000148   0x00000148   0x0000001c   Code   RO         1323    !!handler_zi        c_p.l(__scatter_zi.o)
    0x00000164   0x00000164   0x00000002   Code   RO          956    .ARM.Collect$$_printf_percent$$00000000  c_p.l(_printf_percent.o)
    0x00000166   0x00000166   0x0000000a   Code   RO          954    .ARM.Collect$$_printf_percent$$00000009  c_p.l(_printf_d.o)
    0x00000170   0x00000170   0x0000000a   Code   RO          955    .ARM.Collect$$_printf_percent$$0000000A  c_p.l(_printf_u.o)
    0x0000017a   0x0000017a   0x0000000a   Code   RO          953    .ARM.Collect$$_printf_percent$$0000000C  c_p.l(_printf_x.o)
    0x00000184   0x00000184   0x0000000a   Code   RO          951    .ARM.Collect$$_printf_percent$$00000013  c_p.l(_printf_c.o)
    0x0000018e   0x0000018e   0x0000000a   Code   RO          952    .ARM.Collect$$_printf_percent$$00000014  c_p.l(_printf_s.o)
    0x00000198   0x00000198   0x00000004   Code   RO         1082    .ARM.Collect$$_printf_percent$$00000017  c_p.l(_printf_percent_end.o)
    0x0000019c   0x0000019c   0x00000002   Code   RO         1173    .ARM.Collect$$libinit$$00000000  c_p.l(libinit.o)
    0x0000019e   0x0000019e   0x00000000   Code   RO         1190    .ARM.Collect$$libinit$$00000002  c_p.l(libinit2.o)
    0x0000019e   0x0000019e   0x00000000   Code   RO         1192    .ARM.Collect$$libinit$$00000004  c_p.l(libinit2.o)
    0x0000019e   0x0000019e   0x00000000   Code   RO         1194    .ARM.Collect$$libinit$$00000006  c_p.l(libinit2.o)
    0x0000019e   0x0000019e   0x00000000   Code   RO         1197    .ARM.Collect$$libinit$$0000000C  c_p.l(libinit2.o)
    0x0000019e   0x0000019e   0x00000000   Code   RO         1199    .ARM.Collect$$libinit$$0000000E  c_p.l(libinit2.o)
    0x0000019e   0x0000019e   0x00000000   Code   RO         1201    .ARM.Collect$$libinit$$00000010  c_p.l(libinit2.o)
    0x0000019e   0x0000019e   0x00000000   Code   RO         1204    .ARM.Collect$$libinit$$00000013  c_p.l(libinit2.o)
    0x0000019e   0x0000019e   0x00000000   Code   RO         1206    .ARM.Collect$$libinit$$00000015  c_p.l(libinit2.o)
    0x0000019e   0x0000019e   0x00000000   Code   RO         1208    .ARM.Collect$$libinit$$00000017  c_p.l(libinit2.o)
    0x0000019e   0x0000019e   0x00000000   Code   RO         1210    .ARM.Collect$$libinit$$00000019  c_p.l(libinit2.o)
    0x0000019e   0x0000019e   0x00000000   Code   RO         1212    .ARM.Collect$$libinit$$0000001B  c_p.l(libinit2.o)
    0x0000019e   0x0000019e   0x00000000   Code   RO         1214    .ARM.Collect$$libinit$$0000001D  c_p.l(libinit2.o)
    0x0000019e   0x0000019e   0x00000000   Code   RO         1216    .ARM.Collect$$libinit$$0000001F  c_p.l(libinit2.o)
    0x0000019e   0x0000019e   0x00000000   Code   RO         1218    .ARM.Collect$$libinit$$00000021  c_p.l(libinit2.o)
    0x0000019e   0x0000019e   0x00000000   Code   RO         1220    .ARM.Collect$$libinit$$00000023  c_p.l(libinit2.o)
    0x0000019e   0x0000019e   0x00000000   Code   RO         1222    .ARM.Collect$$libinit$$00000025  c_p.l(libinit2.o)
    0x0000019e   0x0000019e   0x00000000   Code   RO         1224    .ARM.Collect$$libinit$$00000027  c_p.l(libinit2.o)
    0x0000019e   0x0000019e   0x00000000   Code   RO         1228    .ARM.Collect$$libinit$$0000002E  c_p.l(libinit2.o)
    0x0000019e   0x0000019e   0x00000000   Code   RO         1230    .ARM.Collect$$libinit$$00000030  c_p.l(libinit2.o)
    0x0000019e   0x0000019e   0x00000000   Code   RO         1232    .ARM.Collect$$libinit$$00000032  c_p.l(libinit2.o)
    0x0000019e   0x0000019e   0x00000000   Code   RO         1234    .ARM.Collect$$libinit$$00000034  c_p.l(libinit2.o)
    0x0000019e   0x0000019e   0x00000002   Code   RO         1235    .ARM.Collect$$libinit$$00000035  c_p.l(libinit2.o)
    0x000001a0   0x000001a0   0x00000002   Code   RO         1272    .ARM.Collect$$libshutdown$$00000000  c_p.l(libshutdown.o)
    0x000001a2   0x000001a2   0x00000000   Code   RO         1300    .ARM.Collect$$libshutdown$$00000002  c_p.l(libshutdown2.o)
    0x000001a2   0x000001a2   0x00000000   Code   RO         1302    .ARM.Collect$$libshutdown$$00000004  c_p.l(libshutdown2.o)
    0x000001a2   0x000001a2   0x00000000   Code   RO         1305    .ARM.Collect$$libshutdown$$00000007  c_p.l(libshutdown2.o)
    0x000001a2   0x000001a2   0x00000000   Code   RO         1308    .ARM.Collect$$libshutdown$$0000000A  c_p.l(libshutdown2.o)
    0x000001a2   0x000001a2   0x00000000   Code   RO         1310    .ARM.Collect$$libshutdown$$0000000C  c_p.l(libshutdown2.o)
    0x000001a2   0x000001a2   0x00000000   Code   RO         1313    .ARM.Collect$$libshutdown$$0000000F  c_p.l(libshutdown2.o)
    0x000001a2   0x000001a2   0x00000002   Code   RO         1314    .ARM.Collect$$libshutdown$$00000010  c_p.l(libshutdown2.o)
    0x000001a4   0x000001a4   0x00000000   Code   RO         1067    .ARM.Collect$$rtentry$$00000000  c_p.l(__rtentry.o)
    0x000001a4   0x000001a4   0x00000000   Code   RO         1123    .ARM.Collect$$rtentry$$00000002  c_p.l(__rtentry2.o)
    0x000001a4   0x000001a4   0x00000006   Code   RO         1135    .ARM.Collect$$rtentry$$00000004  c_p.l(__rtentry4.o)
    0x000001aa   0x000001aa   0x00000000   Code   RO         1125    .ARM.Collect$$rtentry$$00000009  c_p.l(__rtentry2.o)
    0x000001aa   0x000001aa   0x00000004   Code   RO         1126    .ARM.Collect$$rtentry$$0000000A  c_p.l(__rtentry2.o)
    0x000001ae   0x000001ae   0x00000000   Code   RO         1128    .ARM.Collect$$rtentry$$0000000C  c_p.l(__rtentry2.o)
    0x000001ae   0x000001ae   0x00000008   Code   RO         1129    .ARM.Collect$$rtentry$$0000000D  c_p.l(__rtentry2.o)
    0x000001b6   0x000001b6   0x00000002   Code   RO         1181    .ARM.Collect$$rtexit$$00000000  c_p.l(rtexit.o)
    0x000001b8   0x000001b8   0x00000000   Code   RO         1243    .ARM.Collect$$rtexit$$00000002  c_p.l(rtexit2.o)
    0x000001b8   0x000001b8   0x00000004   Code   RO         1244    .ARM.Collect$$rtexit$$00000003  c_p.l(rtexit2.o)
    0x000001bc   0x000001bc   0x00000006   Code   RO         1245    .ARM.Collect$$rtexit$$00000004  c_p.l(rtexit2.o)
    0x000001c2   0x000001c2   0x00000002   PAD
    0x000001c4   0x000001c4   0x00000038   Code   RO          959    .emb_text           c_p.l(rt_memcpy.o)
    0x000001fc   0x000001fc   0x0000002c   Code   RO           16    .text               startup_mspm0g350x_uvision.o
    0x00000228   0x00000228   0x00000040   Code   RO          900    .text               c_p.l(noretval__2snprintf.o)
    0x00000268   0x00000268   0x0000004e   Code   RO          904    .text               c_p.l(_printf_pad.o)
    0x000002b6   0x000002b6   0x00000052   Code   RO          906    .text               c_p.l(_printf_str.o)
    0x00000308   0x00000308   0x0000006c   Code   RO          908    .text               c_p.l(_printf_dec.o)
    0x00000374   0x00000374   0x00000058   Code   RO          913    .text               c_p.l(_printf_hex_int.o)
    0x000003cc   0x000003cc   0x00000188   Code   RO          948    .text               c_p.l(__printf_flags_ss_wp.o)
    0x00000554   0x00000554   0x0000005a   Code   RO          957    .text               c_p.l(memcmp.o)
    0x000005ae   0x000005ae   0x00000082   Code   RO          960    .text               c_p.l(rt_memcpy.o)
    0x00000630   0x00000630   0x00000012   Code   RO          963    .text               c_p.l(aeabi_memset.o)
    0x00000642   0x00000642   0x00000040   Code   RO          965    .text               c_p.l(rt_memclr.o)
    0x00000682   0x00000682   0x00000002   PAD
    0x00000684   0x00000684   0x0000006c   Code   RO          967    .text               c_p.l(strncpy.o)
    0x000006f0   0x000006f0   0x000001f8   Code   RO          971    .text               c_p.l(aeabi_sdivfast.o)
    0x000008e8   0x000008e8   0x00000006   Code   RO          979    .text               c_p.l(heapauxi.o)
    0x000008ee   0x000008ee   0x00000002   PAD
    0x000008f0   0x000008f0   0x00000160   Code   RO         1052    .text               fz_ps.l(fdiv.o)
    0x00000a50   0x00000a50   0x0000004c   Code   RO         1055    .text               fz_ps.l(ffixi.o)
    0x00000a9c   0x00000a9c   0x0000005e   Code   RO         1057    .text               fz_ps.l(fflti.o)
    0x00000afa   0x00000afa   0x000000b0   Code   RO         1074    .text               c_p.l(_printf_intcommon.o)
    0x00000baa   0x00000baa   0x00000002   PAD
    0x00000bac   0x00000bac   0x00000030   Code   RO         1076    .text               c_p.l(_printf_char_common.o)
    0x00000bdc   0x00000bdc   0x00000010   Code   RO         1078    .text               c_p.l(_snputc.o)
    0x00000bec   0x00000bec   0x0000002e   Code   RO         1080    .text               c_p.l(_printf_char.o)
    0x00000c1a   0x00000c1a   0x00000028   Code   RO         1083    .text               c_p.l(rtudiv10.o)
    0x00000c42   0x00000c42   0x00000002   PAD
    0x00000c44   0x00000c44   0x00000064   Code   RO         1150    .text               fz_ps.l(fcmpin.o)
    0x00000ca8   0x00000ca8   0x00000008   Code   RO         1156    .text               c_p.l(libspace.o)
    0x00000cb0   0x00000cb0   0x0000003e   Code   RO         1159    .text               c_p.l(sys_stackheap_outer.o)
    0x00000cee   0x00000cee   0x00000010   Code   RO         1162    .text               c_p.l(exit.o)
    0x00000cfe   0x00000cfe   0x0000002e   Code   RO         1174    .text               fz_ps.l(cmpret.o)
    0x00000d2c   0x00000d2c   0x00000010   Code   RO         1178    .text               fz_ps.l(fnan2.o)
    0x00000d3c   0x00000d3c   0x0000005e   Code   RO         1236    .text               fz_ps.l(retnan.o)
    0x00000d9a   0x00000d9a   0x00000002   PAD
    0x00000d9c   0x00000d9c   0x0000000c   Code   RO         1238    .text               c_p.l(sys_exit.o)
    0x00000da8   0x00000da8   0x00000002   Code   RO         1261    .text               c_p.l(use_no_semi.o)
    0x00000daa   0x00000daa   0x00000000   Code   RO         1263    .text               c_p.l(indicate_semi.o)
    0x00000daa   0x00000daa   0x00000002   PAD
    0x00000dac   0x00000dac   0x0000005c   Code   RO          384    .text.AppScheduler_Init  app_scheduler.o
    0x00000e08   0x00000e08   0x0000007c   Code   RO          386    .text.AppScheduler_Register  app_scheduler.o
    0x00000e84   0x00000e84   0x00000094   Code   RO          388    .text.AppScheduler_Run  app_scheduler.o
    0x00000f18   0x00000f18   0x00000108   Code   RO          132    .text.AppSystem_DebugTick500ms  app_system.o
    0x00001020   0x00001020   0x0000000c   Code   RO          130    .text.AppSystem_HalTick1ms  app_system.o
    0x0000102c   0x0000102c   0x00000098   Code   RO          128    .text.AppSystem_Init  app_system.o
    0x000010c4   0x000010c4   0x00000008   Code   RO          134    .text.AppSystem_Run  app_system.o
    0x000010cc   0x000010cc   0x00000008   Code   RO           96    .text.AppTick_GetMs  apptick.o
    0x000010d4   0x000010d4   0x00000030   Code   RO           92    .text.AppTick_Init  apptick.o
    0x00001104   0x00001104   0x0000000c   Code   RO           94    .text.AppTick_IrqHandler  apptick.o
    0x00001110   0x00001110   0x00000018   Code   RO           98    .text.AppTick_IsExpired  apptick.o
    0x00001128   0x00001128   0x00000024   Code   RO          216    .text.BehaviorMotion_ArcByRadius  behavior_motion.o
    0x0000114c   0x0000114c   0x00000028   Code   RO          212    .text.BehaviorMotion_ArcToHeading  behavior_motion.o
    0x00001174   0x00001174   0x00000014   Code   RO          228    .text.BehaviorMotion_GetCommand  behavior_motion.o
    0x00001188   0x00001188   0x000000a0   Code   RO          230    .text.BehaviorMotion_GetName  behavior_motion.o
    0x00001228   0x00001228   0x00000014   Code   RO          194    .text.BehaviorMotion_Init  behavior_motion.o
    0x0000123c   0x0000123c   0x00000024   Code   RO          224    .text.BehaviorMotion_LineFollow  behavior_motion.o
    0x00001260   0x00001260   0x0000001c   Code   RO          198    .text.BehaviorMotion_OpenLoop  behavior_motion.o
    0x0000127c   0x0000127c   0x00000020   Code   RO          200    .text.BehaviorMotion_SpeedHold  behavior_motion.o
    0x0000129c   0x0000129c   0x00000014   Code   RO          196    .text.BehaviorMotion_Stop  behavior_motion.o
    0x000012b0   0x000012b0   0x00000024   Code   RO          202    .text.BehaviorMotion_Straight  behavior_motion.o
    0x000012d4   0x000012d4   0x0000002c   Code   RO          206    .text.BehaviorMotion_StraightDistance  behavior_motion.o
    0x00001300   0x00001300   0x0000002c   Code   RO          208    .text.BehaviorMotion_StraightDistanceToHeading  behavior_motion.o
    0x0000132c   0x0000132c   0x0000001c   Code   RO          220    .text.BehaviorMotion_Turn  behavior_motion.o
    0x00001348   0x00001348   0x00000020   Code   RO          222    .text.BehaviorMotion_TurnToHeading  behavior_motion.o
    0x00001368   0x00001368   0x00000018   Code   RO          109    .text.Buzzer_Init   buzzer.o
    0x00001380   0x00001380   0x00000094   Code   RO          115    .text.Buzzer_Play   buzzer.o
    0x00001414   0x00001414   0x00000054   Code   RO          117    .text.Buzzer_Tick1ms  buzzer.o
    0x00001468   0x00001468   0x0000000a   Code   RO          747    .text.DL_Common_delayCycles  driverlib.a(dl_common.o)
    0x00001472   0x00001472   0x00000002   PAD
    0x00001474   0x00001474   0x00000110   Code   RO          836    .text.DL_Timer_initFourCCPWMMode  driverlib.a(dl_timer.o)
    0x00001584   0x00001584   0x00000010   Code   RO          762    .text.DL_Timer_setCaptureCompareValue  driverlib.a(dl_timer.o)
    0x00001594   0x00001594   0x0000001c   Code   RO          756    .text.DL_Timer_setClockConfig  driverlib.a(dl_timer.o)
    0x000015b0   0x000015b0   0x00000048   Code   RO          857    .text.DL_UART_init  driverlib.a(dl_uart.o)
    0x000015f8   0x000015f8   0x00000012   Code   RO          859    .text.DL_UART_setClockConfig  driverlib.a(dl_uart.o)
    0x0000160a   0x0000160a   0x00000014   Code   RO           45    .text.Delay_us      delay.o
    0x0000161e   0x0000161e   0x00000002   PAD
    0x00001620   0x00001620   0x00000010   Code   RO          247    .text.DeviceCenter_GetSnapshot  device_center.o
    0x00001630   0x00001630   0x00000084   Code   RO          241    .text.DeviceCenter_Init  device_center.o
    0x000016b4   0x000016b4   0x0000000a   Code   RO          253    .text.DeviceCenter_PlayConfirm  device_center.o
    0x000016be   0x000016be   0x0000000a   Code   RO          255    .text.DeviceCenter_PlayStartup  device_center.o
    0x000016c8   0x000016c8   0x00000074   Code   RO          245    .text.DeviceCenter_ResetOdometry  device_center.o
    0x0000173c   0x0000173c   0x0000001c   Code   RO          249    .text.DeviceCenter_SetRgb  device_center.o
    0x00001758   0x00001758   0x00000684   Code   RO          243    .text.DeviceCenter_Tick10ms  device_center.o
    0x00001ddc   0x00001ddc   0x00000014   Code   RO          283    .text.DeviceGyro_GetSnapshot  device_gyro.o
    0x00001df0   0x00001df0   0x0000023c   Code   RO          273    .text.DeviceGyro_Init  device_gyro.o
    0x0000202c   0x0000202c   0x000000d0   Code   RO          297    .text.DeviceGyro_ReadRawZ  device_gyro.o
    0x000020fc   0x000020fc   0x00000020   Code   RO          285    .text.DeviceGyro_ResetHeading  device_gyro.o
    0x0000211c   0x0000211c   0x00000044   Code   RO          275    .text.DeviceGyro_SetDebugText  device_gyro.o
    0x00002160   0x00002160   0x00000084   Code   RO          279    .text.DeviceGyro_SetRetry  device_gyro.o
    0x000021e4   0x000021e4   0x0000099c   Code   RO          277    .text.DeviceGyro_Tick10ms  device_gyro.o
    0x00002b80   0x00002b80   0x00000010   Code   RO          333    .text.DeviceTrackSensor_GetSnapshot  device_track_sensor.o
    0x00002b90   0x00002b90   0x00000050   Code   RO          325    .text.DeviceTrackSensor_Init  device_track_sensor.o
    0x00002be0   0x00002be0   0x00000040   Code   RO          327    .text.DeviceTrackSensor_Tick10ms  device_track_sensor.o
    0x00002c20   0x00002c20   0x0000010c   Code   RO          329    .text.DeviceTrackSensor_UpdateDerived  device_track_sensor.o
    0x00002d2c   0x00002d2c   0x00000144   Code   RO          462    .text.GROUP1_IRQHandler  hal_chassis.o
    0x00002e70   0x00002e70   0x000003ec   Code   RO          291    .text.GyroI2C_ReadRegs  device_gyro.o
    0x0000325c   0x0000325c   0x000000d4   Code   RO          289    .text.GyroI2C_WaitSclHigh  device_gyro.o
    0x00003330   0x00003330   0x000000d8   Code   RO          293    .text.GyroI2C_WriteByte  device_gyro.o
    0x00003408   0x00003408   0x000000e0   Code   RO          281    .text.GyroI2C_WriteReg  device_gyro.o
    0x000034e8   0x000034e8   0x00000110   Code   RO          295    .text.GyroI2C_WriteRegs  device_gyro.o
    0x000035f8   0x000035f8   0x00000014   Code   RO          436    .text.HalBoard_InitInputPullup  hal_board.o
    0x0000360c   0x0000360c   0x00000028   Code   RO          434    .text.HalBoard_InitOutput  hal_board.o
    0x00003634   0x00003634   0x00000018   Code   RO          440    .text.HalBoard_InitPeripheralInput  hal_board.o
    0x0000364c   0x0000364c   0x00000018   Code   RO          438    .text.HalBoard_InitPeripheralOutput  hal_board.o
    0x00003664   0x00003664   0x00000018   Code   RO          444    .text.HalBoard_ReadPin  hal_board.o
    0x0000367c   0x0000367c   0x00000018   Code   RO          442    .text.HalBoard_WritePin  hal_board.o
    0x00003694   0x00003694   0x0000001c   Code   RO          470    .text.HalChassis_GetEncoderState  hal_chassis.o
    0x000036b0   0x000036b0   0x00000010   Code   RO          468    .text.HalChassis_GetMotorState  hal_chassis.o
    0x000036c0   0x000036c0   0x000002a4   Code   RO          454    .text.HalChassis_Init  hal_chassis.o
    0x00003964   0x00003964   0x00000002   Code   RO          460    .text.HalChassis_Service1ms  hal_chassis.o
    0x00003966   0x00003966   0x00000002   Code   RO          472    .text.HalChassis_SetRgb  hal_chassis.o
    0x00003968   0x00003968   0x00000298   Code   RO          466    .text.HalChassis_SetWheelDuty  hal_chassis.o
    0x00003c00   0x00003c00   0x000000fc   Code   RO          456    .text.HalChassis_ShiftOut595  hal_chassis.o
    0x00003cfc   0x00003cfc   0x00000020   Code   RO          458    .text.HalChassis_Tick10ms  hal_chassis.o
    0x00003d1c   0x00003d1c   0x0000001c   Code   RO          409    .text.InteractionService_ClosePage  interaction_service.o
    0x00003d38   0x00003d38   0x0000002c   Code   RO          411    .text.InteractionService_FetchPage  interaction_service.o
    0x00003d64   0x00003d64   0x00000008   Code   RO          413    .text.InteractionService_GetCurrentAction  interaction_service.o
    0x00003d6c   0x00003d6c   0x0000000c   Code   RO          399    .text.InteractionService_Init  interaction_service.o
    0x00003d78   0x00003d78   0x000002b4   Code   RO          419    .text.InteractionService_RenderSettingsPage  interaction_service.o
    0x0000402c   0x0000402c   0x000000a0   Code   RO          401    .text.InteractionService_RequestAction  interaction_service.o
    0x000040cc   0x000040cc   0x00000448   Code   RO          403    .text.InteractionService_SetPage  interaction_service.o
    0x00004514   0x00004514   0x000001fc   Code   RO          415    .text.InteractionService_SettingsAdjust  interaction_service.o
    0x00004710   0x00004710   0x00000040   Code   RO          417    .text.InteractionService_SettingsNext  interaction_service.o
    0x00004750   0x00004750   0x00000024   Code   RO          407    .text.InteractionService_Tick50ms  interaction_service.o
    0x00004774   0x00004774   0x0000111c   Code   RO          405    .text.InteractionService_UpdateRuntimePage  interaction_service.o
    0x00005890   0x00005890   0x00000350   Code   RO          623    .text.MenuApp_Init  menu_app.o
    0x00005be0   0x00005be0   0x00000008   Code   RO          665    .text.MenuApp_IsPageActive  menu_app.o
    0x00005be8   0x00005be8   0x00000070   Code   RO          667    .text.MenuApp_OpenAction  menu_app.o
    0x00005c58   0x00005c58   0x00000128   Code   RO          663    .text.MenuApp_Tick  menu_app.o
    0x00005d80   0x00005d80   0x00000134   Code   RO          709    .text.MenuPort_GetKey  menu_port.o
    0x00005eb4   0x00005eb4   0x00000034   Code   RO          719    .text.MenuPort_Init  menu_port.o
    0x00005ee8   0x00005ee8   0x0000018c   Code   RO          721    .text.MenuPort_Render  menu_port.o
    0x00006074   0x00006074   0x00000034   Code   RO          713    .text.MenuPort_SuppressUntilRelease  menu_port.o
    0x000060a8   0x000060a8   0x0000004a   Code   RO          723    .text.MenuPort_Tick  menu_port.o
    0x000060f2   0x000060f2   0x00000132   Code   RO          613    .text.Menu_Back     menu.o
    0x00006224   0x00006224   0x000001a2   Code   RO          609    .text.Menu_Down     menu.o
    0x000063c6   0x000063c6   0x00000124   Code   RO          611    .text.Menu_Enter    menu.o
    0x000064ea   0x000064ea   0x00000060   Code   RO          605    .text.Menu_Init     menu.o
    0x0000654a   0x0000654a   0x00000146   Code   RO          607    .text.Menu_Up       menu.o
    0x00006690   0x00006690   0x00000010   Code   RO          177    .text.MotionControl_GetStatus  motion_control.o
    0x000066a0   0x000066a0   0x00000174   Code   RO          173    .text.MotionControl_Init  motion_control.o
    0x00006814   0x00006814   0x00001198   Code   RO          175    .text.MotionControl_Tick10ms  motion_control.o
    0x000079ac   0x000079ac   0x00000010   Code   RO          517    .text.OLED_Clear    oled.o
    0x000079bc   0x000079bc   0x00000154   Code   RO          509    .text.OLED_I2C_SendByte  oled.o
    0x00007b10   0x00007b10   0x000000c0   Code   RO          515    .text.OLED_Init     oled.o
    0x00007bd0   0x00007bd0   0x000002b0   Code   RO          539    .text.OLED_ShowImage  oled.o
    0x00007e80   0x00007e80   0x00000090   Code   RO          541    .text.OLED_ShowString  oled.o
    0x00007f10   0x00007f10   0x00000120   Code   RO          543    .text.OLED_ShowString_Reverse  oled.o
    0x00008030   0x00008030   0x00000104   Code   RO          519    .text.OLED_Update   oled.o
    0x00008134   0x00008134   0x00000064   Code   RO          511    .text.OLED_WriteCommand  oled.o
    0x00008198   0x00008198   0x00000088   Code   RO          513    .text.OLED_WriteData  oled.o
    0x00008220   0x00008220   0x00000016   Code   RO          159    .text.Pid_Init      pid.o
    0x00008236   0x00008236   0x0000000c   Code   RO          161    .text.Pid_Reset     pid.o
    0x00008242   0x00008242   0x0000009e   Code   RO          163    .text.Pid_Update    pid.o
    0x000082e0   0x000082e0   0x0000004c   Code   RO           27    .text.SYSCFG_DL_GPIO_init  ti_msp_dl_config.o
    0x0000832c   0x0000832c   0x00000040   Code   RO           29    .text.SYSCFG_DL_SYSCTL_init  ti_msp_dl_config.o
    0x0000836c   0x0000836c   0x0000005c   Code   RO           31    .text.SYSCFG_DL_UART_0_init  ti_msp_dl_config.o
    0x000083c8   0x000083c8   0x00000014   Code   RO           23    .text.SYSCFG_DL_init  ti_msp_dl_config.o
    0x000083dc   0x000083dc   0x0000002c   Code   RO           25    .text.SYSCFG_DL_initPower  ti_msp_dl_config.o
    0x00008408   0x00008408   0x000000bc   Code   RO           55    .text.Serial_Init   serial.o
    0x000084c4   0x000084c4   0x000001fc   Code   RO           71    .text.Serial_PrintInt  serial.o
    0x000086c0   0x000086c0   0x0000038c   Code   RO           69    .text.Serial_Printf  serial.o
    0x00008a4c   0x00008a4c   0x00000084   Code   RO           57    .text.Serial_Tick1ms  serial.o
    0x00008ad0   0x00008ad0   0x0000000c   Code   RO            2    .text.SysTick_Handler  empty.o
    0x00008adc   0x00008adc   0x00000048   Code   RO          351    .text.TaskService_CancelCurrent  task_service.o
    0x00008b24   0x00008b24   0x000000a4   Code   RO          349    .text.TaskService_Enqueue  task_service.o
    0x00008bc8   0x00008bc8   0x00000054   Code   RO          361    .text.TaskService_GetActionName  task_service.o
    0x00008c1c   0x00008c1c   0x00000024   Code   RO          363    .text.TaskService_GetStageName  task_service.o
    0x00008c40   0x00008c40   0x00000010   Code   RO          359    .text.TaskService_GetStatus  task_service.o
    0x00008c50   0x00008c50   0x00000020   Code   RO          347    .text.TaskService_Init  task_service.o
    0x00008c70   0x00008c70   0x00000600   Code   RO          355    .text.TaskService_RunQ2_700_Arc180_Arc180_R90_700  task_service.o
    0x00009270   0x00009270   0x000000ec   Code   RO          357    .text.TaskService_RunTurnAngle  task_service.o
    0x0000935c   0x0000935c   0x00001244   Code   RO          353    .text.TaskService_Tick10ms  task_service.o
    0x0000a5a0   0x0000a5a0   0x0000000a   Code   RO          627    .text.act_abt       menu_app.o
    0x0000a5aa   0x0000a5aa   0x0000000a   Code   RO          635    .text.act_arc       menu_app.o
    0x0000a5b4   0x0000a5b4   0x0000000a   Code   RO          661    .text.act_arc_set   menu_app.o
    0x0000a5be   0x0000a5be   0x00000002   PAD
    0x0000a5c0   0x0000a5c0   0x0000000c   Code   RO          649    .text.act_bak       menu_app.o
    0x0000a5cc   0x0000a5cc   0x0000000a   Code   RO          637    .text.act_go1000    menu_app.o
    0x0000a5d6   0x0000a5d6   0x0000000a   Code   RO          651    .text.act_m1        menu_app.o
    0x0000a5e0   0x0000a5e0   0x0000000a   Code   RO          653    .text.act_m2        menu_app.o
    0x0000a5ea   0x0000a5ea   0x0000000a   Code   RO          641    .text.act_q2l       menu_app.o
    0x0000a5f4   0x0000a5f4   0x0000000a   Code   RO          643    .text.act_q2r       menu_app.o
    0x0000a5fe   0x0000a5fe   0x0000000a   Code   RO          645    .text.act_q3        menu_app.o
    0x0000a608   0x0000a608   0x0000000a   Code   RO          647    .text.act_q4        menu_app.o
    0x0000a612   0x0000a612   0x0000000a   Code   RO          639    .text.act_route250  menu_app.o
    0x0000a61c   0x0000a61c   0x0000000a   Code   RO          629    .text.act_run_a     menu_app.o
    0x0000a626   0x0000a626   0x0000000a   Code   RO          631    .text.act_run_b     menu_app.o
    0x0000a630   0x0000a630   0x0000000a   Code   RO          659    .text.act_set       menu_app.o
    0x0000a63a   0x0000a63a   0x0000000a   Code   RO          625    .text.act_sns       menu_app.o
    0x0000a644   0x0000a644   0x0000000a   Code   RO          633    .text.act_straight  menu_app.o
    0x0000a64e   0x0000a64e   0x0000000a   Code   RO          655    .text.act_tl90      menu_app.o
    0x0000a658   0x0000a658   0x0000000a   Code   RO          657    .text.act_tr90      menu_app.o
    0x0000a662   0x0000a662   0x00000002   PAD
    0x0000a664   0x0000a664   0x00000044   Code   RO            4    .text.main          empty.o
    0x0000a6a8   0x0000a6a8   0x000001f6   Code   RO          972    .text_divfast       c_p.l(aeabi_sdivfast.o)
    0x0000a89e   0x0000a89e   0x00000016   Code   RO         1034    i._feq              fz_ps.l(fcmp.o)
    0x0000a8b4   0x0000a8b4   0x00000016   Code   RO         1035    i._fgeq             fz_ps.l(fcmp.o)
    0x0000a8ca   0x0000a8ca   0x00000016   Code   RO         1036    i._fgr              fz_ps.l(fcmp.o)
    0x0000a8e0   0x0000a8e0   0x0000001a   Code   RO         1037    i._fleq             fz_ps.l(fcmp.o)
    0x0000a8fa   0x0000a8fa   0x00000016   Code   RO         1038    i._fls              fz_ps.l(fcmp.o)
    0x0000a910   0x0000a910   0x0000000e   Code   RO          941    i._is_digit         c_p.l(__printf_wp.o)
    0x0000a91e   0x0000a91e   0x00000002   PAD
    0x0000a920   0x0000a920   0x0000008c   Code   RO         1022    x$fpl$fadd          fz_ps.l(faddsub.o)
    0x0000a9ac   0x0000a9ac   0x00000054   Code   RO         1095    x$fpl$feqf          fz_ps.l(feqf.o)
    0x0000aa00   0x0000aa00   0x00000054   Code   RO         1097    x$fpl$fgeqf         fz_ps.l(fgef.o)
    0x0000aa54   0x0000aa54   0x00000054   Code   RO         1099    x$fpl$fleqf         fz_ps.l(flef.o)
    0x0000aaa8   0x0000aaa8   0x000000b0   Code   RO         1059    x$fpl$fmul          fz_ps.l(fmul.o)
    0x0000ab58   0x0000ab58   0x000000d0   Code   RO         1024    x$fpl$fsub          fz_ps.l(faddsub.o)
    0x0000ac28   0x0000ac28   0x00000000   Code   RO         1101    x$fpl$usenofp       fz_ps.l(usenofp.o)
    0x0000ac28   0x0000ac28   0x00000028   Data   RO          914    .constdata          c_p.l(_printf_hex_int.o)
    0x0000ac50   0x0000ac50   0x00000011   Data   RO          949    .constdata          c_p.l(__printf_flags_ss_wp.o)
    0x0000ac61   0x0000ac61   0x00000040   Data   RO         1053    .constdata          fz_ps.l(fdiv.o)
    0x0000aca1   0x0000aca1   0x00000003   PAD
    0x0000aca4   0x0000aca4   0x00000018   Data   RO          306    .rodata..Lstr.60    device_gyro.o
    0x0000acbc   0x0000acbc   0x00000018   Data   RO          307    .rodata..Lstr.61    device_gyro.o
    0x0000acd4   0x0000acd4   0x00000018   Data   RO          309    .rodata..Lstr.63    device_gyro.o
    0x0000acec   0x0000acec   0x00000018   Data   RO          310    .rodata..Lstr.69    device_gyro.o
    0x0000ad04   0x0000ad04   0x00000018   Data   RO          311    .rodata..Lstr.71    device_gyro.o
    0x0000ad1c   0x0000ad1c   0x00000018   Data   RO          312    .rodata..Lstr.73    device_gyro.o
    0x0000ad34   0x0000ad34   0x00000018   Data   RO          313    .rodata..Lstr.75    device_gyro.o
    0x0000ad4c   0x0000ad4c   0x00000018   Data   RO          314    .rodata..Lstr.77    device_gyro.o
    0x0000ad64   0x0000ad64   0x00000018   Data   RO          315    .rodata..Lstr.79    device_gyro.o
    0x0000ad7c   0x0000ad7c   0x00000018   Data   RO          316    .rodata..Lstr.81    device_gyro.o
    0x0000ad94   0x0000ad94   0x0000023a   Data   RO          597    .rodata.OLED_F6x8   oled_data.o
    0x0000afce   0x0000afce   0x000005f0   Data   RO          596    .rodata.OLED_F8x16  oled_data.o
    0x0000b5be   0x0000b5be   0x00000002   Data   RO           77    .rodata.Serial_Init.clock_config  serial.o
    0x0000b5c0   0x0000b5c0   0x0000000a   Data   RO           78    .rodata.Serial_Init.uart_config  serial.o
    0x0000b5ca   0x0000b5ca   0x00000010   Data   RO          490    .rodata.cst16       hal_chassis.o
    0x0000b5da   0x0000b5da   0x00000002   PAD
    0x0000b5dc   0x0000b5dc   0x00000120   Data   RO          308    .rodata.cst32       device_gyro.o
    0x0000b6fc   0x0000b6fc   0x00000002   Data   RO           33    .rodata.gUART_0ClockConfig  ti_msp_dl_config.o
    0x0000b6fe   0x0000b6fe   0x0000000a   Data   RO           34    .rodata.gUART_0Config  ti_msp_dl_config.o
    0x0000b708   0x0000b708   0x0000000c   Data   RO           83    .rodata.g_debug_uart_rx_pin  serial.o
    0x0000b714   0x0000b714   0x0000000c   Data   RO           82    .rodata.g_debug_uart_tx_pin  serial.o
    0x0000b720   0x0000b720   0x00000060   Data   RO          477    .rodata.g_encoder_pins  hal_chassis.o
    0x0000b780   0x0000b780   0x0000000c   Data   RO          474    .rodata.g_hc595_ds_pin  hal_chassis.o
    0x0000b78c   0x0000b78c   0x0000000c   Data   RO          475    .rodata.g_hc595_shcp_pin  hal_chassis.o
    0x0000b798   0x0000b798   0x0000000c   Data   RO          476    .rodata.g_hc595_stcp_pin  hal_chassis.o
    0x0000b7a4   0x0000b7a4   0x00002000   Data   RO          305    .rodata.g_imu660ra_config_file  device_gyro.o
    0x0000d7a4   0x0000d7a4   0x00000060   Data   RO          487    .rodata.g_motor_hw  hal_chassis.o
    0x0000d804   0x0000d804   0x00000008   Data   RO          489    .rodata.g_motor_pwm_cfg  hal_chassis.o
    0x0000d80c   0x0000d80c   0x00000003   Data   RO          488    .rodata.g_motor_pwm_clock_cfg  hal_chassis.o
    0x0000d80f   0x0000d80f   0x00000001   PAD
    0x0000d810   0x0000d810   0x0000000c   Data   RO          335    .rodata.g_sel0_pin  device_track_sensor.o
    0x0000d81c   0x0000d81c   0x0000000c   Data   RO          336    .rodata.g_sel1_pin  device_track_sensor.o
    0x0000d828   0x0000d828   0x0000000c   Data   RO          337    .rodata.g_sel2_pin  device_track_sensor.o
    0x0000d834   0x0000d834   0x0000017a   Data   RO          302    .rodata.str1.1      device_gyro.o
    0x0000d9ae   0x0000d9ae   0x00000087   Data   RO          372    .rodata.str1.1      task_service.o
    0x0000da35   0x0000da35   0x000000ea   Data   RO          424    .rodata.str1.1      interaction_service.o
    0x0000db1f   0x0000db1f   0x0000007c   Data   RO          670    .rodata.str1.1      menu_app.o
    0x0000db9b   0x0000db9b   0x00000005   PAD
    0x0000dba0   0x0000dba0   0x00000020   Data   RO         1316    Region$$Table       anon$$obj.o


    Execution Region RW_IRAM2 (Exec base: 0x20200000, Load base: 0x0000dbc0, Size: 0x00001cf8, Max: 0x00008000, ABSOLUTE)

    Exec Addr    Load Addr    Size         Type   Attr      Idx    E Section Name        Object

    0x20200000   0x0000dbc0   0x00000002   Data   RW          149    .data.g_app_arc_test_angle_deg10  app_system.o
    0x20200002   0x0000dbc2   0x00000002   Data   RW          148    .data.g_app_arc_test_radius_mm  app_system.o
    0x20200004   0x0000dbc4   0x00000002   Data   RW          147    .data.g_app_arc_test_speed_mmps  app_system.o
    0x20200006   0x0000dbc6   0x00000002   PAD
    0x20200008   0x0000dbc8   0x00000004   Data   RW          137    .data.g_app_route_segment1_mm  app_system.o
    0x2020000c   0x0000dbcc   0x00000004   Data   RW          138    .data.g_app_route_segment2_mm  app_system.o
    0x20200010   0x0000dbd0   0x00000004   Data   RW          139    .data.g_app_route_segment3_mm  app_system.o
    0x20200014   0x0000dbd4   0x00000002   Data   RW          136    .data.g_app_route_test_speed_mmps  app_system.o
    0x20200016   0x0000dbd6   0x00000002   Data   RW          140    .data.g_app_route_turn_angle_deg10  app_system.o
    0x20200018   0x0000dbd8   0x00000001   Data   RW          145    .data.g_app_route_turn_done_hold_cycles  app_system.o
    0x20200019   0x0000dbd9   0x00000001   PAD
    0x2020001a   0x0000dbda   0x00000002   Data   RW          144    .data.g_app_route_turn_done_yaw_abs_mdps  app_system.o
    0x2020001c   0x0000dbdc   0x00000002   Data   RW          141    .data.g_app_route_turn_entry_lead_mm  app_system.o
    0x2020001e   0x0000dbde   0x00000002   Data   RW          146    .data.g_app_straight_side_bias_x10  app_system.o
    0x20200020   0x0000dbe0   0x00000002   Data   RW          142    .data.g_app_turn_exit_boost_mmps  app_system.o
    0x20200022   0x0000dbe2   0x00000001   Data   RW          143    .data.g_app_turn_exit_boost_ticks  app_system.o
    0x20200023   0x0000dbe3   0x00000005   PAD
    0x20200028        -       0x00000060   Zero   RW         1157    .bss                c_p.l(libspace.o)
    0x20200088        -       0x00000004   Zero   RW          150    .bss.AppSystem_DebugTick500ms.sample_index  app_system.o
    0x2020008c        -       0x00000001   Zero   RW          151    .bss.AppSystem_DebugTick500ms.sync_sent  app_system.o
    0x2020008d   0x0000dbe3   0x00000003   PAD
    0x20200090        -       0x00000400   Zero   RW          587    .bss.OLED_DisplayBuf  oled.o
    0x20200490        -       0x00000001   Zero   RW           80    .bss.Serial_RxData  serial.o
    0x20200491        -       0x00000001   Zero   RW           81    .bss.Serial_RxFlag  serial.o
    0x20200492   0x0000dbe3   0x00000002   PAD
    0x20200494        -       0x0000000c   Zero   RW          696    .bss.g_Menu         menu_app.o
    0x202004a0        -       0x00000004   Zero   RW          100    .bss.g_app_tick_ms  apptick.o
    0x202004a4        -       0x0000001c   Zero   RW          182    .bss.g_attitude_pid  motion_control.o
    0x202004c0        -       0x00000012   Zero   RW          119    .bss.g_buzzer       buzzer.o
    0x202004d2   0x0000dbe3   0x00000002   PAD
    0x202004d4        -       0x0000001c   Zero   RW          181    .bss.g_distance_pid  motion_control.o
    0x202004f0        -       0x00000001   Zero   RW          369    .bss.g_distance_settle_count  task_service.o
    0x202004f1   0x0000dbe3   0x00000003   PAD
    0x202004f4        -       0x00000038   Zero   RW          478    .bss.g_encoder_state  hal_chassis.o
    0x2020052c        -       0x0000000c   Zero   RW          299    .bss.g_gyro         device_gyro.o
    0x20200538        -       0x0000004c   Zero   RW          421    .bss.g_interaction  interaction_service.o
    0x20200584        -       0x00000001   Zero   RW          733    .bss.g_key_state.0  menu_port.o
    0x20200585   0x0000dbe3   0x00000003   PAD
    0x20200588        -       0x00000001   Zero   RW          734    .bss.g_key_state.1  menu_port.o
    0x20200589   0x0000dbe3   0x00000003   PAD
    0x2020058c        -       0x00000004   Zero   RW          735    .bss.g_key_state.2  menu_port.o
    0x20200590        -       0x00000001   Zero   RW          736    .bss.g_key_state.3  menu_port.o
    0x20200591   0x0000dbe3   0x00000003   PAD
    0x20200594        -       0x00000001   Zero   RW          737    .bss.g_key_state.4  menu_port.o
    0x20200595   0x0000dbe3   0x00000003   PAD
    0x20200598        -       0x00000020   Zero   RW          303    .bss.g_last_line    device_gyro.o
    0x202005b8        -       0x00000001   Zero   RW          301    .bss.g_last_probe_value  device_gyro.o
    0x202005b9   0x0000dbe3   0x00000003   PAD
    0x202005bc        -       0x00000018   Zero   RW          304    .bss.g_last_rx_hex  device_gyro.o
    0x202005d4   0x0000dbe3   0x00000004   PAD
    0x202005d8        -       0x00000008   Zero   RW          483    .bss.g_last_wheel_duty  hal_chassis.o
    0x202005e0        -       0x0000001c   Zero   RW          184    .bss.g_line_pid     motion_control.o
    0x202005fc        -       0x00000020   Zero   RW          232    .bss.g_motion_command  behavior_motion.o
    0x2020061c        -       0x0000000e   Zero   RW          484    .bss.g_motor_state  hal_chassis.o
    0x2020062a   0x0000dbe3   0x00000002   PAD
    0x2020062c        -       0x00000001   Zero   RW          261    .bss.g_odom_auto_zero_ms  device_center.o
    0x2020062d        -       0x00000001   Zero   RW          260    .bss.g_odom_auto_zero_pending  device_center.o
    0x2020062e        -       0x00000001   Zero   RW          259    .bss.g_odom_ready   device_center.o
    0x2020062f        -       0x00000046   Zero   RW          695    .bss.g_page_state   menu_app.o
    0x20200675   0x0000dbe3   0x00000003   PAD
    0x20200678        -       0x00000004   Zero   RW          370    .bss.g_phase_origin_distance_mm  task_service.o
    0x2020067c        -       0x00000002   Zero   RW          371    .bss.g_phase_origin_encoder_heading_deg10  task_service.o
    0x2020067e   0x0000dbe3   0x00000002   PAD
    0x20200680        -       0x00000004   Zero   RW          373    .bss.g_phase_start_ms  task_service.o
    0x20200684        -       0x00000001   Zero   RW          479    .bss.g_prev_quad_state.0  hal_chassis.o
    0x20200685        -       0x00000001   Zero   RW          480    .bss.g_prev_quad_state.1  hal_chassis.o
    0x20200686        -       0x00000001   Zero   RW          481    .bss.g_prev_quad_state.2  hal_chassis.o
    0x20200687        -       0x00000001   Zero   RW          482    .bss.g_prev_quad_state.3  hal_chassis.o
    0x20200688        -       0x00000010   Zero   RW          258    .bss.g_prev_wheel_ticks  device_center.o
    0x20200698        -       0x0000000b   Zero   RW          365    .bss.g_queue        task_service.o
    0x202006a3   0x0000dbe3   0x00000001   PAD
    0x202006a4        -       0x00000030   Zero   RW          179    .bss.g_runtime      motion_control.o
    0x202006d4        -       0x00000028   Zero   RW          300    .bss.g_runtime      device_gyro.o
    0x202006fc        -       0x00000080   Zero   RW          390    .bss.g_scheduler_nodes  app_scheduler.o
    0x2020077c        -       0x00000106   Zero   RW           79    .bss.g_serial       serial.o
    0x20200882        -       0x00000001   Zero   RW          423    .bss.g_settings_index  interaction_service.o
    0x20200883        -       0x00000001   Zero   RW          422    .bss.g_settings_page  interaction_service.o
    0x20200884        -       0x00000001   Zero   RW          486    .bss.g_shift595_dirty  hal_chassis.o
    0x20200885        -       0x00000001   Zero   RW          485    .bss.g_shift595_shadow  hal_chassis.o
    0x20200886   0x0000dbe3   0x00000002   PAD
    0x20200888        -       0x00000088   Zero   RW          257    .bss.g_snapshot     device_center.o
    0x20200910        -       0x00000070   Zero   RW          180    .bss.g_speed_pid_wheel  motion_control.o
    0x20200980        -       0x00000070   Zero   RW          264    .bss.g_speed_window_delta_ticks  device_center.o
    0x202009f0        -       0x00000001   Zero   RW          262    .bss.g_speed_window_index  device_center.o
    0x202009f1   0x0000dbe3   0x00000003   PAD
    0x202009f4        -       0x00000010   Zero   RW          263    .bss.g_speed_window_sum_ticks  device_center.o
    0x20200a04        -       0x00000054   Zero   RW          185    .bss.g_status       motion_control.o
    0x20200a58        -       0x00000007   Zero   RW          366    .bss.g_status       task_service.o
    0x20200a5f   0x0000dbe3   0x00000001   PAD
    0x20200a60        -       0x0000001c   Zero   RW          338    .bss.g_track        device_track_sensor.o
    0x20200a7c        -       0x00000002   Zero   RW          375    .bss.g_turn_last_heading_error_deg10  task_service.o
    0x20200a7e   0x0000dbe3   0x00000002   PAD
    0x20200a80        -       0x0000001c   Zero   RW          183    .bss.g_turn_pid     motion_control.o
    0x20200a9c        -       0x00000001   Zero   RW          368    .bss.g_turn_settle_count  task_service.o
    0x20200a9d        -       0x00000001   Zero   RW          374    .bss.g_turn_stall_count  task_service.o
    0x20200a9e        -       0x00000002   Zero   RW          367    .bss.g_turn_target_heading_deg10  task_service.o
    0x20200aa0        -       0x00000018   Zero   RW          669    .bss.main_menu_1    menu_app.o
    0x20200ab8        -       0x00000018   Zero   RW          672    .bss.main_menu_2    menu_app.o
    0x20200ad0        -       0x00000018   Zero   RW          674    .bss.main_menu_3    menu_app.o
    0x20200ae8        -       0x00000018   Zero   RW          675    .bss.main_menu_4    menu_app.o
    0x20200b00        -       0x00000018   Zero   RW          677    .bss.main_menu_5    menu_app.o
    0x20200b18        -       0x00000018   Zero   RW          671    .bss.sub_1_1        menu_app.o
    0x20200b30        -       0x00000018   Zero   RW          686    .bss.sub_1_10       menu_app.o
    0x20200b48        -       0x00000018   Zero   RW          687    .bss.sub_1_11       menu_app.o
    0x20200b60        -       0x00000018   Zero   RW          678    .bss.sub_1_2        menu_app.o
    0x20200b78        -       0x00000018   Zero   RW          679    .bss.sub_1_3        menu_app.o
    0x20200b90        -       0x00000018   Zero   RW          680    .bss.sub_1_4        menu_app.o
    0x20200ba8        -       0x00000018   Zero   RW          681    .bss.sub_1_5        menu_app.o
    0x20200bc0        -       0x00000018   Zero   RW          682    .bss.sub_1_6        menu_app.o
    0x20200bd8        -       0x00000018   Zero   RW          683    .bss.sub_1_7        menu_app.o
    0x20200bf0        -       0x00000018   Zero   RW          684    .bss.sub_1_8        menu_app.o
    0x20200c08        -       0x00000018   Zero   RW          685    .bss.sub_1_9        menu_app.o
    0x20200c20        -       0x00000018   Zero   RW          673    .bss.sub_2_1        menu_app.o
    0x20200c38        -       0x00000018   Zero   RW          688    .bss.sub_2_2        menu_app.o
    0x20200c50        -       0x00000018   Zero   RW          689    .bss.sub_2_3        menu_app.o
    0x20200c68        -       0x00000018   Zero   RW          690    .bss.sub_2_4        menu_app.o
    0x20200c80        -       0x00000018   Zero   RW          691    .bss.sub_2_5        menu_app.o
    0x20200c98        -       0x00000018   Zero   RW          676    .bss.sub_4_1        menu_app.o
    0x20200cb0        -       0x00000018   Zero   RW          692    .bss.sub_4_2        menu_app.o
    0x20200cc8        -       0x00000018   Zero   RW          693    .bss.sub_4_3        menu_app.o
    0x20200ce0        -       0x00000018   Zero   RW          694    .bss.sub_4_4        menu_app.o
    0x20200cf8        -       0x00000000   Zero   RW           14    HEAP                startup_mspm0g350x_uvision.o
    0x20200cf8        -       0x00001000   Zero   RW           13    STACK               startup_mspm0g350x_uvision.o



  Load Region LR_BCR (Base: 0x41c00000, Size: 0x00000000, Max: 0x00000100, ABSOLUTE)

    Execution Region BCR_CONFIG (Exec base: 0x41c00000, Load base: 0x41c00000, Size: 0x00000000, Max: 0x000000ff, ABSOLUTE)

    **** No section assigned to this execution region ****



  Load Region LR_BSL (Base: 0x41c00100, Size: 0x00000000, Max: 0x00000100, ABSOLUTE)

    Execution Region BSL_CONFIG (Exec base: 0x41c00100, Load base: 0x41c00100, Size: 0x00000000, Max: 0x00000080, ABSOLUTE)

    **** No section assigned to this execution region ****


==============================================================================

Image component sizes


      Code (inc. data)   RO Data    RW Data    ZI Data      Debug   Object Name

       364          4          0          0        128       2085   app_scheduler.o
       436        112          0         32          5       5162   app_system.o
        92         16          0          0          4       3186   apptick.o
       576        104          0          0         32       6563   behavior_motion.o
       256         16          0          0         18       7149   buzzer.o
        20          0          0          0          0        810   delay.o
      1980        148          0          0        284       7395   device_center.o
      5420        628       9098          0        109      35554   device_gyro.o
       428         44         36          0         28       7942   device_track_sensor.o
        80          8          0          0          0        549   empty.o
       156         20          0          0          0       7626   hal_board.o
      1996        232        255          0         84      21271   hal_chassis.o
      7028       1118        234          0         78      27390   interaction_service.o
      1438          0          0          0          0       8809   menu.o
      1456        400        124          0        682       6328   menu_app.o
       882         34          0          0          8      15806   menu_port.o
      4892        344          0          0        356      17709   motion_control.o
      2164         44          0          0       1024      61108   oled.o
         0          0       2090          0          0        803   oled_data.o
       192          0          0          0          0       1649   pid.o
      1736        130         36          0        264      21265   serial.o
        44         18        192          0       4096        708   startup_mspm0g350x_uvision.o
      6852        600        135          0         35      32458   task_service.o
       296         56         12          0          0      14983   ti_msp_dl_config.o

    ----------------------------------------------------------------------
     38790       4076      12252         36       7284     314308   Object Totals
         0          0         32          0          0          0   (incl. Generated)
         6          0          8          4         49          0   (incl. Padding)

    ----------------------------------------------------------------------

      Code (inc. data)   RO Data    RW Data    ZI Data      Debug   Library Member Name

         8          0          0          0          0         68   __main.o
       392          6         17          0          0         76   __printf_flags_ss_wp.o
        14          0          0          0          0         60   __printf_wp.o
         0          0          0          0          0          0   __rtentry.o
        12          0          0          0          0          0   __rtentry2.o
         6          0          0          0          0          0   __rtentry4.o
        86         10          0          0          0          0   __scatter.o
        26          0          0          0          0          0   __scatter_copy.o
        28          0          0          0          0          0   __scatter_zi.o
        10          0          0          0          0          0   _printf_c.o
        46          0          0          0          0        100   _printf_char.o
        48          6          0          0          0         88   _printf_char_common.o
        10          0          0          0          0          0   _printf_d.o
       108         18          0          0          0         76   _printf_dec.o
        88          4         40          0          0         72   _printf_hex_int.o
       176          0          0          0          0         84   _printf_intcommon.o
        78          0          0          0          0        100   _printf_pad.o
         2          0          0          0          0          0   _printf_percent.o
         4          0          0          0          0          0   _printf_percent_end.o
        10          0          0          0          0          0   _printf_s.o
        82          0          0          0          0         72   _printf_str.o
        10          0          0          0          0          0   _printf_u.o
        10          0          0          0          0          0   _printf_x.o
        16          0          0          0          0         60   _snputc.o
        18          0          0          0          0         68   aeabi_memset.o
      1006          4          0          0          0        184   aeabi_sdivfast.o
        16          0          0          0          0         68   exit.o
         6          0          0          0          0        136   heapauxi.o
         0          0          0          0          0          0   indicate_semi.o
         2          0          0          0          0          0   libinit.o
         2          0          0          0          0          0   libinit2.o
         2          0          0          0          0          0   libshutdown.o
         2          0          0          0          0          0   libshutdown2.o
         8          4          0          0         96         68   libspace.o
        90          0          0          0          0         68   memcmp.o
        64          4          0          0          0         84   noretval__2snprintf.o
        64          0          0          0          0        108   rt_memclr.o
       186          0          0          0          0        144   rt_memcpy.o
         2          0          0          0          0          0   rtexit.o
        10          0          0          0          0          0   rtexit2.o
        40          0          0          0          0         60   rtudiv10.o
       108          4          0          0          0         76   strncpy.o
        12          4          0          0          0         60   sys_exit.o
        62          0          0          0          0         80   sys_stackheap_outer.o
         2          0          0          0          0         68   use_no_semi.o
        10          0          0          0          0        803   dl_common.o
       316         36          0          0          0      41557   dl_timer.o
        90          8          0          0          0      14163   dl_uart.o
        46          0          0          0          0         60   cmpret.o
       348          8          0          0          0        160   faddsub.o
       114          0          0          0          0        340   fcmp.o
       100          4          0          0          0         68   fcmpin.o
       352         10         64          0          0         92   fdiv.o
        84          4          0          0          0         76   feqf.o
        76          0          0          0          0         68   ffixi.o
        94          0          0          0          0         92   fflti.o
        84          4          0          0          0         76   fgef.o
        84          4          0          0          0         76   flef.o
       176          4          0          0          0         80   fmul.o
        16          6          0          0          0         68   fnan2.o
        94          0          0          0          0         68   retnan.o
         0          0          0          0          0          0   usenofp.o

    ----------------------------------------------------------------------
      5090        156        124          0         96      59975   Library Totals
        34          4          3          0          0          0   (incl. Padding)

    ----------------------------------------------------------------------

      Code (inc. data)   RO Data    RW Data    ZI Data      Debug   Library Name

      2972         64         57          0         96       2128   c_p.l
       416         44          0          0          0      56523   driverlib.a
      1668         44         64          0          0       1324   fz_ps.l

    ----------------------------------------------------------------------
      5090        156        124          0         96      59975   Library Totals

    ----------------------------------------------------------------------

==============================================================================


      Code (inc. data)   RO Data    RW Data    ZI Data      Debug   

     43880       4232      12376         36       7380     372035   Grand Totals
     43880       4232      12376         36       7380     372035   ELF Image Totals
     43880       4232      12376         36          0          0   ROM Totals

==============================================================================

    Total RO  Size (Code + RO Data)                56256 (  54.94kB)
    Total RW  Size (RW Data + ZI Data)              7416 (   7.24kB)
    Total ROM Size (Code + RO Data + RW Data)      56292 (  54.97kB)

==============================================================================

