<html>
<body>
<pre>
<h1>µVision Build Log</h1>
<h2>Tool Versions:</h2>
IDE-Version: ¦ÌVision V5.41.0.0
Copyright (C) 2024 ARM Ltd and ARM Germany GmbH. All rights reserved.
License Information: 1 huangkeqi2006@outlook.com, 1, LIC=CZLZX-HZM8H-FWJ2N-Y8DY3-8FH8E-F5IHD
 
Tool Versions:
Toolchain:       MDK-ARM Plus  Version: 5.41.0.0
Toolchain Path:  E:\keil5\ARM\ARMCLANG\Bin
C Compiler:      ArmClang.exe V6.22
Assembler:       Armasm.exe V6.22
Linker/Locator:  ArmLink.exe V6.22
Library Manager: ArmAr.exe V6.22
Hex Converter:   FromElf.exe V6.22
CPU DLL:         SARMCM3.DLL V5.41.0.0
Dialog DLL:      DARMCM1.DLL V1.19.6.0
Target DLL:      CMSIS_AGDI.dll V1.33.21.0
Dialog DLL:      TARMCM1.DLL V1.14.6.0
 
<h2>Project:</h2>
C:\Users\huang\Desktop\SCM\Project(2)\Project_backup_20260509_143231\project\LED_1_MSPM0.uvprojx
Project File Date:  04/13/2026

<h2>Output:</h2>
*** Using Compiler 'V6.22', folder: 'E:\keil5\ARM\ARMCLANG\Bin'
Rebuild target 'LED_1_MSPM0'
compiling Delay.c...
compiling pid.c...
compiling behavior_motion.c...
compiling device_track_sensor.c...
compiling empty.c...
assembling startup_mspm0g350x_uvision.s...
compiling app_system.c...
compiling AppTick.c...
compiling app_scheduler.c...
compiling Buzzer.c...
compiling ti_msp_dl_config.c...
compiling device_center.c...
compiling Serial.c...
compiling motion_control.c...
compiling OLED_Data.c...
compiling task_service.c...
compiling device_gyro.c...
compiling hal_board.c...
compiling menu.c...
compiling hal_chassis.c...
compiling interaction_service.c...
compiling menu_app.c...
compiling menu_port.c...
../app/OLED/OLED.c(992): warning: assigning to 'char *' from 'const char *' discards qualifiers [-Wincompatible-pointer-types-discards-qualifiers]
  992 |   for (p = format; *p != '\0'; p++) {
      |          ^ ~~~~~~
1 warning generated.
compiling OLED.c...
linking...
Program Size: Code=43880 RO-data=12376 RW-data=36 ZI-data=7380  
FromELF: creating hex file...
".\Objects\LED_1_MSPM0.axf" - 0 Error(s), 1 Warning(s).

<h2>Software Packages used:</h2>

Package Vendor: TexasInstruments
                https://software-dl.ti.com/msp430/esd/MSPM0-CMSIS/MSPM0G1X0X_G3X0X/latest/exports/TexasInstruments.MSPM0G1X0X_G3X0X_DFP.1.3.1.pack
                TexasInstruments::MSPM0G1X0X_G3X0X_DFP@1.3.1
                Device Family Pack for Texas Instruments MSPM0G1X0X_G3X0X Series

<h2>Collection of Component include folders:</h2>

<h2>Collection of Component Files used:</h2>
Build Time Elapsed:  00:00:03
</pre>
</body>
</html>
