<!doctype html public "-//w3c//dtd html 4.0 transitional//en">
<html><head>
<title>Static Call Graph - [.\Objects\LED_1_MSPM0.axf]</title></head>
<body><HR>
<H1>Static Call Graph for image .\Objects\LED_1_MSPM0.axf</H1><HR>
<BR><P>#&#060CALLGRAPH&#062# ARM Linker, 6220000: Last Updated: Mon Jul  6 18:34:41 2026
<BR><P>
<H3>Maximum Stack Usage =        648 bytes + Unknown(Cycles, Untraceable Function Pointers)</H3><H3>
Call chain for Maximum Stack Depth:</H3>
TaskService_Tick10ms &rArr; TaskService_RunQ2_700_Arc180_Arc180_R90_700 &rArr; DeviceCenter_ResetOdometry
<P>
<H3>
Mutually Recursive functions
</H3> <LI><a href="#[1]">NMI_Handler</a>&nbsp;&nbsp;&nbsp;&rArr;&nbsp;&nbsp;&nbsp;<a href="#[1]">NMI_Handler</a><BR>
 <LI><a href="#[2]">HardFault_Handler</a>&nbsp;&nbsp;&nbsp;&rArr;&nbsp;&nbsp;&nbsp;<a href="#[2]">HardFault_Handler</a><BR>
 <LI><a href="#[3]">SVC_Handler</a>&nbsp;&nbsp;&nbsp;&rArr;&nbsp;&nbsp;&nbsp;<a href="#[3]">SVC_Handler</a><BR>
 <LI><a href="#[4]">PendSV_Handler</a>&nbsp;&nbsp;&nbsp;&rArr;&nbsp;&nbsp;&nbsp;<a href="#[4]">PendSV_Handler</a><BR>
</UL>
<P>
<H3>
Function Pointers
</H3><UL>
 <LI><a href="#[a]">ADC0_IRQHandler</a> from startup_mspm0g350x_uvision.o(.text) referenced from startup_mspm0g350x_uvision.o(RESET)
 <LI><a href="#[b]">ADC1_IRQHandler</a> from startup_mspm0g350x_uvision.o(.text) referenced from startup_mspm0g350x_uvision.o(RESET)
 <LI><a href="#[1b]">AES_IRQHandler</a> from startup_mspm0g350x_uvision.o(.text) referenced from startup_mspm0g350x_uvision.o(RESET)
 <LI><a href="#[27]">AppSystem_DebugTick500ms</a> from app_system.o(.text.AppSystem_DebugTick500ms) referenced from app_system.o(.text.AppSystem_Init)
 <LI><a href="#[21]">AppSystem_HalTick1ms</a> from app_system.o(.text.AppSystem_HalTick1ms) referenced from app_system.o(.text.AppSystem_Init)
 <LI><a href="#[c]">CANFD0_IRQHandler</a> from startup_mspm0g350x_uvision.o(.text) referenced from startup_mspm0g350x_uvision.o(RESET)
 <LI><a href="#[d]">DAC0_IRQHandler</a> from startup_mspm0g350x_uvision.o(.text) referenced from startup_mspm0g350x_uvision.o(RESET)
 <LI><a href="#[1d]">DMA_IRQHandler</a> from startup_mspm0g350x_uvision.o(.text) referenced from startup_mspm0g350x_uvision.o(RESET)
 <LI><a href="#[24]">DeviceCenter_Tick10ms</a> from device_center.o(.text.DeviceCenter_Tick10ms) referenced from app_system.o(.text.AppSystem_Init)
 <LI><a href="#[6]">GROUP0_IRQHandler</a> from startup_mspm0g350x_uvision.o(.text) referenced from startup_mspm0g350x_uvision.o(RESET)
 <LI><a href="#[7]">GROUP1_IRQHandler</a> from hal_chassis.o(.text.GROUP1_IRQHandler) referenced from startup_mspm0g350x_uvision.o(RESET)
 <LI><a href="#[22]">HalChassis_Tick10ms</a> from hal_chassis.o(.text.HalChassis_Tick10ms) referenced from app_system.o(.text.AppSystem_Init)
 <LI><a href="#[2]">HardFault_Handler</a> from startup_mspm0g350x_uvision.o(.text) referenced from startup_mspm0g350x_uvision.o(RESET)
 <LI><a href="#[19]">I2C0_IRQHandler</a> from startup_mspm0g350x_uvision.o(.text) referenced from startup_mspm0g350x_uvision.o(RESET)
 <LI><a href="#[1a]">I2C1_IRQHandler</a> from startup_mspm0g350x_uvision.o(.text) referenced from startup_mspm0g350x_uvision.o(RESET)
 <LI><a href="#[26]">InteractionService_Tick50ms</a> from interaction_service.o(.text.InteractionService_Tick50ms) referenced from app_system.o(.text.AppSystem_Init)
 <LI><a href="#[25]">MotionControl_Tick10ms</a> from motion_control.o(.text.MotionControl_Tick10ms) referenced from app_system.o(.text.AppSystem_Init)
 <LI><a href="#[1]">NMI_Handler</a> from startup_mspm0g350x_uvision.o(.text) referenced from startup_mspm0g350x_uvision.o(RESET)
 <LI><a href="#[4]">PendSV_Handler</a> from startup_mspm0g350x_uvision.o(.text) referenced from startup_mspm0g350x_uvision.o(RESET)
 <LI><a href="#[1c]">RTC_IRQHandler</a> from startup_mspm0g350x_uvision.o(.text) referenced from startup_mspm0g350x_uvision.o(RESET)
 <LI><a href="#[0]">Reset_Handler</a> from startup_mspm0g350x_uvision.o(.text) referenced from startup_mspm0g350x_uvision.o(RESET)
 <LI><a href="#[e]">SPI0_IRQHandler</a> from startup_mspm0g350x_uvision.o(.text) referenced from startup_mspm0g350x_uvision.o(RESET)
 <LI><a href="#[f]">SPI1_IRQHandler</a> from startup_mspm0g350x_uvision.o(.text) referenced from startup_mspm0g350x_uvision.o(RESET)
 <LI><a href="#[3]">SVC_Handler</a> from startup_mspm0g350x_uvision.o(.text) referenced from startup_mspm0g350x_uvision.o(RESET)
 <LI><a href="#[5]">SysTick_Handler</a> from empty.o(.text.SysTick_Handler) referenced from startup_mspm0g350x_uvision.o(RESET)
 <LI><a href="#[15]">TIMA0_IRQHandler</a> from startup_mspm0g350x_uvision.o(.text) referenced from startup_mspm0g350x_uvision.o(RESET)
 <LI><a href="#[16]">TIMA1_IRQHandler</a> from startup_mspm0g350x_uvision.o(.text) referenced from startup_mspm0g350x_uvision.o(RESET)
 <LI><a href="#[13]">TIMG0_IRQHandler</a> from startup_mspm0g350x_uvision.o(.text) referenced from startup_mspm0g350x_uvision.o(RESET)
 <LI><a href="#[18]">TIMG12_IRQHandler</a> from startup_mspm0g350x_uvision.o(.text) referenced from startup_mspm0g350x_uvision.o(RESET)
 <LI><a href="#[14]">TIMG6_IRQHandler</a> from startup_mspm0g350x_uvision.o(.text) referenced from startup_mspm0g350x_uvision.o(RESET)
 <LI><a href="#[17]">TIMG7_IRQHandler</a> from startup_mspm0g350x_uvision.o(.text) referenced from startup_mspm0g350x_uvision.o(RESET)
 <LI><a href="#[8]">TIMG8_IRQHandler</a> from startup_mspm0g350x_uvision.o(.text) referenced from startup_mspm0g350x_uvision.o(RESET)
 <LI><a href="#[23]">TaskService_Tick10ms</a> from task_service.o(.text.TaskService_Tick10ms) referenced from app_system.o(.text.AppSystem_Init)
 <LI><a href="#[12]">UART0_IRQHandler</a> from startup_mspm0g350x_uvision.o(.text) referenced from startup_mspm0g350x_uvision.o(RESET)
 <LI><a href="#[10]">UART1_IRQHandler</a> from startup_mspm0g350x_uvision.o(.text) referenced from startup_mspm0g350x_uvision.o(RESET)
 <LI><a href="#[11]">UART2_IRQHandler</a> from startup_mspm0g350x_uvision.o(.text) referenced from startup_mspm0g350x_uvision.o(RESET)
 <LI><a href="#[9]">UART3_IRQHandler</a> from startup_mspm0g350x_uvision.o(.text) referenced from startup_mspm0g350x_uvision.o(RESET)
 <LI><a href="#[1e]">__main</a> from __main.o(!!!main) referenced from startup_mspm0g350x_uvision.o(.text)
 <LI><a href="#[20]">_printf_input_char</a> from _printf_char_common.o(.text) referenced from _printf_char_common.o(.text)
 <LI><a href="#[1f]">_snputc</a> from _snputc.o(.text) referenced from noretval__2snprintf.o(.text)
 <LI><a href="#[29]">act_abt</a> from menu_app.o(.text.act_abt) referenced from menu_app.o(.text.MenuApp_Init)
 <LI><a href="#[2d]">act_arc</a> from menu_app.o(.text.act_arc) referenced from menu_app.o(.text.MenuApp_Init)
 <LI><a href="#[3a]">act_arc_set</a> from menu_app.o(.text.act_arc_set) referenced from menu_app.o(.text.MenuApp_Init)
 <LI><a href="#[34]">act_bak</a> from menu_app.o(.text.act_bak) referenced from menu_app.o(.text.MenuApp_Init)
 <LI><a href="#[2e]">act_go1000</a> from menu_app.o(.text.act_go1000) referenced from menu_app.o(.text.MenuApp_Init)
 <LI><a href="#[35]">act_m1</a> from menu_app.o(.text.act_m1) referenced from menu_app.o(.text.MenuApp_Init)
 <LI><a href="#[36]">act_m2</a> from menu_app.o(.text.act_m2) referenced from menu_app.o(.text.MenuApp_Init)
 <LI><a href="#[30]">act_q2l</a> from menu_app.o(.text.act_q2l) referenced from menu_app.o(.text.MenuApp_Init)
 <LI><a href="#[31]">act_q2r</a> from menu_app.o(.text.act_q2r) referenced from menu_app.o(.text.MenuApp_Init)
 <LI><a href="#[32]">act_q3</a> from menu_app.o(.text.act_q3) referenced from menu_app.o(.text.MenuApp_Init)
 <LI><a href="#[33]">act_q4</a> from menu_app.o(.text.act_q4) referenced from menu_app.o(.text.MenuApp_Init)
 <LI><a href="#[2f]">act_route250</a> from menu_app.o(.text.act_route250) referenced from menu_app.o(.text.MenuApp_Init)
 <LI><a href="#[2a]">act_run_a</a> from menu_app.o(.text.act_run_a) referenced from menu_app.o(.text.MenuApp_Init)
 <LI><a href="#[2b]">act_run_b</a> from menu_app.o(.text.act_run_b) referenced from menu_app.o(.text.MenuApp_Init)
 <LI><a href="#[39]">act_set</a> from menu_app.o(.text.act_set) referenced from menu_app.o(.text.MenuApp_Init)
 <LI><a href="#[28]">act_sns</a> from menu_app.o(.text.act_sns) referenced from menu_app.o(.text.MenuApp_Init)
 <LI><a href="#[2c]">act_straight</a> from menu_app.o(.text.act_straight) referenced from menu_app.o(.text.MenuApp_Init)
 <LI><a href="#[37]">act_tl90</a> from menu_app.o(.text.act_tl90) referenced from menu_app.o(.text.MenuApp_Init)
 <LI><a href="#[38]">act_tr90</a> from menu_app.o(.text.act_tr90) referenced from menu_app.o(.text.MenuApp_Init)
</UL>
<P>
<H3>
Global Symbols
</H3>
<P><STRONG><a name="[1e]"></a>__main</STRONG> (Thumb, 8 bytes, Stack size 0 bytes, __main.o(!!!main))
<BR><BR>[Calls]<UL><LI><a href="#[3b]">&gt;&gt;</a>&nbsp;&nbsp;&nbsp;__scatterload
<LI><a href="#[3c]">&gt;&gt;</a>&nbsp;&nbsp;&nbsp;__rt_entry
</UL>
<BR>[Address Reference Count : 1]<UL><LI> startup_mspm0g350x_uvision.o(.text)
</UL>
<P><STRONG><a name="[3b]"></a>__scatterload</STRONG> (Thumb, 0 bytes, Stack size unknown bytes, __scatter.o(!!!scatter))
<BR><BR>[Called By]<UL><LI><a href="#[1e]">&gt;&gt;</a>&nbsp;&nbsp;&nbsp;__main
</UL>

<P><STRONG><a name="[3d]"></a>__scatterload_rt2</STRONG> (Thumb, 74 bytes, Stack size unknown bytes, __scatter.o(!!!scatter), UNUSED)
<BR><BR>[Calls]<UL><LI><a href="#[3c]">&gt;&gt;</a>&nbsp;&nbsp;&nbsp;__rt_entry
</UL>

<P><STRONG><a name="[10f]"></a>__scatterload_rt2_thumb_only</STRONG> (Thumb, 0 bytes, Stack size unknown bytes, __scatter.o(!!!scatter), UNUSED)

<P><STRONG><a name="[110]"></a>__scatterload_loop</STRONG> (Thumb, 0 bytes, Stack size unknown bytes, __scatter.o(!!!scatter), UNUSED)

<P><STRONG><a name="[3e]"></a>__scatterload_copy</STRONG> (Thumb, 26 bytes, Stack size unknown bytes, __scatter_copy.o(!!handler_copy), UNUSED)
<BR><BR>[Calls]<UL><LI><a href="#[3e]">&gt;&gt;</a>&nbsp;&nbsp;&nbsp;__scatterload_copy
</UL>
<BR>[Called By]<UL><LI><a href="#[3e]">&gt;&gt;</a>&nbsp;&nbsp;&nbsp;__scatterload_copy
</UL>

<P><STRONG><a name="[111]"></a>__scatterload_null</STRONG> (Thumb, 2 bytes, Stack size unknown bytes, __scatter.o(!!handler_null), UNUSED)

<P><STRONG><a name="[112]"></a>__scatterload_zeroinit</STRONG> (Thumb, 28 bytes, Stack size unknown bytes, __scatter_zi.o(!!handler_zi), UNUSED)

<P><STRONG><a name="[60]"></a>_printf_percent</STRONG> (Thumb, 0 bytes, Stack size unknown bytes, _printf_percent.o(.ARM.Collect$$_printf_percent$$00000000))
<BR><BR>[Called By]<UL><LI><a href="#[5e]">&gt;&gt;</a>&nbsp;&nbsp;&nbsp;__printf
</UL>

<P><STRONG><a name="[3f]"></a>_printf_d</STRONG> (Thumb, 0 bytes, Stack size unknown bytes, _printf_d.o(.ARM.Collect$$_printf_percent$$00000009))
<BR><BR>[Stack]<UL><LI>Max Depth = 88 + Unknown Stack Size
<LI>Call Chain = _printf_d &rArr; _printf_u &rArr; _printf_int_dec &rArr; _printf_int_common &rArr; _printf_post_padding
</UL>
<BR>[Calls]<UL><LI><a href="#[40]">&gt;&gt;</a>&nbsp;&nbsp;&nbsp;_printf_u
<LI><a href="#[41]">&gt;&gt;</a>&nbsp;&nbsp;&nbsp;_printf_int_dec
</UL>

<P><STRONG><a name="[40]"></a>_printf_u</STRONG> (Thumb, 0 bytes, Stack size unknown bytes, _printf_u.o(.ARM.Collect$$_printf_percent$$0000000A))
<BR><BR>[Stack]<UL><LI>Max Depth = 88 + Unknown Stack Size
<LI>Call Chain = _printf_u &rArr; _printf_int_dec &rArr; _printf_int_common &rArr; _printf_post_padding
</UL>
<BR>[Calls]<UL><LI><a href="#[42]">&gt;&gt;</a>&nbsp;&nbsp;&nbsp;_printf_x
<LI><a href="#[41]">&gt;&gt;</a>&nbsp;&nbsp;&nbsp;_printf_int_dec
</UL>
<BR>[Called By]<UL><LI><a href="#[3f]">&gt;&gt;</a>&nbsp;&nbsp;&nbsp;_printf_d
</UL>

<P><STRONG><a name="[42]"></a>_printf_x</STRONG> (Thumb, 0 bytes, Stack size unknown bytes, _printf_x.o(.ARM.Collect$$_printf_percent$$0000000C))
<BR><BR>[Stack]<UL><LI>Max Depth = 72 + Unknown Stack Size
<LI>Call Chain = _printf_x &rArr; _printf_int_hex &rArr; _printf_int_common &rArr; _printf_post_padding
</UL>
<BR>[Calls]<UL><LI><a href="#[43]">&gt;&gt;</a>&nbsp;&nbsp;&nbsp;_printf_c
<LI><a href="#[44]">&gt;&gt;</a>&nbsp;&nbsp;&nbsp;_printf_int_hex
</UL>
<BR>[Called By]<UL><LI><a href="#[40]">&gt;&gt;</a>&nbsp;&nbsp;&nbsp;_printf_u
</UL>

<P><STRONG><a name="[43]"></a>_printf_c</STRONG> (Thumb, 0 bytes, Stack size unknown bytes, _printf_c.o(.ARM.Collect$$_printf_percent$$00000013))
<BR><BR>[Stack]<UL><LI>Max Depth = 40 + Unknown Stack Size
<LI>Call Chain = _printf_c &rArr; _printf_s &rArr; _printf_string &rArr; _printf_cs_common &rArr; _printf_str &rArr; _printf_post_padding
</UL>
<BR>[Calls]<UL><LI><a href="#[45]">&gt;&gt;</a>&nbsp;&nbsp;&nbsp;_printf_s
<LI><a href="#[46]">&gt;&gt;</a>&nbsp;&nbsp;&nbsp;_printf_char
</UL>
<BR>[Called By]<UL><LI><a href="#[42]">&gt;&gt;</a>&nbsp;&nbsp;&nbsp;_printf_x
</UL>

<P><STRONG><a name="[45]"></a>_printf_s</STRONG> (Thumb, 0 bytes, Stack size unknown bytes, _printf_s.o(.ARM.Collect$$_printf_percent$$00000014))
<BR><BR>[Stack]<UL><LI>Max Depth = 40 + Unknown Stack Size
<LI>Call Chain = _printf_s &rArr; _printf_string &rArr; _printf_cs_common &rArr; _printf_str &rArr; _printf_post_padding
</UL>
<BR>[Calls]<UL><LI><a href="#[47]">&gt;&gt;</a>&nbsp;&nbsp;&nbsp;_printf_percent_end
<LI><a href="#[48]">&gt;&gt;</a>&nbsp;&nbsp;&nbsp;_printf_string
</UL>
<BR>[Called By]<UL><LI><a href="#[43]">&gt;&gt;</a>&nbsp;&nbsp;&nbsp;_printf_c
</UL>

<P><STRONG><a name="[47]"></a>_printf_percent_end</STRONG> (Thumb, 0 bytes, Stack size unknown bytes, _printf_percent_end.o(.ARM.Collect$$_printf_percent$$00000017))
<BR><BR>[Called By]<UL><LI><a href="#[45]">&gt;&gt;</a>&nbsp;&nbsp;&nbsp;_printf_s
</UL>

<P><STRONG><a name="[4c]"></a>__rt_lib_init</STRONG> (Thumb, 0 bytes, Stack size unknown bytes, libinit.o(.ARM.Collect$$libinit$$00000000))
<BR><BR>[Called By]<UL><LI><a href="#[4b]">&gt;&gt;</a>&nbsp;&nbsp;&nbsp;__rt_entry_li
</UL>

<P><STRONG><a name="[113]"></a>__rt_lib_init_alloca_1</STRONG> (Thumb, 0 bytes, Stack size unknown bytes, libinit2.o(.ARM.Collect$$libinit$$00000030))

<P><STRONG><a name="[114]"></a>__rt_lib_init_argv_1</STRONG> (Thumb, 0 bytes, Stack size unknown bytes, libinit2.o(.ARM.Collect$$libinit$$0000002E))

<P><STRONG><a name="[115]"></a>__rt_lib_init_atexit_1</STRONG> (Thumb, 0 bytes, Stack size unknown bytes, libinit2.o(.ARM.Collect$$libinit$$0000001D))

<P><STRONG><a name="[116]"></a>__rt_lib_init_clock_1</STRONG> (Thumb, 0 bytes, Stack size unknown bytes, libinit2.o(.ARM.Collect$$libinit$$00000023))

<P><STRONG><a name="[117]"></a>__rt_lib_init_cpp_1</STRONG> (Thumb, 0 bytes, Stack size unknown bytes, libinit2.o(.ARM.Collect$$libinit$$00000034))

<P><STRONG><a name="[118]"></a>__rt_lib_init_exceptions_1</STRONG> (Thumb, 0 bytes, Stack size unknown bytes, libinit2.o(.ARM.Collect$$libinit$$00000032))

<P><STRONG><a name="[119]"></a>__rt_lib_init_fp_1</STRONG> (Thumb, 0 bytes, Stack size unknown bytes, libinit2.o(.ARM.Collect$$libinit$$00000002))

<P><STRONG><a name="[11a]"></a>__rt_lib_init_fp_trap_1</STRONG> (Thumb, 0 bytes, Stack size unknown bytes, libinit2.o(.ARM.Collect$$libinit$$00000021))

<P><STRONG><a name="[11b]"></a>__rt_lib_init_getenv_1</STRONG> (Thumb, 0 bytes, Stack size unknown bytes, libinit2.o(.ARM.Collect$$libinit$$00000025))

<P><STRONG><a name="[11c]"></a>__rt_lib_init_heap_1</STRONG> (Thumb, 0 bytes, Stack size unknown bytes, libinit2.o(.ARM.Collect$$libinit$$0000000C))

<P><STRONG><a name="[11d]"></a>__rt_lib_init_lc_collate_1</STRONG> (Thumb, 0 bytes, Stack size unknown bytes, libinit2.o(.ARM.Collect$$libinit$$00000013))

<P><STRONG><a name="[11e]"></a>__rt_lib_init_lc_ctype_1</STRONG> (Thumb, 0 bytes, Stack size unknown bytes, libinit2.o(.ARM.Collect$$libinit$$00000015))

<P><STRONG><a name="[11f]"></a>__rt_lib_init_lc_monetary_1</STRONG> (Thumb, 0 bytes, Stack size unknown bytes, libinit2.o(.ARM.Collect$$libinit$$00000017))

<P><STRONG><a name="[120]"></a>__rt_lib_init_lc_numeric_1</STRONG> (Thumb, 0 bytes, Stack size unknown bytes, libinit2.o(.ARM.Collect$$libinit$$00000019))

<P><STRONG><a name="[121]"></a>__rt_lib_init_lc_time_1</STRONG> (Thumb, 0 bytes, Stack size unknown bytes, libinit2.o(.ARM.Collect$$libinit$$0000001B))

<P><STRONG><a name="[122]"></a>__rt_lib_init_preinit_1</STRONG> (Thumb, 0 bytes, Stack size unknown bytes, libinit2.o(.ARM.Collect$$libinit$$00000006))

<P><STRONG><a name="[123]"></a>__rt_lib_init_rand_1</STRONG> (Thumb, 0 bytes, Stack size unknown bytes, libinit2.o(.ARM.Collect$$libinit$$00000010))

<P><STRONG><a name="[124]"></a>__rt_lib_init_relocate_pie_1</STRONG> (Thumb, 0 bytes, Stack size unknown bytes, libinit2.o(.ARM.Collect$$libinit$$00000004))

<P><STRONG><a name="[125]"></a>__rt_lib_init_return</STRONG> (Thumb, 0 bytes, Stack size unknown bytes, libinit2.o(.ARM.Collect$$libinit$$00000035))

<P><STRONG><a name="[126]"></a>__rt_lib_init_signal_1</STRONG> (Thumb, 0 bytes, Stack size unknown bytes, libinit2.o(.ARM.Collect$$libinit$$0000001F))

<P><STRONG><a name="[127]"></a>__rt_lib_init_stdio_1</STRONG> (Thumb, 0 bytes, Stack size unknown bytes, libinit2.o(.ARM.Collect$$libinit$$00000027))

<P><STRONG><a name="[128]"></a>__rt_lib_init_user_alloc_1</STRONG> (Thumb, 0 bytes, Stack size unknown bytes, libinit2.o(.ARM.Collect$$libinit$$0000000E))

<P><STRONG><a name="[51]"></a>__rt_lib_shutdown</STRONG> (Thumb, 0 bytes, Stack size unknown bytes, libshutdown.o(.ARM.Collect$$libshutdown$$00000000))
<BR><BR>[Called By]<UL><LI><a href="#[50]">&gt;&gt;</a>&nbsp;&nbsp;&nbsp;__rt_exit_ls
</UL>

<P><STRONG><a name="[129]"></a>__rt_lib_shutdown_cpp_1</STRONG> (Thumb, 0 bytes, Stack size unknown bytes, libshutdown2.o(.ARM.Collect$$libshutdown$$00000002))

<P><STRONG><a name="[12a]"></a>__rt_lib_shutdown_fp_trap_1</STRONG> (Thumb, 0 bytes, Stack size unknown bytes, libshutdown2.o(.ARM.Collect$$libshutdown$$00000007))

<P><STRONG><a name="[12b]"></a>__rt_lib_shutdown_heap_1</STRONG> (Thumb, 0 bytes, Stack size unknown bytes, libshutdown2.o(.ARM.Collect$$libshutdown$$0000000F))

<P><STRONG><a name="[12c]"></a>__rt_lib_shutdown_return</STRONG> (Thumb, 0 bytes, Stack size unknown bytes, libshutdown2.o(.ARM.Collect$$libshutdown$$00000010))

<P><STRONG><a name="[12d]"></a>__rt_lib_shutdown_signal_1</STRONG> (Thumb, 0 bytes, Stack size unknown bytes, libshutdown2.o(.ARM.Collect$$libshutdown$$0000000A))

<P><STRONG><a name="[12e]"></a>__rt_lib_shutdown_stdio_1</STRONG> (Thumb, 0 bytes, Stack size unknown bytes, libshutdown2.o(.ARM.Collect$$libshutdown$$00000004))

<P><STRONG><a name="[12f]"></a>__rt_lib_shutdown_user_alloc_1</STRONG> (Thumb, 0 bytes, Stack size unknown bytes, libshutdown2.o(.ARM.Collect$$libshutdown$$0000000C))

<P><STRONG><a name="[3c]"></a>__rt_entry</STRONG> (Thumb, 0 bytes, Stack size unknown bytes, __rtentry.o(.ARM.Collect$$rtentry$$00000000))
<BR><BR>[Called By]<UL><LI><a href="#[1e]">&gt;&gt;</a>&nbsp;&nbsp;&nbsp;__main
<LI><a href="#[3d]">&gt;&gt;</a>&nbsp;&nbsp;&nbsp;__scatterload_rt2
</UL>

<P><STRONG><a name="[130]"></a>__rt_entry_presh_1</STRONG> (Thumb, 0 bytes, Stack size unknown bytes, __rtentry2.o(.ARM.Collect$$rtentry$$00000002))

<P><STRONG><a name="[49]"></a>__rt_entry_sh</STRONG> (Thumb, 0 bytes, Stack size unknown bytes, __rtentry4.o(.ARM.Collect$$rtentry$$00000004))
<BR><BR>[Stack]<UL><LI>Max Depth = 8 + Unknown Stack Size
<LI>Call Chain = __rt_entry_sh &rArr; __user_setup_stackheap
</UL>
<BR>[Calls]<UL><LI><a href="#[4a]">&gt;&gt;</a>&nbsp;&nbsp;&nbsp;__user_setup_stackheap
</UL>

<P><STRONG><a name="[4b]"></a>__rt_entry_li</STRONG> (Thumb, 0 bytes, Stack size unknown bytes, __rtentry2.o(.ARM.Collect$$rtentry$$0000000A))
<BR><BR>[Calls]<UL><LI><a href="#[4c]">&gt;&gt;</a>&nbsp;&nbsp;&nbsp;__rt_lib_init
</UL>

<P><STRONG><a name="[131]"></a>__rt_entry_postsh_1</STRONG> (Thumb, 0 bytes, Stack size unknown bytes, __rtentry2.o(.ARM.Collect$$rtentry$$00000009))

<P><STRONG><a name="[4d]"></a>__rt_entry_main</STRONG> (Thumb, 0 bytes, Stack size unknown bytes, __rtentry2.o(.ARM.Collect$$rtentry$$0000000D))
<BR><BR>[Stack]<UL><LI>Max Depth = 616 + Unknown Stack Size
<LI>Call Chain = __rt_entry_main &rArr; main &rArr; MenuApp_Tick &rArr; InteractionService_SettingsNext &rArr; InteractionService_UpdateRuntimePage &rArr; InteractionService_RenderSettingsPage &rArr; InteractionService_SetPage &rArr; __aeabi_memcpy
</UL>
<BR>[Calls]<UL><LI><a href="#[4e]">&gt;&gt;</a>&nbsp;&nbsp;&nbsp;main
<LI><a href="#[4f]">&gt;&gt;</a>&nbsp;&nbsp;&nbsp;exit
</UL>

<P><STRONG><a name="[132]"></a>__rt_entry_postli_1</STRONG> (Thumb, 0 bytes, Stack size unknown bytes, __rtentry2.o(.ARM.Collect$$rtentry$$0000000C))

<P><STRONG><a name="[77]"></a>__rt_exit</STRONG> (Thumb, 0 bytes, Stack size unknown bytes, rtexit.o(.ARM.Collect$$rtexit$$00000000))
<BR><BR>[Called By]<UL><LI><a href="#[4f]">&gt;&gt;</a>&nbsp;&nbsp;&nbsp;exit
</UL>

<P><STRONG><a name="[50]"></a>__rt_exit_ls</STRONG> (Thumb, 0 bytes, Stack size unknown bytes, rtexit2.o(.ARM.Collect$$rtexit$$00000003))
<BR><BR>[Calls]<UL><LI><a href="#[51]">&gt;&gt;</a>&nbsp;&nbsp;&nbsp;__rt_lib_shutdown
</UL>

<P><STRONG><a name="[133]"></a>__rt_exit_prels_1</STRONG> (Thumb, 0 bytes, Stack size unknown bytes, rtexit2.o(.ARM.Collect$$rtexit$$00000002))

<P><STRONG><a name="[52]"></a>__rt_exit_exit</STRONG> (Thumb, 0 bytes, Stack size unknown bytes, rtexit2.o(.ARM.Collect$$rtexit$$00000004))
<BR><BR>[Calls]<UL><LI><a href="#[53]">&gt;&gt;</a>&nbsp;&nbsp;&nbsp;_sys_exit
</UL>

<P><STRONG><a name="[62]"></a>__aeabi_memcpy4</STRONG> (Thumb, 56 bytes, Stack size 0 bytes, rt_memcpy.o(.emb_text))
<BR><BR>[Called By]<UL><LI><a href="#[7e]">&gt;&gt;</a>&nbsp;&nbsp;&nbsp;DeviceCenter_GetSnapshot
<LI><a href="#[7d]">&gt;&gt;</a>&nbsp;&nbsp;&nbsp;MotionControl_GetStatus
<LI><a href="#[61]">&gt;&gt;</a>&nbsp;&nbsp;&nbsp;__aeabi_memcpy
</UL>

<P><STRONG><a name="[134]"></a>__aeabi_memcpy8</STRONG> (Thumb, 0 bytes, Stack size 0 bytes, rt_memcpy.o(.emb_text), UNUSED)

<P><STRONG><a name="[0]"></a>Reset_Handler</STRONG> (Thumb, 4 bytes, Stack size 0 bytes, startup_mspm0g350x_uvision.o(.text))
<BR>[Address Reference Count : 1]<UL><LI> startup_mspm0g350x_uvision.o(RESET)
</UL>
<P><STRONG><a name="[1]"></a>NMI_Handler</STRONG> (Thumb, 2 bytes, Stack size 0 bytes, startup_mspm0g350x_uvision.o(.text))
<BR><BR>[Calls]<UL><LI><a href="#[1]">&gt;&gt;</a>&nbsp;&nbsp;&nbsp;NMI_Handler
</UL>
<BR>[Called By]<UL><LI><a href="#[1]">&gt;&gt;</a>&nbsp;&nbsp;&nbsp;NMI_Handler
</UL>
<BR>[Address Reference Count : 1]<UL><LI> startup_mspm0g350x_uvision.o(RESET)
</UL>
<P><STRONG><a name="[2]"></a>HardFault_Handler</STRONG> (Thumb, 2 bytes, Stack size 0 bytes, startup_mspm0g350x_uvision.o(.text))
<BR><BR>[Calls]<UL><LI><a href="#[2]">&gt;&gt;</a>&nbsp;&nbsp;&nbsp;HardFault_Handler
</UL>
<BR>[Called By]<UL><LI><a href="#[2]">&gt;&gt;</a>&nbsp;&nbsp;&nbsp;HardFault_Handler
</UL>
<BR>[Address Reference Count : 1]<UL><LI> startup_mspm0g350x_uvision.o(RESET)
</UL>
<P><STRONG><a name="[3]"></a>SVC_Handler</STRONG> (Thumb, 2 bytes, Stack size 0 bytes, startup_mspm0g350x_uvision.o(.text))
<BR><BR>[Calls]<UL><LI><a href="#[3]">&gt;&gt;</a>&nbsp;&nbsp;&nbsp;SVC_Handler
</UL>
<BR>[Called By]<UL><LI><a href="#[3]">&gt;&gt;</a>&nbsp;&nbsp;&nbsp;SVC_Handler
</UL>
<BR>[Address Reference Count : 1]<UL><LI> startup_mspm0g350x_uvision.o(RESET)
</UL>
<P><STRONG><a name="[4]"></a>PendSV_Handler</STRONG> (Thumb, 2 bytes, Stack size 0 bytes, startup_mspm0g350x_uvision.o(.text))
<BR><BR>[Calls]<UL><LI><a href="#[4]">&gt;&gt;</a>&nbsp;&nbsp;&nbsp;PendSV_Handler
</UL>
<BR>[Called By]<UL><LI><a href="#[4]">&gt;&gt;</a>&nbsp;&nbsp;&nbsp;PendSV_Handler
</UL>
<BR>[Address Reference Count : 1]<UL><LI> startup_mspm0g350x_uvision.o(RESET)
</UL>
<P><STRONG><a name="[a]"></a>ADC0_IRQHandler</STRONG> (Thumb, 0 bytes, Stack size 0 bytes, startup_mspm0g350x_uvision.o(.text))
<BR>[Address Reference Count : 1]<UL><LI> startup_mspm0g350x_uvision.o(RESET)
</UL>
<P><STRONG><a name="[b]"></a>ADC1_IRQHandler</STRONG> (Thumb, 0 bytes, Stack size 0 bytes, startup_mspm0g350x_uvision.o(.text))
<BR>[Address Reference Count : 1]<UL><LI> startup_mspm0g350x_uvision.o(RESET)
</UL>
<P><STRONG><a name="[1b]"></a>AES_IRQHandler</STRONG> (Thumb, 0 bytes, Stack size 0 bytes, startup_mspm0g350x_uvision.o(.text))
<BR>[Address Reference Count : 1]<UL><LI> startup_mspm0g350x_uvision.o(RESET)
</UL>
<P><STRONG><a name="[c]"></a>CANFD0_IRQHandler</STRONG> (Thumb, 0 bytes, Stack size 0 bytes, startup_mspm0g350x_uvision.o(.text))
<BR>[Address Reference Count : 1]<UL><LI> startup_mspm0g350x_uvision.o(RESET)
</UL>
<P><STRONG><a name="[d]"></a>DAC0_IRQHandler</STRONG> (Thumb, 0 bytes, Stack size 0 bytes, startup_mspm0g350x_uvision.o(.text))
<BR>[Address Reference Count : 1]<UL><LI> startup_mspm0g350x_uvision.o(RESET)
</UL>
<P><STRONG><a name="[1d]"></a>DMA_IRQHandler</STRONG> (Thumb, 0 bytes, Stack size 0 bytes, startup_mspm0g350x_uvision.o(.text))
<BR>[Address Reference Count : 1]<UL><LI> startup_mspm0g350x_uvision.o(RESET)
</UL>
<P><STRONG><a name="[54]"></a>Default_Handler</STRONG> (Thumb, 2 bytes, Stack size 0 bytes, startup_mspm0g350x_uvision.o(.text), UNUSED)
<BR><BR>[Calls]<UL><LI><a href="#[54]">&gt;&gt;</a>&nbsp;&nbsp;&nbsp;Default_Handler
</UL>
<BR>[Called By]<UL><LI><a href="#[54]">&gt;&gt;</a>&nbsp;&nbsp;&nbsp;Default_Handler
</UL>

<P><STRONG><a name="[6]"></a>GROUP0_IRQHandler</STRONG> (Thumb, 0 bytes, Stack size 0 bytes, startup_mspm0g350x_uvision.o(.text))
<BR>[Address Reference Count : 1]<UL><LI> startup_mspm0g350x_uvision.o(RESET)
</UL>
<P><STRONG><a name="[19]"></a>I2C0_IRQHandler</STRONG> (Thumb, 0 bytes, Stack size 0 bytes, startup_mspm0g350x_uvision.o(.text))
<BR>[Address Reference Count : 1]<UL><LI> startup_mspm0g350x_uvision.o(RESET)
</UL>
<P><STRONG><a name="[1a]"></a>I2C1_IRQHandler</STRONG> (Thumb, 0 bytes, Stack size 0 bytes, startup_mspm0g350x_uvision.o(.text))
<BR>[Address Reference Count : 1]<UL><LI> startup_mspm0g350x_uvision.o(RESET)
</UL>
<P><STRONG><a name="[1c]"></a>RTC_IRQHandler</STRONG> (Thumb, 0 bytes, Stack size 0 bytes, startup_mspm0g350x_uvision.o(.text))
<BR>[Address Reference Count : 1]<UL><LI> startup_mspm0g350x_uvision.o(RESET)
</UL>
<P><STRONG><a name="[e]"></a>SPI0_IRQHandler</STRONG> (Thumb, 0 bytes, Stack size 0 bytes, startup_mspm0g350x_uvision.o(.text))
<BR>[Address Reference Count : 1]<UL><LI> startup_mspm0g350x_uvision.o(RESET)
</UL>
<P><STRONG><a name="[f]"></a>SPI1_IRQHandler</STRONG> (Thumb, 0 bytes, Stack size 0 bytes, startup_mspm0g350x_uvision.o(.text))
<BR>[Address Reference Count : 1]<UL><LI> startup_mspm0g350x_uvision.o(RESET)
</UL>
<P><STRONG><a name="[15]"></a>TIMA0_IRQHandler</STRONG> (Thumb, 0 bytes, Stack size 0 bytes, startup_mspm0g350x_uvision.o(.text))
<BR>[Address Reference Count : 1]<UL><LI> startup_mspm0g350x_uvision.o(RESET)
</UL>
<P><STRONG><a name="[16]"></a>TIMA1_IRQHandler</STRONG> (Thumb, 0 bytes, Stack size 0 bytes, startup_mspm0g350x_uvision.o(.text))
<BR>[Address Reference Count : 1]<UL><LI> startup_mspm0g350x_uvision.o(RESET)
</UL>
<P><STRONG><a name="[13]"></a>TIMG0_IRQHandler</STRONG> (Thumb, 0 bytes, Stack size 0 bytes, startup_mspm0g350x_uvision.o(.text))
<BR>[Address Reference Count : 1]<UL><LI> startup_mspm0g350x_uvision.o(RESET)
</UL>
<P><STRONG><a name="[18]"></a>TIMG12_IRQHandler</STRONG> (Thumb, 0 bytes, Stack size 0 bytes, startup_mspm0g350x_uvision.o(.text))
<BR>[Address Reference Count : 1]<UL><LI> startup_mspm0g350x_uvision.o(RESET)
</UL>
<P><STRONG><a name="[14]"></a>TIMG6_IRQHandler</STRONG> (Thumb, 0 bytes, Stack size 0 bytes, startup_mspm0g350x_uvision.o(.text))
<BR>[Address Reference Count : 1]<UL><LI> startup_mspm0g350x_uvision.o(RESET)
</UL>
<P><STRONG><a name="[17]"></a>TIMG7_IRQHandler</STRONG> (Thumb, 0 bytes, Stack size 0 bytes, startup_mspm0g350x_uvision.o(.text))
<BR>[Address Reference Count : 1]<UL><LI> startup_mspm0g350x_uvision.o(RESET)
</UL>
<P><STRONG><a name="[8]"></a>TIMG8_IRQHandler</STRONG> (Thumb, 0 bytes, Stack size 0 bytes, startup_mspm0g350x_uvision.o(.text))
<BR>[Address Reference Count : 1]<UL><LI> startup_mspm0g350x_uvision.o(RESET)
</UL>
<P><STRONG><a name="[12]"></a>UART0_IRQHandler</STRONG> (Thumb, 0 bytes, Stack size 0 bytes, startup_mspm0g350x_uvision.o(.text))
<BR>[Address Reference Count : 1]<UL><LI> startup_mspm0g350x_uvision.o(RESET)
</UL>
<P><STRONG><a name="[10]"></a>UART1_IRQHandler</STRONG> (Thumb, 0 bytes, Stack size 0 bytes, startup_mspm0g350x_uvision.o(.text))
<BR>[Address Reference Count : 1]<UL><LI> startup_mspm0g350x_uvision.o(RESET)
</UL>
<P><STRONG><a name="[11]"></a>UART2_IRQHandler</STRONG> (Thumb, 0 bytes, Stack size 0 bytes, startup_mspm0g350x_uvision.o(.text))
<BR>[Address Reference Count : 1]<UL><LI> startup_mspm0g350x_uvision.o(RESET)
</UL>
<P><STRONG><a name="[9]"></a>UART3_IRQHandler</STRONG> (Thumb, 0 bytes, Stack size 0 bytes, startup_mspm0g350x_uvision.o(.text))
<BR>[Address Reference Count : 1]<UL><LI> startup_mspm0g350x_uvision.o(RESET)
</UL>
<P><STRONG><a name="[75]"></a>__user_initial_stackheap</STRONG> (Thumb, 10 bytes, Stack size 0 bytes, startup_mspm0g350x_uvision.o(.text))
<BR><BR>[Called By]<UL><LI><a href="#[4a]">&gt;&gt;</a>&nbsp;&nbsp;&nbsp;__user_setup_stackheap
</UL>

<P><STRONG><a name="[55]"></a>__2snprintf</STRONG> (Thumb, 60 bytes, Stack size 32 bytes, noretval__2snprintf.o(.text))
<BR><BR>[Stack]<UL><LI>Max Depth = 128 + Unknown Stack Size
<LI>Call Chain = __2snprintf &rArr; _printf_char_common &rArr; __printf
</UL>
<BR>[Calls]<UL><LI><a href="#[56]">&gt;&gt;</a>&nbsp;&nbsp;&nbsp;_printf_char_common
</UL>
<BR>[Called By]<UL><LI><a href="#[c3]">&gt;&gt;</a>&nbsp;&nbsp;&nbsp;InteractionService_RenderSettingsPage
<LI><a href="#[c7]">&gt;&gt;</a>&nbsp;&nbsp;&nbsp;InteractionService_UpdateRuntimePage
<LI><a href="#[9e]">&gt;&gt;</a>&nbsp;&nbsp;&nbsp;DeviceGyro_Tick10ms
</UL>

<P><STRONG><a name="[58]"></a>_printf_pre_padding</STRONG> (Thumb, 44 bytes, Stack size 16 bytes, _printf_pad.o(.text))
<BR><BR>[Stack]<UL><LI>Max Depth = 16<LI>Call Chain = _printf_pre_padding
</UL>
<BR>[Called By]<UL><LI><a href="#[57]">&gt;&gt;</a>&nbsp;&nbsp;&nbsp;_printf_str
<LI><a href="#[5d]">&gt;&gt;</a>&nbsp;&nbsp;&nbsp;_printf_int_common
</UL>

<P><STRONG><a name="[59]"></a>_printf_post_padding</STRONG> (Thumb, 34 bytes, Stack size 16 bytes, _printf_pad.o(.text))
<BR><BR>[Stack]<UL><LI>Max Depth = 16<LI>Call Chain = _printf_post_padding
</UL>
<BR>[Called By]<UL><LI><a href="#[57]">&gt;&gt;</a>&nbsp;&nbsp;&nbsp;_printf_str
<LI><a href="#[5d]">&gt;&gt;</a>&nbsp;&nbsp;&nbsp;_printf_int_common
</UL>

<P><STRONG><a name="[57]"></a>_printf_str</STRONG> (Thumb, 82 bytes, Stack size 16 bytes, _printf_str.o(.text))
<BR><BR>[Stack]<UL><LI>Max Depth = 32<LI>Call Chain = _printf_str &rArr; _printf_post_padding
</UL>
<BR>[Calls]<UL><LI><a href="#[59]">&gt;&gt;</a>&nbsp;&nbsp;&nbsp;_printf_post_padding
<LI><a href="#[58]">&gt;&gt;</a>&nbsp;&nbsp;&nbsp;_printf_pre_padding
</UL>
<BR>[Called By]<UL><LI><a href="#[6f]">&gt;&gt;</a>&nbsp;&nbsp;&nbsp;_printf_cs_common
</UL>

<P><STRONG><a name="[41]"></a>_printf_int_dec</STRONG> (Thumb, 90 bytes, Stack size 32 bytes, _printf_dec.o(.text))
<BR><BR>[Stack]<UL><LI>Max Depth = 88<LI>Call Chain = _printf_int_dec &rArr; _printf_int_common &rArr; _printf_post_padding
</UL>
<BR>[Calls]<UL><LI><a href="#[5b]">&gt;&gt;</a>&nbsp;&nbsp;&nbsp;_printf_truncate_unsigned (Weak Reference)
<LI><a href="#[5a]">&gt;&gt;</a>&nbsp;&nbsp;&nbsp;_printf_truncate_signed (Weak Reference)
<LI><a href="#[5c]">&gt;&gt;</a>&nbsp;&nbsp;&nbsp;__rt_udiv10
<LI><a href="#[5d]">&gt;&gt;</a>&nbsp;&nbsp;&nbsp;_printf_int_common
</UL>
<BR>[Called By]<UL><LI><a href="#[40]">&gt;&gt;</a>&nbsp;&nbsp;&nbsp;_printf_u
<LI><a href="#[3f]">&gt;&gt;</a>&nbsp;&nbsp;&nbsp;_printf_d
</UL>

<P><STRONG><a name="[44]"></a>_printf_int_hex</STRONG> (Thumb, 84 bytes, Stack size 16 bytes, _printf_hex_int.o(.text))
<BR><BR>[Stack]<UL><LI>Max Depth = 72<LI>Call Chain = _printf_int_hex &rArr; _printf_int_common &rArr; _printf_post_padding
</UL>
<BR>[Calls]<UL><LI><a href="#[5b]">&gt;&gt;</a>&nbsp;&nbsp;&nbsp;_printf_truncate_unsigned (Weak Reference)
<LI><a href="#[5d]">&gt;&gt;</a>&nbsp;&nbsp;&nbsp;_printf_int_common
</UL>
<BR>[Called By]<UL><LI><a href="#[42]">&gt;&gt;</a>&nbsp;&nbsp;&nbsp;_printf_x
</UL>

<P><STRONG><a name="[135]"></a>_printf_longlong_hex</STRONG> (Thumb, 0 bytes, Stack size 16 bytes, _printf_hex_int.o(.text), UNUSED)

<P><STRONG><a name="[5e]"></a>__printf</STRONG> (Thumb, 386 bytes, Stack size 32 bytes, __printf_flags_ss_wp.o(.text))
<BR><BR>[Stack]<UL><LI>Max Depth = 32 + Unknown Stack Size
<LI>Call Chain = __printf
</UL>
<BR>[Calls]<UL><LI><a href="#[60]">&gt;&gt;</a>&nbsp;&nbsp;&nbsp;_printf_percent
<LI><a href="#[5f]">&gt;&gt;</a>&nbsp;&nbsp;&nbsp;_is_digit
</UL>
<BR>[Called By]<UL><LI><a href="#[56]">&gt;&gt;</a>&nbsp;&nbsp;&nbsp;_printf_char_common
</UL>

<P><STRONG><a name="[c8]"></a>memcmp</STRONG> (Thumb, 90 bytes, Stack size 8 bytes, memcmp.o(.text))
<BR><BR>[Stack]<UL><LI>Max Depth = 8<LI>Call Chain = memcmp
</UL>
<BR>[Called By]<UL><LI><a href="#[c4]">&gt;&gt;</a>&nbsp;&nbsp;&nbsp;InteractionService_SetPage
</UL>

<P><STRONG><a name="[61]"></a>__aeabi_memcpy</STRONG> (Thumb, 130 bytes, Stack size 24 bytes, rt_memcpy.o(.text))
<BR><BR>[Stack]<UL><LI>Max Depth = 24<LI>Call Chain = __aeabi_memcpy
</UL>
<BR>[Calls]<UL><LI><a href="#[62]">&gt;&gt;</a>&nbsp;&nbsp;&nbsp;__aeabi_memcpy4
</UL>
<BR>[Called By]<UL><LI><a href="#[c4]">&gt;&gt;</a>&nbsp;&nbsp;&nbsp;InteractionService_SetPage
<LI><a href="#[ac]">&gt;&gt;</a>&nbsp;&nbsp;&nbsp;DeviceGyro_ReadRawZ
<LI><a href="#[a1]">&gt;&gt;</a>&nbsp;&nbsp;&nbsp;HalChassis_GetMotorState
<LI><a href="#[a0]">&gt;&gt;</a>&nbsp;&nbsp;&nbsp;DeviceTrackSensor_GetSnapshot
<LI><a href="#[7c]">&gt;&gt;</a>&nbsp;&nbsp;&nbsp;TaskService_GetStatus
<LI><a href="#[c2]">&gt;&gt;</a>&nbsp;&nbsp;&nbsp;InteractionService_FetchPage
</UL>

<P><STRONG><a name="[136]"></a>__rt_memcpy</STRONG> (Thumb, 0 bytes, Stack size 24 bytes, rt_memcpy.o(.text), UNUSED)

<P><STRONG><a name="[63]"></a>__aeabi_memset</STRONG> (Thumb, 18 bytes, Stack size 8 bytes, aeabi_memset.o(.text))
<BR><BR>[Stack]<UL><LI>Max Depth = 8<LI>Call Chain = __aeabi_memset
</UL>
<BR>[Calls]<UL><LI><a href="#[64]">&gt;&gt;</a>&nbsp;&nbsp;&nbsp;_memset
</UL>
<BR>[Called By]<UL><LI><a href="#[c7]">&gt;&gt;</a>&nbsp;&nbsp;&nbsp;InteractionService_UpdateRuntimePage
</UL>

<P><STRONG><a name="[65]"></a>_memset_w</STRONG> (Thumb, 26 bytes, Stack size 0 bytes, rt_memclr.o(.text))
<BR><BR>[Called By]<UL><LI><a href="#[67]">&gt;&gt;</a>&nbsp;&nbsp;&nbsp;__rt_memclr_w
<LI><a href="#[64]">&gt;&gt;</a>&nbsp;&nbsp;&nbsp;_memset
</UL>

<P><STRONG><a name="[64]"></a>_memset</STRONG> (Thumb, 30 bytes, Stack size 0 bytes, rt_memclr.o(.text))
<BR><BR>[Calls]<UL><LI><a href="#[65]">&gt;&gt;</a>&nbsp;&nbsp;&nbsp;_memset_w
</UL>
<BR>[Called By]<UL><LI><a href="#[66]">&gt;&gt;</a>&nbsp;&nbsp;&nbsp;__aeabi_memclr
<LI><a href="#[63]">&gt;&gt;</a>&nbsp;&nbsp;&nbsp;__aeabi_memset
</UL>

<P><STRONG><a name="[66]"></a>__aeabi_memclr</STRONG> (Thumb, 4 bytes, Stack size 0 bytes, rt_memclr.o(.text))
<BR><BR>[Calls]<UL><LI><a href="#[64]">&gt;&gt;</a>&nbsp;&nbsp;&nbsp;_memset
</UL>
<BR>[Called By]<UL><LI><a href="#[c4]">&gt;&gt;</a>&nbsp;&nbsp;&nbsp;InteractionService_SetPage
<LI><a href="#[ac]">&gt;&gt;</a>&nbsp;&nbsp;&nbsp;DeviceGyro_ReadRawZ
<LI><a href="#[90]">&gt;&gt;</a>&nbsp;&nbsp;&nbsp;BehaviorMotion_TurnToHeading
<LI><a href="#[8f]">&gt;&gt;</a>&nbsp;&nbsp;&nbsp;BehaviorMotion_Turn
<LI><a href="#[8d]">&gt;&gt;</a>&nbsp;&nbsp;&nbsp;BehaviorMotion_OpenLoop
<LI><a href="#[8e]">&gt;&gt;</a>&nbsp;&nbsp;&nbsp;BehaviorMotion_Stop
<LI><a href="#[85]">&gt;&gt;</a>&nbsp;&nbsp;&nbsp;BehaviorMotion_Init
<LI><a href="#[d0]">&gt;&gt;</a>&nbsp;&nbsp;&nbsp;MenuApp_OpenAction
</UL>

<P><STRONG><a name="[69]"></a>__rt_memclr</STRONG> (Thumb, 0 bytes, Stack size 0 bytes, rt_memclr.o(.text))
<BR><BR>[Called By]<UL><LI><a href="#[68]">&gt;&gt;</a>&nbsp;&nbsp;&nbsp;strncpy
</UL>

<P><STRONG><a name="[97]"></a>__aeabi_memclr4</STRONG> (Thumb, 0 bytes, Stack size 0 bytes, rt_memclr.o(.text))
<BR><BR>[Called By]<UL><LI><a href="#[9a]">&gt;&gt;</a>&nbsp;&nbsp;&nbsp;DeviceCenter_ResetOdometry
<LI><a href="#[96]">&gt;&gt;</a>&nbsp;&nbsp;&nbsp;DeviceGyro_Init
<LI><a href="#[25]">&gt;&gt;</a>&nbsp;&nbsp;&nbsp;MotionControl_Tick10ms
<LI><a href="#[24]">&gt;&gt;</a>&nbsp;&nbsp;&nbsp;DeviceCenter_Tick10ms
<LI><a href="#[88]">&gt;&gt;</a>&nbsp;&nbsp;&nbsp;InteractionService_Init
<LI><a href="#[86]">&gt;&gt;</a>&nbsp;&nbsp;&nbsp;MotionControl_Init
<LI><a href="#[84]">&gt;&gt;</a>&nbsp;&nbsp;&nbsp;DeviceCenter_Init
<LI><a href="#[e8]">&gt;&gt;</a>&nbsp;&nbsp;&nbsp;OLED_Init
<LI><a href="#[d2]">&gt;&gt;</a>&nbsp;&nbsp;&nbsp;OLED_Clear
</UL>

<P><STRONG><a name="[137]"></a>__aeabi_memclr8</STRONG> (Thumb, 0 bytes, Stack size 0 bytes, rt_memclr.o(.text), UNUSED)

<P><STRONG><a name="[67]"></a>__rt_memclr_w</STRONG> (Thumb, 4 bytes, Stack size 0 bytes, rt_memclr.o(.text), UNUSED)
<BR><BR>[Calls]<UL><LI><a href="#[65]">&gt;&gt;</a>&nbsp;&nbsp;&nbsp;_memset_w
</UL>

<P><STRONG><a name="[68]"></a>strncpy</STRONG> (Thumb, 104 bytes, Stack size 24 bytes, strncpy.o(.text))
<BR><BR>[Stack]<UL><LI>Max Depth = 24<LI>Call Chain = strncpy
</UL>
<BR>[Calls]<UL><LI><a href="#[69]">&gt;&gt;</a>&nbsp;&nbsp;&nbsp;__rt_memclr
</UL>
<BR>[Called By]<UL><LI><a href="#[af]">&gt;&gt;</a>&nbsp;&nbsp;&nbsp;DeviceGyro_SetRetry
<LI><a href="#[ae]">&gt;&gt;</a>&nbsp;&nbsp;&nbsp;DeviceGyro_SetDebugText
<LI><a href="#[9e]">&gt;&gt;</a>&nbsp;&nbsp;&nbsp;DeviceGyro_Tick10ms
</UL>

<P><STRONG><a name="[cc]"></a>__aeabi_uidivmod</STRONG> (Thumb, 28 bytes, Stack size 0 bytes, aeabi_sdivfast.o(.text))
<BR><BR>[Called By]<UL><LI><a href="#[c7]">&gt;&gt;</a>&nbsp;&nbsp;&nbsp;InteractionService_UpdateRuntimePage
<LI><a href="#[f5]">&gt;&gt;</a>&nbsp;&nbsp;&nbsp;Serial_PrintInt
</UL>

<P><STRONG><a name="[138]"></a>__aeabi_idivmod</STRONG> (Thumb, 472 bytes, Stack size 8 bytes, aeabi_sdivfast.o(.text), UNUSED)

<P><STRONG><a name="[139]"></a>__use_two_region_memory</STRONG> (Thumb, 2 bytes, Stack size 0 bytes, heapauxi.o(.text), UNUSED)

<P><STRONG><a name="[13a]"></a>__rt_heap_escrow$2region</STRONG> (Thumb, 2 bytes, Stack size 0 bytes, heapauxi.o(.text), UNUSED)

<P><STRONG><a name="[13b]"></a>__rt_heap_expand$2region</STRONG> (Thumb, 2 bytes, Stack size 0 bytes, heapauxi.o(.text), UNUSED)

<P><STRONG><a name="[a4]"></a>__aeabi_fdiv</STRONG> (Thumb, 0 bytes, Stack size 20 bytes, fdiv.o(.text))
<BR><BR>[Stack]<UL><LI>Max Depth = 20<LI>Call Chain = __aeabi_fdiv
</UL>
<BR>[Called By]<UL><LI><a href="#[e5]">&gt;&gt;</a>&nbsp;&nbsp;&nbsp;Pid_Update
<LI><a href="#[25]">&gt;&gt;</a>&nbsp;&nbsp;&nbsp;MotionControl_Tick10ms
<LI><a href="#[24]">&gt;&gt;</a>&nbsp;&nbsp;&nbsp;DeviceCenter_Tick10ms
<LI><a href="#[23]">&gt;&gt;</a>&nbsp;&nbsp;&nbsp;TaskService_Tick10ms
</UL>

<P><STRONG><a name="[13c]"></a>__divsf3</STRONG> (Thumb, 0 bytes, Stack size 20 bytes, fdiv.o(.text), UNUSED)

<P><STRONG><a name="[6b]"></a>_fdiv</STRONG> (Thumb, 334 bytes, Stack size 20 bytes, fdiv.o(.text), UNUSED)
<BR><BR>[Called By]<UL><LI><a href="#[6a]">&gt;&gt;</a>&nbsp;&nbsp;&nbsp;_frdiv
</UL>

<P><STRONG><a name="[6a]"></a>_frdiv</STRONG> (Thumb, 8 bytes, Stack size 0 bytes, fdiv.o(.text), UNUSED)
<BR><BR>[Calls]<UL><LI><a href="#[6b]">&gt;&gt;</a>&nbsp;&nbsp;&nbsp;_fdiv
</UL>

<P><STRONG><a name="[a9]"></a>__aeabi_f2iz</STRONG> (Thumb, 0 bytes, Stack size 8 bytes, ffixi.o(.text))
<BR><BR>[Stack]<UL><LI>Max Depth = 8<LI>Call Chain = __aeabi_f2iz
</UL>
<BR>[Called By]<UL><LI><a href="#[be]">&gt;&gt;</a>&nbsp;&nbsp;&nbsp;HalChassis_SetWheelDuty
<LI><a href="#[25]">&gt;&gt;</a>&nbsp;&nbsp;&nbsp;MotionControl_Tick10ms
<LI><a href="#[24]">&gt;&gt;</a>&nbsp;&nbsp;&nbsp;DeviceCenter_Tick10ms
<LI><a href="#[23]">&gt;&gt;</a>&nbsp;&nbsp;&nbsp;TaskService_Tick10ms
</UL>

<P><STRONG><a name="[13d]"></a>_ffix</STRONG> (Thumb, 76 bytes, Stack size 8 bytes, ffixi.o(.text), UNUSED)

<P><STRONG><a name="[6d]"></a>__aeabi_i2f_normalise</STRONG> (Thumb, 72 bytes, Stack size 0 bytes, fflti.o(.text))
<BR><BR>[Called By]<UL><LI><a href="#[6e]">&gt;&gt;</a>&nbsp;&nbsp;&nbsp;__aeabi_ui2f
<LI><a href="#[6c]">&gt;&gt;</a>&nbsp;&nbsp;&nbsp;__aeabi_i2f
</UL>

<P><STRONG><a name="[6c]"></a>__aeabi_i2f</STRONG> (Thumb, 16 bytes, Stack size 0 bytes, fflti.o(.text))
<BR><BR>[Calls]<UL><LI><a href="#[6d]">&gt;&gt;</a>&nbsp;&nbsp;&nbsp;__aeabi_i2f_normalise
</UL>
<BR>[Called By]<UL><LI><a href="#[be]">&gt;&gt;</a>&nbsp;&nbsp;&nbsp;HalChassis_SetWheelDuty
<LI><a href="#[25]">&gt;&gt;</a>&nbsp;&nbsp;&nbsp;MotionControl_Tick10ms
<LI><a href="#[24]">&gt;&gt;</a>&nbsp;&nbsp;&nbsp;DeviceCenter_Tick10ms
<LI><a href="#[23]">&gt;&gt;</a>&nbsp;&nbsp;&nbsp;TaskService_Tick10ms
</UL>

<P><STRONG><a name="[13e]"></a>_fflt</STRONG> (Thumb, 0 bytes, Stack size 0 bytes, fflti.o(.text), UNUSED)

<P><STRONG><a name="[6e]"></a>__aeabi_ui2f</STRONG> (Thumb, 6 bytes, Stack size 0 bytes, fflti.o(.text), UNUSED)
<BR><BR>[Calls]<UL><LI><a href="#[6d]">&gt;&gt;</a>&nbsp;&nbsp;&nbsp;__aeabi_i2f_normalise
</UL>

<P><STRONG><a name="[13f]"></a>_ffltu</STRONG> (Thumb, 0 bytes, Stack size 0 bytes, fflti.o(.text), UNUSED)

<P><STRONG><a name="[5d]"></a>_printf_int_common</STRONG> (Thumb, 176 bytes, Stack size 40 bytes, _printf_intcommon.o(.text))
<BR><BR>[Stack]<UL><LI>Max Depth = 56<LI>Call Chain = _printf_int_common &rArr; _printf_post_padding
</UL>
<BR>[Calls]<UL><LI><a href="#[59]">&gt;&gt;</a>&nbsp;&nbsp;&nbsp;_printf_post_padding
<LI><a href="#[58]">&gt;&gt;</a>&nbsp;&nbsp;&nbsp;_printf_pre_padding
</UL>
<BR>[Called By]<UL><LI><a href="#[44]">&gt;&gt;</a>&nbsp;&nbsp;&nbsp;_printf_int_hex
<LI><a href="#[41]">&gt;&gt;</a>&nbsp;&nbsp;&nbsp;_printf_int_dec
</UL>

<P><STRONG><a name="[56]"></a>_printf_char_common</STRONG> (Thumb, 32 bytes, Stack size 64 bytes, _printf_char_common.o(.text))
<BR><BR>[Stack]<UL><LI>Max Depth = 96 + Unknown Stack Size
<LI>Call Chain = _printf_char_common &rArr; __printf
</UL>
<BR>[Calls]<UL><LI><a href="#[5e]">&gt;&gt;</a>&nbsp;&nbsp;&nbsp;__printf
</UL>
<BR>[Called By]<UL><LI><a href="#[55]">&gt;&gt;</a>&nbsp;&nbsp;&nbsp;__2snprintf
</UL>

<P><STRONG><a name="[1f]"></a>_snputc</STRONG> (Thumb, 16 bytes, Stack size 0 bytes, _snputc.o(.text))
<BR>[Address Reference Count : 1]<UL><LI> noretval__2snprintf.o(.text)
</UL>
<P><STRONG><a name="[6f]"></a>_printf_cs_common</STRONG> (Thumb, 22 bytes, Stack size 8 bytes, _printf_char.o(.text))
<BR><BR>[Stack]<UL><LI>Max Depth = 40<LI>Call Chain = _printf_cs_common &rArr; _printf_str &rArr; _printf_post_padding
</UL>
<BR>[Calls]<UL><LI><a href="#[57]">&gt;&gt;</a>&nbsp;&nbsp;&nbsp;_printf_str
<LI><a href="#[70]">&gt;&gt;</a>&nbsp;&nbsp;&nbsp;_printf_mbtowc (Weak Reference)
</UL>
<BR>[Called By]<UL><LI><a href="#[48]">&gt;&gt;</a>&nbsp;&nbsp;&nbsp;_printf_string
<LI><a href="#[46]">&gt;&gt;</a>&nbsp;&nbsp;&nbsp;_printf_char
</UL>

<P><STRONG><a name="[46]"></a>_printf_char</STRONG> (Thumb, 16 bytes, Stack size 0 bytes, _printf_char.o(.text))
<BR><BR>[Stack]<UL><LI>Max Depth = 40<LI>Call Chain = _printf_char &rArr; _printf_cs_common &rArr; _printf_str &rArr; _printf_post_padding
</UL>
<BR>[Calls]<UL><LI><a href="#[6f]">&gt;&gt;</a>&nbsp;&nbsp;&nbsp;_printf_cs_common
</UL>
<BR>[Called By]<UL><LI><a href="#[43]">&gt;&gt;</a>&nbsp;&nbsp;&nbsp;_printf_c
</UL>

<P><STRONG><a name="[48]"></a>_printf_string</STRONG> (Thumb, 8 bytes, Stack size 0 bytes, _printf_char.o(.text))
<BR><BR>[Stack]<UL><LI>Max Depth = 40<LI>Call Chain = _printf_string &rArr; _printf_cs_common &rArr; _printf_str &rArr; _printf_post_padding
</UL>
<BR>[Calls]<UL><LI><a href="#[6f]">&gt;&gt;</a>&nbsp;&nbsp;&nbsp;_printf_cs_common
</UL>
<BR>[Called By]<UL><LI><a href="#[45]">&gt;&gt;</a>&nbsp;&nbsp;&nbsp;_printf_s
</UL>

<P><STRONG><a name="[5c]"></a>__rt_udiv10</STRONG> (Thumb, 40 bytes, Stack size 0 bytes, rtudiv10.o(.text))
<BR><BR>[Called By]<UL><LI><a href="#[41]">&gt;&gt;</a>&nbsp;&nbsp;&nbsp;_printf_int_dec
</UL>

<P><STRONG><a name="[71]"></a>__fpl_fcmp_InfNaN</STRONG> (Thumb, 96 bytes, Stack size 8 bytes, fcmpin.o(.text), UNUSED)
<BR><BR>[Calls]<UL><LI><a href="#[73]">&gt;&gt;</a>&nbsp;&nbsp;&nbsp;__fpl_fcheck_NaN2
<LI><a href="#[72]">&gt;&gt;</a>&nbsp;&nbsp;&nbsp;__fpl_cmpreturn
</UL>
<BR>[Called By]<UL><LI><a href="#[109]">&gt;&gt;</a>&nbsp;&nbsp;&nbsp;_fcmple
<LI><a href="#[106]">&gt;&gt;</a>&nbsp;&nbsp;&nbsp;_fcmpge
<LI><a href="#[104]">&gt;&gt;</a>&nbsp;&nbsp;&nbsp;_fcmpeq
</UL>

<P><STRONG><a name="[140]"></a>__user_libspace</STRONG> (Thumb, 8 bytes, Stack size 0 bytes, libspace.o(.text), UNUSED)

<P><STRONG><a name="[74]"></a>__user_perproc_libspace</STRONG> (Thumb, 0 bytes, Stack size 0 bytes, libspace.o(.text))
<BR><BR>[Called By]<UL><LI><a href="#[4a]">&gt;&gt;</a>&nbsp;&nbsp;&nbsp;__user_setup_stackheap
</UL>

<P><STRONG><a name="[141]"></a>__user_perthread_libspace</STRONG> (Thumb, 0 bytes, Stack size 0 bytes, libspace.o(.text), UNUSED)

<P><STRONG><a name="[4a]"></a>__user_setup_stackheap</STRONG> (Thumb, 62 bytes, Stack size 8 bytes, sys_stackheap_outer.o(.text))
<BR><BR>[Stack]<UL><LI>Max Depth = 8<LI>Call Chain = __user_setup_stackheap
</UL>
<BR>[Calls]<UL><LI><a href="#[75]">&gt;&gt;</a>&nbsp;&nbsp;&nbsp;__user_initial_stackheap
<LI><a href="#[74]">&gt;&gt;</a>&nbsp;&nbsp;&nbsp;__user_perproc_libspace
</UL>
<BR>[Called By]<UL><LI><a href="#[49]">&gt;&gt;</a>&nbsp;&nbsp;&nbsp;__rt_entry_sh
</UL>

<P><STRONG><a name="[4f]"></a>exit</STRONG> (Thumb, 16 bytes, Stack size 8 bytes, exit.o(.text))
<BR><BR>[Stack]<UL><LI>Max Depth = 8 + Unknown Stack Size
<LI>Call Chain = exit
</UL>
<BR>[Calls]<UL><LI><a href="#[77]">&gt;&gt;</a>&nbsp;&nbsp;&nbsp;__rt_exit
<LI><a href="#[76]">&gt;&gt;</a>&nbsp;&nbsp;&nbsp;_call_atexit_fns (Weak Reference)
</UL>
<BR>[Called By]<UL><LI><a href="#[4d]">&gt;&gt;</a>&nbsp;&nbsp;&nbsp;__rt_entry_main
</UL>

<P><STRONG><a name="[72]"></a>__fpl_cmpreturn</STRONG> (Thumb, 46 bytes, Stack size 0 bytes, cmpret.o(.text), UNUSED)
<BR><BR>[Called By]<UL><LI><a href="#[78]">&gt;&gt;</a>&nbsp;&nbsp;&nbsp;__fpl_return_NaN
<LI><a href="#[71]">&gt;&gt;</a>&nbsp;&nbsp;&nbsp;__fpl_fcmp_InfNaN
</UL>

<P><STRONG><a name="[73]"></a>__fpl_fcheck_NaN2</STRONG> (Thumb, 10 bytes, Stack size 8 bytes, fnan2.o(.text), UNUSED)
<BR><BR>[Calls]<UL><LI><a href="#[78]">&gt;&gt;</a>&nbsp;&nbsp;&nbsp;__fpl_return_NaN
</UL>
<BR>[Called By]<UL><LI><a href="#[71]">&gt;&gt;</a>&nbsp;&nbsp;&nbsp;__fpl_fcmp_InfNaN
</UL>

<P><STRONG><a name="[78]"></a>__fpl_return_NaN</STRONG> (Thumb, 94 bytes, Stack size 8 bytes, retnan.o(.text), UNUSED)
<BR><BR>[Calls]<UL><LI><a href="#[72]">&gt;&gt;</a>&nbsp;&nbsp;&nbsp;__fpl_cmpreturn
</UL>
<BR>[Called By]<UL><LI><a href="#[73]">&gt;&gt;</a>&nbsp;&nbsp;&nbsp;__fpl_fcheck_NaN2
</UL>

<P><STRONG><a name="[53]"></a>_sys_exit</STRONG> (Thumb, 8 bytes, Stack size 0 bytes, sys_exit.o(.text))
<BR><BR>[Called By]<UL><LI><a href="#[52]">&gt;&gt;</a>&nbsp;&nbsp;&nbsp;__rt_exit_exit
</UL>

<P><STRONG><a name="[142]"></a>__I$use$semihosting</STRONG> (Thumb, 0 bytes, Stack size 0 bytes, use_no_semi.o(.text), UNUSED)

<P><STRONG><a name="[143]"></a>__use_no_semihosting_swi</STRONG> (Thumb, 2 bytes, Stack size 0 bytes, use_no_semi.o(.text), UNUSED)

<P><STRONG><a name="[144]"></a>__semihosting_library_function</STRONG> (Thumb, 0 bytes, Stack size unknown bytes, indicate_semi.o(.text), UNUSED)

<P><STRONG><a name="[89]"></a>AppScheduler_Init</STRONG> (Thumb, 92 bytes, Stack size 0 bytes, app_scheduler.o(.text.AppScheduler_Init))
<BR><BR>[Called By]<UL><LI><a href="#[82]">&gt;&gt;</a>&nbsp;&nbsp;&nbsp;AppSystem_Init
</UL>

<P><STRONG><a name="[79]"></a>AppScheduler_Register</STRONG> (Thumb, 124 bytes, Stack size 24 bytes, app_scheduler.o(.text.AppScheduler_Register))
<BR><BR>[Stack]<UL><LI>Max Depth = 24<LI>Call Chain = AppScheduler_Register
</UL>
<BR>[Calls]<UL><LI><a href="#[7a]">&gt;&gt;</a>&nbsp;&nbsp;&nbsp;AppTick_GetMs
</UL>
<BR>[Called By]<UL><LI><a href="#[82]">&gt;&gt;</a>&nbsp;&nbsp;&nbsp;AppSystem_Init
</UL>

<P><STRONG><a name="[7b]"></a>AppScheduler_Run</STRONG> (Thumb, 144 bytes, Stack size 40 bytes, app_scheduler.o(.text.AppScheduler_Run))
<BR><BR>[Stack]<UL><LI>Max Depth = 40<LI>Call Chain = AppScheduler_Run
</UL>
<BR>[Calls]<UL><LI><a href="#[7a]">&gt;&gt;</a>&nbsp;&nbsp;&nbsp;AppTick_GetMs
</UL>
<BR>[Called By]<UL><LI><a href="#[8c]">&gt;&gt;</a>&nbsp;&nbsp;&nbsp;AppSystem_Run
</UL>

<P><STRONG><a name="[82]"></a>AppSystem_Init</STRONG> (Thumb, 124 bytes, Stack size 16 bytes, app_system.o(.text.AppSystem_Init))
<BR><BR>[Stack]<UL><LI>Max Depth = 128<LI>Call Chain = AppSystem_Init &rArr; MotionControl_Init &rArr; HalChassis_SetWheelDuty &rArr; HalChassis_ShiftOut595
</UL>
<BR>[Calls]<UL><LI><a href="#[8b]">&gt;&gt;</a>&nbsp;&nbsp;&nbsp;DeviceCenter_SetRgb
<LI><a href="#[8a]">&gt;&gt;</a>&nbsp;&nbsp;&nbsp;DeviceCenter_PlayStartup
<LI><a href="#[79]">&gt;&gt;</a>&nbsp;&nbsp;&nbsp;AppScheduler_Register
<LI><a href="#[89]">&gt;&gt;</a>&nbsp;&nbsp;&nbsp;AppScheduler_Init
<LI><a href="#[88]">&gt;&gt;</a>&nbsp;&nbsp;&nbsp;InteractionService_Init
<LI><a href="#[87]">&gt;&gt;</a>&nbsp;&nbsp;&nbsp;TaskService_Init
<LI><a href="#[86]">&gt;&gt;</a>&nbsp;&nbsp;&nbsp;MotionControl_Init
<LI><a href="#[85]">&gt;&gt;</a>&nbsp;&nbsp;&nbsp;BehaviorMotion_Init
<LI><a href="#[84]">&gt;&gt;</a>&nbsp;&nbsp;&nbsp;DeviceCenter_Init
<LI><a href="#[83]">&gt;&gt;</a>&nbsp;&nbsp;&nbsp;Serial_Init
</UL>
<BR>[Called By]<UL><LI><a href="#[4e]">&gt;&gt;</a>&nbsp;&nbsp;&nbsp;main
</UL>

<P><STRONG><a name="[8c]"></a>AppSystem_Run</STRONG> (Thumb, 8 bytes, Stack size 8 bytes, app_system.o(.text.AppSystem_Run))
<BR><BR>[Stack]<UL><LI>Max Depth = 48<LI>Call Chain = AppSystem_Run &rArr; AppScheduler_Run
</UL>
<BR>[Calls]<UL><LI><a href="#[7b]">&gt;&gt;</a>&nbsp;&nbsp;&nbsp;AppScheduler_Run
</UL>
<BR>[Called By]<UL><LI><a href="#[4e]">&gt;&gt;</a>&nbsp;&nbsp;&nbsp;main
</UL>

<P><STRONG><a name="[7a]"></a>AppTick_GetMs</STRONG> (Thumb, 8 bytes, Stack size 0 bytes, apptick.o(.text.AppTick_GetMs))
<BR><BR>[Called By]<UL><LI><a href="#[f8]">&gt;&gt;</a>&nbsp;&nbsp;&nbsp;TaskService_RunQ2_700_Arc180_Arc180_R90_700
<LI><a href="#[fb]">&gt;&gt;</a>&nbsp;&nbsp;&nbsp;TaskService_RunTurnAngle
<LI><a href="#[af]">&gt;&gt;</a>&nbsp;&nbsp;&nbsp;DeviceGyro_SetRetry
<LI><a href="#[9e]">&gt;&gt;</a>&nbsp;&nbsp;&nbsp;DeviceGyro_Tick10ms
<LI><a href="#[96]">&gt;&gt;</a>&nbsp;&nbsp;&nbsp;DeviceGyro_Init
<LI><a href="#[7b]">&gt;&gt;</a>&nbsp;&nbsp;&nbsp;AppScheduler_Run
<LI><a href="#[26]">&gt;&gt;</a>&nbsp;&nbsp;&nbsp;InteractionService_Tick50ms
<LI><a href="#[24]">&gt;&gt;</a>&nbsp;&nbsp;&nbsp;DeviceCenter_Tick10ms
<LI><a href="#[23]">&gt;&gt;</a>&nbsp;&nbsp;&nbsp;TaskService_Tick10ms
<LI><a href="#[79]">&gt;&gt;</a>&nbsp;&nbsp;&nbsp;AppScheduler_Register
<LI><a href="#[27]">&gt;&gt;</a>&nbsp;&nbsp;&nbsp;AppSystem_DebugTick500ms
<LI><a href="#[d9]">&gt;&gt;</a>&nbsp;&nbsp;&nbsp;MenuPort_Init
<LI><a href="#[d1]">&gt;&gt;</a>&nbsp;&nbsp;&nbsp;MenuPort_SuppressUntilRelease
<LI><a href="#[d6]">&gt;&gt;</a>&nbsp;&nbsp;&nbsp;MenuPort_GetKey
<LI><a href="#[c5]">&gt;&gt;</a>&nbsp;&nbsp;&nbsp;InteractionService_RequestAction
</UL>

<P><STRONG><a name="[101]"></a>AppTick_Init</STRONG> (Thumb, 36 bytes, Stack size 0 bytes, apptick.o(.text.AppTick_Init))
<BR><BR>[Called By]<UL><LI><a href="#[4e]">&gt;&gt;</a>&nbsp;&nbsp;&nbsp;main
</UL>

<P><STRONG><a name="[f6]"></a>AppTick_IrqHandler</STRONG> (Thumb, 12 bytes, Stack size 0 bytes, apptick.o(.text.AppTick_IrqHandler))
<BR><BR>[Called By]<UL><LI><a href="#[5]">&gt;&gt;</a>&nbsp;&nbsp;&nbsp;SysTick_Handler
</UL>

<P><STRONG><a name="[cb]"></a>AppTick_IsExpired</STRONG> (Thumb, 20 bytes, Stack size 0 bytes, apptick.o(.text.AppTick_IsExpired))
<BR><BR>[Called By]<UL><LI><a href="#[26]">&gt;&gt;</a>&nbsp;&nbsp;&nbsp;InteractionService_Tick50ms
<LI><a href="#[23]">&gt;&gt;</a>&nbsp;&nbsp;&nbsp;TaskService_Tick10ms
<LI><a href="#[d6]">&gt;&gt;</a>&nbsp;&nbsp;&nbsp;MenuPort_GetKey
</UL>

<P><STRONG><a name="[100]"></a>BehaviorMotion_ArcByRadius</STRONG> (Thumb, 36 bytes, Stack size 0 bytes, behavior_motion.o(.text.BehaviorMotion_ArcByRadius))
<BR><BR>[Called By]<UL><LI><a href="#[23]">&gt;&gt;</a>&nbsp;&nbsp;&nbsp;TaskService_Tick10ms
</UL>

<P><STRONG><a name="[fe]"></a>BehaviorMotion_ArcToHeading</STRONG> (Thumb, 40 bytes, Stack size 8 bytes, behavior_motion.o(.text.BehaviorMotion_ArcToHeading))
<BR><BR>[Stack]<UL><LI>Max Depth = 8<LI>Call Chain = BehaviorMotion_ArcToHeading
</UL>
<BR>[Called By]<UL><LI><a href="#[23]">&gt;&gt;</a>&nbsp;&nbsp;&nbsp;TaskService_Tick10ms
</UL>

<P><STRONG><a name="[e4]"></a>BehaviorMotion_GetCommand</STRONG> (Thumb, 20 bytes, Stack size 16 bytes, behavior_motion.o(.text.BehaviorMotion_GetCommand))
<BR><BR>[Stack]<UL><LI>Max Depth = 16<LI>Call Chain = BehaviorMotion_GetCommand
</UL>
<BR>[Called By]<UL><LI><a href="#[25]">&gt;&gt;</a>&nbsp;&nbsp;&nbsp;MotionControl_Tick10ms
</UL>

<P><STRONG><a name="[cf]"></a>BehaviorMotion_GetName</STRONG> (Thumb, 68 bytes, Stack size 0 bytes, behavior_motion.o(.text.BehaviorMotion_GetName))
<BR><BR>[Called By]<UL><LI><a href="#[c7]">&gt;&gt;</a>&nbsp;&nbsp;&nbsp;InteractionService_UpdateRuntimePage
</UL>

<P><STRONG><a name="[85]"></a>BehaviorMotion_Init</STRONG> (Thumb, 20 bytes, Stack size 8 bytes, behavior_motion.o(.text.BehaviorMotion_Init))
<BR><BR>[Stack]<UL><LI>Max Depth = 8<LI>Call Chain = BehaviorMotion_Init
</UL>
<BR>[Calls]<UL><LI><a href="#[66]">&gt;&gt;</a>&nbsp;&nbsp;&nbsp;__aeabi_memclr
</UL>
<BR>[Called By]<UL><LI><a href="#[82]">&gt;&gt;</a>&nbsp;&nbsp;&nbsp;AppSystem_Init
</UL>

<P><STRONG><a name="[ff]"></a>BehaviorMotion_LineFollow</STRONG> (Thumb, 36 bytes, Stack size 0 bytes, behavior_motion.o(.text.BehaviorMotion_LineFollow))
<BR><BR>[Called By]<UL><LI><a href="#[23]">&gt;&gt;</a>&nbsp;&nbsp;&nbsp;TaskService_Tick10ms
</UL>

<P><STRONG><a name="[8d]"></a>BehaviorMotion_OpenLoop</STRONG> (Thumb, 28 bytes, Stack size 16 bytes, behavior_motion.o(.text.BehaviorMotion_OpenLoop))
<BR><BR>[Stack]<UL><LI>Max Depth = 16<LI>Call Chain = BehaviorMotion_OpenLoop
</UL>
<BR>[Calls]<UL><LI><a href="#[66]">&gt;&gt;</a>&nbsp;&nbsp;&nbsp;__aeabi_memclr
</UL>
<BR>[Called By]<UL><LI><a href="#[23]">&gt;&gt;</a>&nbsp;&nbsp;&nbsp;TaskService_Tick10ms
</UL>

<P><STRONG><a name="[fd]"></a>BehaviorMotion_SpeedHold</STRONG> (Thumb, 32 bytes, Stack size 0 bytes, behavior_motion.o(.text.BehaviorMotion_SpeedHold))
<BR><BR>[Called By]<UL><LI><a href="#[23]">&gt;&gt;</a>&nbsp;&nbsp;&nbsp;TaskService_Tick10ms
</UL>

<P><STRONG><a name="[8e]"></a>BehaviorMotion_Stop</STRONG> (Thumb, 20 bytes, Stack size 8 bytes, behavior_motion.o(.text.BehaviorMotion_Stop))
<BR><BR>[Stack]<UL><LI>Max Depth = 8<LI>Call Chain = BehaviorMotion_Stop
</UL>
<BR>[Calls]<UL><LI><a href="#[66]">&gt;&gt;</a>&nbsp;&nbsp;&nbsp;__aeabi_memclr
</UL>
<BR>[Called By]<UL><LI><a href="#[c1]">&gt;&gt;</a>&nbsp;&nbsp;&nbsp;TaskService_CancelCurrent
<LI><a href="#[f8]">&gt;&gt;</a>&nbsp;&nbsp;&nbsp;TaskService_RunQ2_700_Arc180_Arc180_R90_700
<LI><a href="#[fb]">&gt;&gt;</a>&nbsp;&nbsp;&nbsp;TaskService_RunTurnAngle
<LI><a href="#[23]">&gt;&gt;</a>&nbsp;&nbsp;&nbsp;TaskService_Tick10ms
</UL>

<P><STRONG><a name="[fc]"></a>BehaviorMotion_Straight</STRONG> (Thumb, 36 bytes, Stack size 0 bytes, behavior_motion.o(.text.BehaviorMotion_Straight))
<BR><BR>[Called By]<UL><LI><a href="#[23]">&gt;&gt;</a>&nbsp;&nbsp;&nbsp;TaskService_Tick10ms
</UL>

<P><STRONG><a name="[f9]"></a>BehaviorMotion_StraightDistance</STRONG> (Thumb, 44 bytes, Stack size 8 bytes, behavior_motion.o(.text.BehaviorMotion_StraightDistance))
<BR><BR>[Stack]<UL><LI>Max Depth = 8<LI>Call Chain = BehaviorMotion_StraightDistance
</UL>
<BR>[Called By]<UL><LI><a href="#[f8]">&gt;&gt;</a>&nbsp;&nbsp;&nbsp;TaskService_RunQ2_700_Arc180_Arc180_R90_700
<LI><a href="#[23]">&gt;&gt;</a>&nbsp;&nbsp;&nbsp;TaskService_Tick10ms
</UL>

<P><STRONG><a name="[fa]"></a>BehaviorMotion_StraightDistanceToHeading</STRONG> (Thumb, 44 bytes, Stack size 8 bytes, behavior_motion.o(.text.BehaviorMotion_StraightDistanceToHeading))
<BR><BR>[Stack]<UL><LI>Max Depth = 8<LI>Call Chain = BehaviorMotion_StraightDistanceToHeading
</UL>
<BR>[Called By]<UL><LI><a href="#[f8]">&gt;&gt;</a>&nbsp;&nbsp;&nbsp;TaskService_RunQ2_700_Arc180_Arc180_R90_700
<LI><a href="#[23]">&gt;&gt;</a>&nbsp;&nbsp;&nbsp;TaskService_Tick10ms
</UL>

<P><STRONG><a name="[8f]"></a>BehaviorMotion_Turn</STRONG> (Thumb, 28 bytes, Stack size 16 bytes, behavior_motion.o(.text.BehaviorMotion_Turn))
<BR><BR>[Stack]<UL><LI>Max Depth = 16<LI>Call Chain = BehaviorMotion_Turn
</UL>
<BR>[Calls]<UL><LI><a href="#[66]">&gt;&gt;</a>&nbsp;&nbsp;&nbsp;__aeabi_memclr
</UL>
<BR>[Called By]<UL><LI><a href="#[23]">&gt;&gt;</a>&nbsp;&nbsp;&nbsp;TaskService_Tick10ms
</UL>

<P><STRONG><a name="[90]"></a>BehaviorMotion_TurnToHeading</STRONG> (Thumb, 28 bytes, Stack size 16 bytes, behavior_motion.o(.text.BehaviorMotion_TurnToHeading))
<BR><BR>[Stack]<UL><LI>Max Depth = 16<LI>Call Chain = BehaviorMotion_TurnToHeading
</UL>
<BR>[Calls]<UL><LI><a href="#[66]">&gt;&gt;</a>&nbsp;&nbsp;&nbsp;__aeabi_memclr
</UL>
<BR>[Called By]<UL><LI><a href="#[f8]">&gt;&gt;</a>&nbsp;&nbsp;&nbsp;TaskService_RunQ2_700_Arc180_Arc180_R90_700
<LI><a href="#[fb]">&gt;&gt;</a>&nbsp;&nbsp;&nbsp;TaskService_RunTurnAngle
<LI><a href="#[23]">&gt;&gt;</a>&nbsp;&nbsp;&nbsp;TaskService_Tick10ms
</UL>

<P><STRONG><a name="[93]"></a>Buzzer_Init</STRONG> (Thumb, 20 bytes, Stack size 0 bytes, buzzer.o(.text.Buzzer_Init))
<BR><BR>[Called By]<UL><LI><a href="#[84]">&gt;&gt;</a>&nbsp;&nbsp;&nbsp;DeviceCenter_Init
</UL>

<P><STRONG><a name="[99]"></a>Buzzer_Play</STRONG> (Thumb, 144 bytes, Stack size 16 bytes, buzzer.o(.text.Buzzer_Play))
<BR><BR>[Stack]<UL><LI>Max Depth = 16<LI>Call Chain = Buzzer_Play
</UL>
<BR>[Called By]<UL><LI><a href="#[98]">&gt;&gt;</a>&nbsp;&nbsp;&nbsp;DeviceCenter_PlayConfirm
<LI><a href="#[8a]">&gt;&gt;</a>&nbsp;&nbsp;&nbsp;DeviceCenter_PlayStartup
</UL>

<P><STRONG><a name="[f7]"></a>Buzzer_Tick1ms</STRONG> (Thumb, 76 bytes, Stack size 0 bytes, buzzer.o(.text.Buzzer_Tick1ms))
<BR><BR>[Called By]<UL><LI><a href="#[5]">&gt;&gt;</a>&nbsp;&nbsp;&nbsp;SysTick_Handler
</UL>

<P><STRONG><a name="[92]"></a>DL_Common_delayCycles</STRONG> (Thumb, 10 bytes, Stack size 0 bytes, dl_common.o(.text.DL_Common_delayCycles))
<BR><BR>[Called By]<UL><LI><a href="#[b7]">&gt;&gt;</a>&nbsp;&nbsp;&nbsp;GyroI2C_WriteByte
<LI><a href="#[b2]">&gt;&gt;</a>&nbsp;&nbsp;&nbsp;GyroI2C_WriteRegs
<LI><a href="#[b0]">&gt;&gt;</a>&nbsp;&nbsp;&nbsp;GyroI2C_WriteReg
<LI><a href="#[ad]">&gt;&gt;</a>&nbsp;&nbsp;&nbsp;GyroI2C_ReadRegs
<LI><a href="#[ab]">&gt;&gt;</a>&nbsp;&nbsp;&nbsp;GyroI2C_WaitSclHigh
<LI><a href="#[96]">&gt;&gt;</a>&nbsp;&nbsp;&nbsp;DeviceGyro_Init
<LI><a href="#[94]">&gt;&gt;</a>&nbsp;&nbsp;&nbsp;HalChassis_Init
<LI><a href="#[83]">&gt;&gt;</a>&nbsp;&nbsp;&nbsp;Serial_Init
<LI><a href="#[91]">&gt;&gt;</a>&nbsp;&nbsp;&nbsp;Delay_us
<LI><a href="#[f1]">&gt;&gt;</a>&nbsp;&nbsp;&nbsp;SYSCFG_DL_initPower
</UL>

<P><STRONG><a name="[b9]"></a>DL_Timer_initFourCCPWMMode</STRONG> (Thumb, 272 bytes, Stack size 20 bytes, dl_timer.o(.text.DL_Timer_initFourCCPWMMode))
<BR><BR>[Stack]<UL><LI>Max Depth = 20<LI>Call Chain = DL_Timer_initFourCCPWMMode
</UL>
<BR>[Called By]<UL><LI><a href="#[94]">&gt;&gt;</a>&nbsp;&nbsp;&nbsp;HalChassis_Init
</UL>

<P><STRONG><a name="[ba]"></a>DL_Timer_setCaptureCompareValue</STRONG> (Thumb, 16 bytes, Stack size 0 bytes, dl_timer.o(.text.DL_Timer_setCaptureCompareValue))
<BR><BR>[Called By]<UL><LI><a href="#[94]">&gt;&gt;</a>&nbsp;&nbsp;&nbsp;HalChassis_Init
<LI><a href="#[be]">&gt;&gt;</a>&nbsp;&nbsp;&nbsp;HalChassis_SetWheelDuty
</UL>

<P><STRONG><a name="[b8]"></a>DL_Timer_setClockConfig</STRONG> (Thumb, 28 bytes, Stack size 8 bytes, dl_timer.o(.text.DL_Timer_setClockConfig))
<BR><BR>[Stack]<UL><LI>Max Depth = 8<LI>Call Chain = DL_Timer_setClockConfig
</UL>
<BR>[Called By]<UL><LI><a href="#[94]">&gt;&gt;</a>&nbsp;&nbsp;&nbsp;HalChassis_Init
</UL>

<P><STRONG><a name="[ef]"></a>DL_UART_init</STRONG> (Thumb, 72 bytes, Stack size 16 bytes, dl_uart.o(.text.DL_UART_init))
<BR><BR>[Stack]<UL><LI>Max Depth = 16<LI>Call Chain = DL_UART_init
</UL>
<BR>[Called By]<UL><LI><a href="#[83]">&gt;&gt;</a>&nbsp;&nbsp;&nbsp;Serial_Init
<LI><a href="#[ed]">&gt;&gt;</a>&nbsp;&nbsp;&nbsp;SYSCFG_DL_UART_0_init
</UL>

<P><STRONG><a name="[ee]"></a>DL_UART_setClockConfig</STRONG> (Thumb, 18 bytes, Stack size 8 bytes, dl_uart.o(.text.DL_UART_setClockConfig))
<BR><BR>[Stack]<UL><LI>Max Depth = 8<LI>Call Chain = DL_UART_setClockConfig
</UL>
<BR>[Called By]<UL><LI><a href="#[83]">&gt;&gt;</a>&nbsp;&nbsp;&nbsp;Serial_Init
<LI><a href="#[ed]">&gt;&gt;</a>&nbsp;&nbsp;&nbsp;SYSCFG_DL_UART_0_init
</UL>

<P><STRONG><a name="[91]"></a>Delay_us</STRONG> (Thumb, 20 bytes, Stack size 8 bytes, delay.o(.text.Delay_us))
<BR><BR>[Stack]<UL><LI>Max Depth = 8<LI>Call Chain = Delay_us
</UL>
<BR>[Calls]<UL><LI><a href="#[92]">&gt;&gt;</a>&nbsp;&nbsp;&nbsp;DL_Common_delayCycles
</UL>
<BR>[Called By]<UL><LI><a href="#[e8]">&gt;&gt;</a>&nbsp;&nbsp;&nbsp;OLED_Init
<LI><a href="#[eb]">&gt;&gt;</a>&nbsp;&nbsp;&nbsp;OLED_WriteData
<LI><a href="#[e9]">&gt;&gt;</a>&nbsp;&nbsp;&nbsp;OLED_WriteCommand
<LI><a href="#[e7]">&gt;&gt;</a>&nbsp;&nbsp;&nbsp;OLED_I2C_SendByte
</UL>

<P><STRONG><a name="[7e]"></a>DeviceCenter_GetSnapshot</STRONG> (Thumb, 16 bytes, Stack size 8 bytes, device_center.o(.text.DeviceCenter_GetSnapshot))
<BR><BR>[Stack]<UL><LI>Max Depth = 8<LI>Call Chain = DeviceCenter_GetSnapshot
</UL>
<BR>[Calls]<UL><LI><a href="#[62]">&gt;&gt;</a>&nbsp;&nbsp;&nbsp;__aeabi_memcpy4
</UL>
<BR>[Called By]<UL><LI><a href="#[c7]">&gt;&gt;</a>&nbsp;&nbsp;&nbsp;InteractionService_UpdateRuntimePage
<LI><a href="#[f8]">&gt;&gt;</a>&nbsp;&nbsp;&nbsp;TaskService_RunQ2_700_Arc180_Arc180_R90_700
<LI><a href="#[fb]">&gt;&gt;</a>&nbsp;&nbsp;&nbsp;TaskService_RunTurnAngle
<LI><a href="#[25]">&gt;&gt;</a>&nbsp;&nbsp;&nbsp;MotionControl_Tick10ms
<LI><a href="#[23]">&gt;&gt;</a>&nbsp;&nbsp;&nbsp;TaskService_Tick10ms
<LI><a href="#[27]">&gt;&gt;</a>&nbsp;&nbsp;&nbsp;AppSystem_DebugTick500ms
</UL>

<P><STRONG><a name="[84]"></a>DeviceCenter_Init</STRONG> (Thumb, 128 bytes, Stack size 16 bytes, device_center.o(.text.DeviceCenter_Init))
<BR><BR>[Stack]<UL><LI>Max Depth = 88<LI>Call Chain = DeviceCenter_Init &rArr; HalChassis_Init &rArr; HalChassis_ShiftOut595
</UL>
<BR>[Calls]<UL><LI><a href="#[96]">&gt;&gt;</a>&nbsp;&nbsp;&nbsp;DeviceGyro_Init
<LI><a href="#[95]">&gt;&gt;</a>&nbsp;&nbsp;&nbsp;DeviceTrackSensor_Init
<LI><a href="#[94]">&gt;&gt;</a>&nbsp;&nbsp;&nbsp;HalChassis_Init
<LI><a href="#[93]">&gt;&gt;</a>&nbsp;&nbsp;&nbsp;Buzzer_Init
<LI><a href="#[97]">&gt;&gt;</a>&nbsp;&nbsp;&nbsp;__aeabi_memclr4
</UL>
<BR>[Called By]<UL><LI><a href="#[82]">&gt;&gt;</a>&nbsp;&nbsp;&nbsp;AppSystem_Init
</UL>

<P><STRONG><a name="[98]"></a>DeviceCenter_PlayConfirm</STRONG> (Thumb, 10 bytes, Stack size 8 bytes, device_center.o(.text.DeviceCenter_PlayConfirm))
<BR><BR>[Stack]<UL><LI>Max Depth = 24<LI>Call Chain = DeviceCenter_PlayConfirm &rArr; Buzzer_Play
</UL>
<BR>[Calls]<UL><LI><a href="#[99]">&gt;&gt;</a>&nbsp;&nbsp;&nbsp;Buzzer_Play
</UL>
<BR>[Called By]<UL><LI><a href="#[d5]">&gt;&gt;</a>&nbsp;&nbsp;&nbsp;MenuApp_Tick
<LI><a href="#[c5]">&gt;&gt;</a>&nbsp;&nbsp;&nbsp;InteractionService_RequestAction
</UL>

<P><STRONG><a name="[8a]"></a>DeviceCenter_PlayStartup</STRONG> (Thumb, 10 bytes, Stack size 8 bytes, device_center.o(.text.DeviceCenter_PlayStartup))
<BR><BR>[Stack]<UL><LI>Max Depth = 24<LI>Call Chain = DeviceCenter_PlayStartup &rArr; Buzzer_Play
</UL>
<BR>[Calls]<UL><LI><a href="#[99]">&gt;&gt;</a>&nbsp;&nbsp;&nbsp;Buzzer_Play
</UL>
<BR>[Called By]<UL><LI><a href="#[82]">&gt;&gt;</a>&nbsp;&nbsp;&nbsp;AppSystem_Init
</UL>

<P><STRONG><a name="[9a]"></a>DeviceCenter_ResetOdometry</STRONG> (Thumb, 92 bytes, Stack size 16 bytes, device_center.o(.text.DeviceCenter_ResetOdometry))
<BR><BR>[Stack]<UL><LI>Max Depth = 16<LI>Call Chain = DeviceCenter_ResetOdometry
</UL>
<BR>[Calls]<UL><LI><a href="#[9b]">&gt;&gt;</a>&nbsp;&nbsp;&nbsp;DeviceGyro_ResetHeading
<LI><a href="#[97]">&gt;&gt;</a>&nbsp;&nbsp;&nbsp;__aeabi_memclr4
</UL>
<BR>[Called By]<UL><LI><a href="#[f8]">&gt;&gt;</a>&nbsp;&nbsp;&nbsp;TaskService_RunQ2_700_Arc180_Arc180_R90_700
<LI><a href="#[23]">&gt;&gt;</a>&nbsp;&nbsp;&nbsp;TaskService_Tick10ms
<LI><a href="#[d5]">&gt;&gt;</a>&nbsp;&nbsp;&nbsp;MenuApp_Tick
</UL>

<P><STRONG><a name="[8b]"></a>DeviceCenter_SetRgb</STRONG> (Thumb, 24 bytes, Stack size 8 bytes, device_center.o(.text.DeviceCenter_SetRgb))
<BR><BR>[Stack]<UL><LI>Max Depth = 8<LI>Call Chain = DeviceCenter_SetRgb
</UL>
<BR>[Calls]<UL><LI><a href="#[9c]">&gt;&gt;</a>&nbsp;&nbsp;&nbsp;HalChassis_SetRgb
</UL>
<BR>[Called By]<UL><LI><a href="#[82]">&gt;&gt;</a>&nbsp;&nbsp;&nbsp;AppSystem_Init
</UL>

<P><STRONG><a name="[24]"></a>DeviceCenter_Tick10ms</STRONG> (Thumb, 1616 bytes, Stack size 176 bytes, device_center.o(.text.DeviceCenter_Tick10ms))
<BR><BR>[Stack]<UL><LI>Max Depth = 488 + Unknown Stack Size
<LI>Call Chain = DeviceCenter_Tick10ms &rArr; DeviceGyro_Tick10ms &rArr; DeviceGyro_ReadRawZ &rArr; GyroI2C_ReadRegs &rArr; GyroI2C_WriteByte &rArr; GyroI2C_WaitSclHigh
</UL>
<BR>[Calls]<UL><LI><a href="#[9b]">&gt;&gt;</a>&nbsp;&nbsp;&nbsp;DeviceGyro_ResetHeading
<LI><a href="#[a2]">&gt;&gt;</a>&nbsp;&nbsp;&nbsp;HalChassis_GetEncoderState
<LI><a href="#[a1]">&gt;&gt;</a>&nbsp;&nbsp;&nbsp;HalChassis_GetMotorState
<LI><a href="#[9e]">&gt;&gt;</a>&nbsp;&nbsp;&nbsp;DeviceGyro_Tick10ms
<LI><a href="#[9d]">&gt;&gt;</a>&nbsp;&nbsp;&nbsp;DeviceTrackSensor_Tick10ms
<LI><a href="#[a0]">&gt;&gt;</a>&nbsp;&nbsp;&nbsp;DeviceTrackSensor_GetSnapshot
<LI><a href="#[9f]">&gt;&gt;</a>&nbsp;&nbsp;&nbsp;DeviceGyro_GetSnapshot
<LI><a href="#[7a]">&gt;&gt;</a>&nbsp;&nbsp;&nbsp;AppTick_GetMs
<LI><a href="#[a3]">&gt;&gt;</a>&nbsp;&nbsp;&nbsp;__aeabi_fmul
<LI><a href="#[6c]">&gt;&gt;</a>&nbsp;&nbsp;&nbsp;__aeabi_i2f
<LI><a href="#[a9]">&gt;&gt;</a>&nbsp;&nbsp;&nbsp;__aeabi_f2iz
<LI><a href="#[a4]">&gt;&gt;</a>&nbsp;&nbsp;&nbsp;__aeabi_fdiv
<LI><a href="#[a6]">&gt;&gt;</a>&nbsp;&nbsp;&nbsp;__aeabi_fcmplt
<LI><a href="#[a5]">&gt;&gt;</a>&nbsp;&nbsp;&nbsp;__aeabi_fcmpgt
<LI><a href="#[a7]">&gt;&gt;</a>&nbsp;&nbsp;&nbsp;__aeabi_fcmpge
<LI><a href="#[aa]">&gt;&gt;</a>&nbsp;&nbsp;&nbsp;__aeabi_fsub
<LI><a href="#[a8]">&gt;&gt;</a>&nbsp;&nbsp;&nbsp;__aeabi_fadd
<LI><a href="#[97]">&gt;&gt;</a>&nbsp;&nbsp;&nbsp;__aeabi_memclr4
</UL>
<BR>[Address Reference Count : 1]<UL><LI> app_system.o(.text.AppSystem_Init)
</UL>
<P><STRONG><a name="[9f]"></a>DeviceGyro_GetSnapshot</STRONG> (Thumb, 20 bytes, Stack size 0 bytes, device_gyro.o(.text.DeviceGyro_GetSnapshot))
<BR><BR>[Called By]<UL><LI><a href="#[f8]">&gt;&gt;</a>&nbsp;&nbsp;&nbsp;TaskService_RunQ2_700_Arc180_Arc180_R90_700
<LI><a href="#[fb]">&gt;&gt;</a>&nbsp;&nbsp;&nbsp;TaskService_RunTurnAngle
<LI><a href="#[25]">&gt;&gt;</a>&nbsp;&nbsp;&nbsp;MotionControl_Tick10ms
<LI><a href="#[24]">&gt;&gt;</a>&nbsp;&nbsp;&nbsp;DeviceCenter_Tick10ms
<LI><a href="#[23]">&gt;&gt;</a>&nbsp;&nbsp;&nbsp;TaskService_Tick10ms
</UL>

<P><STRONG><a name="[96]"></a>DeviceGyro_Init</STRONG> (Thumb, 480 bytes, Stack size 40 bytes, device_gyro.o(.text.DeviceGyro_Init))
<BR><BR>[Stack]<UL><LI>Max Depth = 56<LI>Call Chain = DeviceGyro_Init &rArr; GyroI2C_WaitSclHigh
</UL>
<BR>[Calls]<UL><LI><a href="#[ab]">&gt;&gt;</a>&nbsp;&nbsp;&nbsp;GyroI2C_WaitSclHigh
<LI><a href="#[7a]">&gt;&gt;</a>&nbsp;&nbsp;&nbsp;AppTick_GetMs
<LI><a href="#[92]">&gt;&gt;</a>&nbsp;&nbsp;&nbsp;DL_Common_delayCycles
<LI><a href="#[97]">&gt;&gt;</a>&nbsp;&nbsp;&nbsp;__aeabi_memclr4
</UL>
<BR>[Called By]<UL><LI><a href="#[84]">&gt;&gt;</a>&nbsp;&nbsp;&nbsp;DeviceCenter_Init
</UL>

<P><STRONG><a name="[9b]"></a>DeviceGyro_ResetHeading</STRONG> (Thumb, 28 bytes, Stack size 0 bytes, device_gyro.o(.text.DeviceGyro_ResetHeading))
<BR><BR>[Called By]<UL><LI><a href="#[9a]">&gt;&gt;</a>&nbsp;&nbsp;&nbsp;DeviceCenter_ResetOdometry
<LI><a href="#[24]">&gt;&gt;</a>&nbsp;&nbsp;&nbsp;DeviceCenter_Tick10ms
</UL>

<P><STRONG><a name="[9e]"></a>DeviceGyro_Tick10ms</STRONG> (Thumb, 2168 bytes, Stack size 128 bytes, device_gyro.o(.text.DeviceGyro_Tick10ms))
<BR><BR>[Stack]<UL><LI>Max Depth = 312 + Unknown Stack Size
<LI>Call Chain = DeviceGyro_Tick10ms &rArr; DeviceGyro_ReadRawZ &rArr; GyroI2C_ReadRegs &rArr; GyroI2C_WriteByte &rArr; GyroI2C_WaitSclHigh
</UL>
<BR>[Calls]<UL><LI><a href="#[af]">&gt;&gt;</a>&nbsp;&nbsp;&nbsp;DeviceGyro_SetRetry
<LI><a href="#[b2]">&gt;&gt;</a>&nbsp;&nbsp;&nbsp;GyroI2C_WriteRegs
<LI><a href="#[b0]">&gt;&gt;</a>&nbsp;&nbsp;&nbsp;GyroI2C_WriteReg
<LI><a href="#[ac]">&gt;&gt;</a>&nbsp;&nbsp;&nbsp;DeviceGyro_ReadRawZ
<LI><a href="#[ad]">&gt;&gt;</a>&nbsp;&nbsp;&nbsp;GyroI2C_ReadRegs
<LI><a href="#[ae]">&gt;&gt;</a>&nbsp;&nbsp;&nbsp;DeviceGyro_SetDebugText
<LI><a href="#[7a]">&gt;&gt;</a>&nbsp;&nbsp;&nbsp;AppTick_GetMs
<LI><a href="#[b1]">&gt;&gt;</a>&nbsp;&nbsp;&nbsp;__aeabi_idiv
<LI><a href="#[68]">&gt;&gt;</a>&nbsp;&nbsp;&nbsp;strncpy
<LI><a href="#[55]">&gt;&gt;</a>&nbsp;&nbsp;&nbsp;__2snprintf
</UL>
<BR>[Called By]<UL><LI><a href="#[24]">&gt;&gt;</a>&nbsp;&nbsp;&nbsp;DeviceCenter_Tick10ms
</UL>

<P><STRONG><a name="[a0]"></a>DeviceTrackSensor_GetSnapshot</STRONG> (Thumb, 16 bytes, Stack size 8 bytes, device_track_sensor.o(.text.DeviceTrackSensor_GetSnapshot))
<BR><BR>[Stack]<UL><LI>Max Depth = 32<LI>Call Chain = DeviceTrackSensor_GetSnapshot &rArr; __aeabi_memcpy
</UL>
<BR>[Calls]<UL><LI><a href="#[61]">&gt;&gt;</a>&nbsp;&nbsp;&nbsp;__aeabi_memcpy
</UL>
<BR>[Called By]<UL><LI><a href="#[25]">&gt;&gt;</a>&nbsp;&nbsp;&nbsp;MotionControl_Tick10ms
<LI><a href="#[24]">&gt;&gt;</a>&nbsp;&nbsp;&nbsp;DeviceCenter_Tick10ms
</UL>

<P><STRONG><a name="[95]"></a>DeviceTrackSensor_Init</STRONG> (Thumb, 80 bytes, Stack size 24 bytes, device_track_sensor.o(.text.DeviceTrackSensor_Init))
<BR><BR>[Stack]<UL><LI>Max Depth = 32<LI>Call Chain = DeviceTrackSensor_Init &rArr; HalBoard_InitOutput
</UL>
<BR>[Calls]<UL><LI><a href="#[b4]">&gt;&gt;</a>&nbsp;&nbsp;&nbsp;HalBoard_WritePin
<LI><a href="#[b3]">&gt;&gt;</a>&nbsp;&nbsp;&nbsp;HalBoard_InitOutput
</UL>
<BR>[Called By]<UL><LI><a href="#[84]">&gt;&gt;</a>&nbsp;&nbsp;&nbsp;DeviceCenter_Init
</UL>

<P><STRONG><a name="[9d]"></a>DeviceTrackSensor_Tick10ms</STRONG> (Thumb, 52 bytes, Stack size 16 bytes, device_track_sensor.o(.text.DeviceTrackSensor_Tick10ms))
<BR><BR>[Stack]<UL><LI>Max Depth = 80<LI>Call Chain = DeviceTrackSensor_Tick10ms &rArr; DeviceTrackSensor_UpdateDerived &rArr; __aeabi_idiv
</UL>
<BR>[Calls]<UL><LI><a href="#[b4]">&gt;&gt;</a>&nbsp;&nbsp;&nbsp;HalBoard_WritePin
<LI><a href="#[b5]">&gt;&gt;</a>&nbsp;&nbsp;&nbsp;DeviceTrackSensor_UpdateDerived
</UL>
<BR>[Called By]<UL><LI><a href="#[24]">&gt;&gt;</a>&nbsp;&nbsp;&nbsp;DeviceCenter_Tick10ms
</UL>

<P><STRONG><a name="[7]"></a>GROUP1_IRQHandler</STRONG> (Thumb, 280 bytes, Stack size 24 bytes, hal_chassis.o(.text.GROUP1_IRQHandler))
<BR><BR>[Stack]<UL><LI>Max Depth = 24<LI>Call Chain = GROUP1_IRQHandler
</UL>
<BR>[Calls]<UL><LI><a href="#[b6]">&gt;&gt;</a>&nbsp;&nbsp;&nbsp;HalBoard_ReadPin
</UL>
<BR>[Address Reference Count : 1]<UL><LI> startup_mspm0g350x_uvision.o(RESET)
</UL>
<P><STRONG><a name="[bc]"></a>HalBoard_InitInputPullup</STRONG> (Thumb, 16 bytes, Stack size 0 bytes, hal_board.o(.text.HalBoard_InitInputPullup))
<BR><BR>[Called By]<UL><LI><a href="#[94]">&gt;&gt;</a>&nbsp;&nbsp;&nbsp;HalChassis_Init
</UL>

<P><STRONG><a name="[b3]"></a>HalBoard_InitOutput</STRONG> (Thumb, 36 bytes, Stack size 8 bytes, hal_board.o(.text.HalBoard_InitOutput))
<BR><BR>[Stack]<UL><LI>Max Depth = 8<LI>Call Chain = HalBoard_InitOutput
</UL>
<BR>[Called By]<UL><LI><a href="#[95]">&gt;&gt;</a>&nbsp;&nbsp;&nbsp;DeviceTrackSensor_Init
<LI><a href="#[94]">&gt;&gt;</a>&nbsp;&nbsp;&nbsp;HalChassis_Init
</UL>

<P><STRONG><a name="[f4]"></a>HalBoard_InitPeripheralInput</STRONG> (Thumb, 20 bytes, Stack size 0 bytes, hal_board.o(.text.HalBoard_InitPeripheralInput))
<BR><BR>[Called By]<UL><LI><a href="#[83]">&gt;&gt;</a>&nbsp;&nbsp;&nbsp;Serial_Init
</UL>

<P><STRONG><a name="[bb]"></a>HalBoard_InitPeripheralOutput</STRONG> (Thumb, 20 bytes, Stack size 0 bytes, hal_board.o(.text.HalBoard_InitPeripheralOutput))
<BR><BR>[Called By]<UL><LI><a href="#[94]">&gt;&gt;</a>&nbsp;&nbsp;&nbsp;HalChassis_Init
<LI><a href="#[83]">&gt;&gt;</a>&nbsp;&nbsp;&nbsp;Serial_Init
</UL>

<P><STRONG><a name="[b6]"></a>HalBoard_ReadPin</STRONG> (Thumb, 24 bytes, Stack size 0 bytes, hal_board.o(.text.HalBoard_ReadPin))
<BR><BR>[Called By]<UL><LI><a href="#[94]">&gt;&gt;</a>&nbsp;&nbsp;&nbsp;HalChassis_Init
<LI><a href="#[7]">&gt;&gt;</a>&nbsp;&nbsp;&nbsp;GROUP1_IRQHandler
</UL>

<P><STRONG><a name="[b4]"></a>HalBoard_WritePin</STRONG> (Thumb, 20 bytes, Stack size 0 bytes, hal_board.o(.text.HalBoard_WritePin))
<BR><BR>[Called By]<UL><LI><a href="#[9d]">&gt;&gt;</a>&nbsp;&nbsp;&nbsp;DeviceTrackSensor_Tick10ms
<LI><a href="#[95]">&gt;&gt;</a>&nbsp;&nbsp;&nbsp;DeviceTrackSensor_Init
<LI><a href="#[bd]">&gt;&gt;</a>&nbsp;&nbsp;&nbsp;HalChassis_ShiftOut595
</UL>

<P><STRONG><a name="[a2]"></a>HalChassis_GetEncoderState</STRONG> (Thumb, 28 bytes, Stack size 16 bytes, hal_chassis.o(.text.HalChassis_GetEncoderState))
<BR><BR>[Stack]<UL><LI>Max Depth = 16<LI>Call Chain = HalChassis_GetEncoderState
</UL>
<BR>[Called By]<UL><LI><a href="#[24]">&gt;&gt;</a>&nbsp;&nbsp;&nbsp;DeviceCenter_Tick10ms
</UL>

<P><STRONG><a name="[a1]"></a>HalChassis_GetMotorState</STRONG> (Thumb, 16 bytes, Stack size 8 bytes, hal_chassis.o(.text.HalChassis_GetMotorState))
<BR><BR>[Stack]<UL><LI>Max Depth = 32<LI>Call Chain = HalChassis_GetMotorState &rArr; __aeabi_memcpy
</UL>
<BR>[Calls]<UL><LI><a href="#[61]">&gt;&gt;</a>&nbsp;&nbsp;&nbsp;__aeabi_memcpy
</UL>
<BR>[Called By]<UL><LI><a href="#[24]">&gt;&gt;</a>&nbsp;&nbsp;&nbsp;DeviceCenter_Tick10ms
</UL>

<P><STRONG><a name="[94]"></a>HalChassis_Init</STRONG> (Thumb, 552 bytes, Stack size 48 bytes, hal_chassis.o(.text.HalChassis_Init))
<BR><BR>[Stack]<UL><LI>Max Depth = 72<LI>Call Chain = HalChassis_Init &rArr; HalChassis_ShiftOut595
</UL>
<BR>[Calls]<UL><LI><a href="#[b3]">&gt;&gt;</a>&nbsp;&nbsp;&nbsp;HalBoard_InitOutput
<LI><a href="#[bb]">&gt;&gt;</a>&nbsp;&nbsp;&nbsp;HalBoard_InitPeripheralOutput
<LI><a href="#[92]">&gt;&gt;</a>&nbsp;&nbsp;&nbsp;DL_Common_delayCycles
<LI><a href="#[ba]">&gt;&gt;</a>&nbsp;&nbsp;&nbsp;DL_Timer_setCaptureCompareValue
<LI><a href="#[b9]">&gt;&gt;</a>&nbsp;&nbsp;&nbsp;DL_Timer_initFourCCPWMMode
<LI><a href="#[b8]">&gt;&gt;</a>&nbsp;&nbsp;&nbsp;DL_Timer_setClockConfig
<LI><a href="#[bd]">&gt;&gt;</a>&nbsp;&nbsp;&nbsp;HalChassis_ShiftOut595
<LI><a href="#[b6]">&gt;&gt;</a>&nbsp;&nbsp;&nbsp;HalBoard_ReadPin
<LI><a href="#[bc]">&gt;&gt;</a>&nbsp;&nbsp;&nbsp;HalBoard_InitInputPullup
</UL>
<BR>[Called By]<UL><LI><a href="#[84]">&gt;&gt;</a>&nbsp;&nbsp;&nbsp;DeviceCenter_Init
</UL>

<P><STRONG><a name="[81]"></a>HalChassis_Service1ms</STRONG> (Thumb, 2 bytes, Stack size 0 bytes, hal_chassis.o(.text.HalChassis_Service1ms))
<BR><BR>[Called By]<UL><LI><a href="#[21]">&gt;&gt;</a>&nbsp;&nbsp;&nbsp;AppSystem_HalTick1ms
</UL>

<P><STRONG><a name="[9c]"></a>HalChassis_SetRgb</STRONG> (Thumb, 2 bytes, Stack size 0 bytes, hal_chassis.o(.text.HalChassis_SetRgb))
<BR><BR>[Called By]<UL><LI><a href="#[8b]">&gt;&gt;</a>&nbsp;&nbsp;&nbsp;DeviceCenter_SetRgb
</UL>

<P><STRONG><a name="[be]"></a>HalChassis_SetWheelDuty</STRONG> (Thumb, 620 bytes, Stack size 48 bytes, hal_chassis.o(.text.HalChassis_SetWheelDuty))
<BR><BR>[Stack]<UL><LI>Max Depth = 72<LI>Call Chain = HalChassis_SetWheelDuty &rArr; HalChassis_ShiftOut595
</UL>
<BR>[Calls]<UL><LI><a href="#[ba]">&gt;&gt;</a>&nbsp;&nbsp;&nbsp;DL_Timer_setCaptureCompareValue
<LI><a href="#[bd]">&gt;&gt;</a>&nbsp;&nbsp;&nbsp;HalChassis_ShiftOut595
<LI><a href="#[a3]">&gt;&gt;</a>&nbsp;&nbsp;&nbsp;__aeabi_fmul
<LI><a href="#[6c]">&gt;&gt;</a>&nbsp;&nbsp;&nbsp;__aeabi_i2f
<LI><a href="#[a9]">&gt;&gt;</a>&nbsp;&nbsp;&nbsp;__aeabi_f2iz
<LI><a href="#[a6]">&gt;&gt;</a>&nbsp;&nbsp;&nbsp;__aeabi_fcmplt
<LI><a href="#[a5]">&gt;&gt;</a>&nbsp;&nbsp;&nbsp;__aeabi_fcmpgt
<LI><a href="#[a7]">&gt;&gt;</a>&nbsp;&nbsp;&nbsp;__aeabi_fcmpge
<LI><a href="#[a8]">&gt;&gt;</a>&nbsp;&nbsp;&nbsp;__aeabi_fadd
<LI><a href="#[bf]">&gt;&gt;</a>&nbsp;&nbsp;&nbsp;__aeabi_uidiv
</UL>
<BR>[Called By]<UL><LI><a href="#[25]">&gt;&gt;</a>&nbsp;&nbsp;&nbsp;MotionControl_Tick10ms
<LI><a href="#[86]">&gt;&gt;</a>&nbsp;&nbsp;&nbsp;MotionControl_Init
</UL>

<P><STRONG><a name="[22]"></a>HalChassis_Tick10ms</STRONG> (Thumb, 24 bytes, Stack size 8 bytes, hal_chassis.o(.text.HalChassis_Tick10ms))
<BR><BR>[Stack]<UL><LI>Max Depth = 32<LI>Call Chain = HalChassis_Tick10ms &rArr; HalChassis_ShiftOut595
</UL>
<BR>[Calls]<UL><LI><a href="#[bd]">&gt;&gt;</a>&nbsp;&nbsp;&nbsp;HalChassis_ShiftOut595
</UL>
<BR>[Address Reference Count : 1]<UL><LI> app_system.o(.text.AppSystem_Init)
</UL>
<P><STRONG><a name="[c0]"></a>InteractionService_ClosePage</STRONG> (Thumb, 28 bytes, Stack size 16 bytes, interaction_service.o(.text.InteractionService_ClosePage))
<BR><BR>[Stack]<UL><LI>Max Depth = 32<LI>Call Chain = InteractionService_ClosePage &rArr; TaskService_CancelCurrent &rArr; BehaviorMotion_Stop
</UL>
<BR>[Calls]<UL><LI><a href="#[c1]">&gt;&gt;</a>&nbsp;&nbsp;&nbsp;TaskService_CancelCurrent
</UL>
<BR>[Called By]<UL><LI><a href="#[d5]">&gt;&gt;</a>&nbsp;&nbsp;&nbsp;MenuApp_Tick
</UL>

<P><STRONG><a name="[c2]"></a>InteractionService_FetchPage</STRONG> (Thumb, 44 bytes, Stack size 16 bytes, interaction_service.o(.text.InteractionService_FetchPage))
<BR><BR>[Stack]<UL><LI>Max Depth = 40<LI>Call Chain = InteractionService_FetchPage &rArr; __aeabi_memcpy
</UL>
<BR>[Calls]<UL><LI><a href="#[61]">&gt;&gt;</a>&nbsp;&nbsp;&nbsp;__aeabi_memcpy
</UL>
<BR>[Called By]<UL><LI><a href="#[d5]">&gt;&gt;</a>&nbsp;&nbsp;&nbsp;MenuApp_Tick
<LI><a href="#[d0]">&gt;&gt;</a>&nbsp;&nbsp;&nbsp;MenuApp_OpenAction
</UL>

<P><STRONG><a name="[d7]"></a>InteractionService_GetCurrentAction</STRONG> (Thumb, 8 bytes, Stack size 0 bytes, interaction_service.o(.text.InteractionService_GetCurrentAction))
<BR><BR>[Called By]<UL><LI><a href="#[d5]">&gt;&gt;</a>&nbsp;&nbsp;&nbsp;MenuApp_Tick
</UL>

<P><STRONG><a name="[88]"></a>InteractionService_Init</STRONG> (Thumb, 12 bytes, Stack size 8 bytes, interaction_service.o(.text.InteractionService_Init))
<BR><BR>[Stack]<UL><LI>Max Depth = 8<LI>Call Chain = InteractionService_Init
</UL>
<BR>[Calls]<UL><LI><a href="#[97]">&gt;&gt;</a>&nbsp;&nbsp;&nbsp;__aeabi_memclr4
</UL>
<BR>[Called By]<UL><LI><a href="#[82]">&gt;&gt;</a>&nbsp;&nbsp;&nbsp;AppSystem_Init
</UL>

<P><STRONG><a name="[c5]"></a>InteractionService_RequestAction</STRONG> (Thumb, 84 bytes, Stack size 16 bytes, interaction_service.o(.text.InteractionService_RequestAction))
<BR><BR>[Stack]<UL><LI>Max Depth = 600 + Unknown Stack Size
<LI>Call Chain = InteractionService_RequestAction &rArr; InteractionService_UpdateRuntimePage &rArr; InteractionService_RenderSettingsPage &rArr; InteractionService_SetPage &rArr; __aeabi_memcpy
</UL>
<BR>[Calls]<UL><LI><a href="#[c4]">&gt;&gt;</a>&nbsp;&nbsp;&nbsp;InteractionService_SetPage
<LI><a href="#[c7]">&gt;&gt;</a>&nbsp;&nbsp;&nbsp;InteractionService_UpdateRuntimePage
<LI><a href="#[c6]">&gt;&gt;</a>&nbsp;&nbsp;&nbsp;TaskService_Enqueue
<LI><a href="#[98]">&gt;&gt;</a>&nbsp;&nbsp;&nbsp;DeviceCenter_PlayConfirm
<LI><a href="#[7a]">&gt;&gt;</a>&nbsp;&nbsp;&nbsp;AppTick_GetMs
</UL>
<BR>[Called By]<UL><LI><a href="#[d0]">&gt;&gt;</a>&nbsp;&nbsp;&nbsp;MenuApp_OpenAction
</UL>

<P><STRONG><a name="[c9]"></a>InteractionService_SettingsAdjust</STRONG> (Thumb, 436 bytes, Stack size 8 bytes, interaction_service.o(.text.InteractionService_SettingsAdjust))
<BR><BR>[Stack]<UL><LI>Max Depth = 592 + Unknown Stack Size
<LI>Call Chain = InteractionService_SettingsAdjust &rArr; InteractionService_UpdateRuntimePage &rArr; InteractionService_RenderSettingsPage &rArr; InteractionService_SetPage &rArr; __aeabi_memcpy
</UL>
<BR>[Calls]<UL><LI><a href="#[c7]">&gt;&gt;</a>&nbsp;&nbsp;&nbsp;InteractionService_UpdateRuntimePage
</UL>
<BR>[Called By]<UL><LI><a href="#[d5]">&gt;&gt;</a>&nbsp;&nbsp;&nbsp;MenuApp_Tick
</UL>

[...]
<BR><BR>[Stack]<UL><LI>Max Depth = 184<LI>Call Chain = TaskService_RunTurnAngle &rArr; BehaviorMotion_TurnToHeading
</UL>
<BR>[Calls]<UL><LI><a href="#[90]">&gt;&gt;</a>&nbsp;&nbsp;&nbsp;BehaviorMotion_TurnToHeading
<LI><a href="#[8e]">&gt;&gt;</a>&nbsp;&nbsp;&nbsp;BehaviorMotion_Stop
<LI><a href="#[9f]">&gt;&gt;</a>&nbsp;&nbsp;&nbsp;DeviceGyro_GetSnapshot
<LI><a href="#[7e]">&gt;&gt;</a>&nbsp;&nbsp;&nbsp;DeviceCenter_GetSnapshot
<LI><a href="#[7a]">&gt;&gt;</a>&nbsp;&nbsp;&nbsp;AppTick_GetMs
</UL>
<BR>[Called By]<UL><LI><a href="#[23]">&gt;&gt;</a>&nbsp;&nbsp;&nbsp;TaskService_Tick10ms
</UL>

<P><STRONG><a name="[f8]"></a>TaskService_RunQ2_700_Arc180_Arc180_R90_700</STRONG> (Thumb, 1508 bytes, Stack size 312 bytes, task_service.o(.text.TaskService_RunQ2_700_Arc180_Arc180_R90_700))
<BR><BR>[Stack]<UL><LI>Max Depth = 328<LI>Call Chain = TaskService_RunQ2_700_Arc180_Arc180_R90_700 &rArr; DeviceCenter_ResetOdometry
</UL>
<BR>[Calls]<UL><LI><a href="#[9a]">&gt;&gt;</a>&nbsp;&nbsp;&nbsp;DeviceCenter_ResetOdometry
<LI><a href="#[90]">&gt;&gt;</a>&nbsp;&nbsp;&nbsp;BehaviorMotion_TurnToHeading
<LI><a href="#[fa]">&gt;&gt;</a>&nbsp;&nbsp;&nbsp;BehaviorMotion_StraightDistanceToHeading
<LI><a href="#[f9]">&gt;&gt;</a>&nbsp;&nbsp;&nbsp;BehaviorMotion_StraightDistance
<LI><a href="#[8e]">&gt;&gt;</a>&nbsp;&nbsp;&nbsp;BehaviorMotion_Stop
<LI><a href="#[9f]">&gt;&gt;</a>&nbsp;&nbsp;&nbsp;DeviceGyro_GetSnapshot
<LI><a href="#[7e]">&gt;&gt;</a>&nbsp;&nbsp;&nbsp;DeviceCenter_GetSnapshot
<LI><a href="#[7a]">&gt;&gt;</a>&nbsp;&nbsp;&nbsp;AppTick_GetMs
<LI><a href="#[b1]">&gt;&gt;</a>&nbsp;&nbsp;&nbsp;__aeabi_idiv
</UL>
<BR>[Called By]<UL><LI><a href="#[23]">&gt;&gt;</a>&nbsp;&nbsp;&nbsp;TaskService_Tick10ms
</UL>

<P><STRONG><a name="[c7]"></a>InteractionService_UpdateRuntimePage</STRONG> (Thumb, 4296 bytes, Stack size 336 bytes, interaction_service.o(.text.InteractionService_UpdateRuntimePage))
<BR><BR>[Stack]<UL><LI>Max Depth = 584 + Unknown Stack Size
<LI>Call Chain = InteractionService_UpdateRuntimePage &rArr; InteractionService_RenderSettingsPage &rArr; InteractionService_SetPage &rArr; __aeabi_memcpy
</UL>
<BR>[Calls]<UL><LI><a href="#[c3]">&gt;&gt;</a>&nbsp;&nbsp;&nbsp;InteractionService_RenderSettingsPage
<LI><a href="#[c4]">&gt;&gt;</a>&nbsp;&nbsp;&nbsp;InteractionService_SetPage
<LI><a href="#[cd]">&gt;&gt;</a>&nbsp;&nbsp;&nbsp;TaskService_GetStageName
<LI><a href="#[ce]">&gt;&gt;</a>&nbsp;&nbsp;&nbsp;TaskService_GetActionName
<LI><a href="#[cf]">&gt;&gt;</a>&nbsp;&nbsp;&nbsp;BehaviorMotion_GetName
<LI><a href="#[7e]">&gt;&gt;</a>&nbsp;&nbsp;&nbsp;DeviceCenter_GetSnapshot
<LI><a href="#[7d]">&gt;&gt;</a>&nbsp;&nbsp;&nbsp;MotionControl_GetStatus
<LI><a href="#[7c]">&gt;&gt;</a>&nbsp;&nbsp;&nbsp;TaskService_GetStatus
<LI><a href="#[bf]">&gt;&gt;</a>&nbsp;&nbsp;&nbsp;__aeabi_uidiv
<LI><a href="#[cc]">&gt;&gt;</a>&nbsp;&nbsp;&nbsp;__aeabi_uidivmod
<LI><a href="#[63]">&gt;&gt;</a>&nbsp;&nbsp;&nbsp;__aeabi_memset
<LI><a href="#[55]">&gt;&gt;</a>&nbsp;&nbsp;&nbsp;__2snprintf
</UL>
<BR>[Called By]<UL><LI><a href="#[26]">&gt;&gt;</a>&nbsp;&nbsp;&nbsp;InteractionService_Tick50ms
<LI><a href="#[ca]">&gt;&gt;</a>&nbsp;&nbsp;&nbsp;InteractionService_SettingsNext
<LI><a href="#[c9]">&gt;&gt;</a>&nbsp;&nbsp;&nbsp;InteractionService_SettingsAdjust
<LI><a href="#[c5]">&gt;&gt;</a>&nbsp;&nbsp;&nbsp;InteractionService_RequestAction
</UL>

<P><STRONG><a name="[c4]"></a>InteractionService_SetPage</STRONG> (Thumb, 1096 bytes, Stack size 112 bytes, interaction_service.o(.text.InteractionService_SetPage))
<BR><BR>[Stack]<UL><LI>Max Depth = 136<LI>Call Chain = InteractionService_SetPage &rArr; __aeabi_memcpy
</UL>
<BR>[Calls]<UL><LI><a href="#[66]">&gt;&gt;</a>&nbsp;&nbsp;&nbsp;__aeabi_memclr
<LI><a href="#[61]">&gt;&gt;</a>&nbsp;&nbsp;&nbsp;__aeabi_memcpy
<LI><a href="#[c8]">&gt;&gt;</a>&nbsp;&nbsp;&nbsp;memcmp
</UL>
<BR>[Called By]<UL><LI><a href="#[c3]">&gt;&gt;</a>&nbsp;&nbsp;&nbsp;InteractionService_RenderSettingsPage
<LI><a href="#[c7]">&gt;&gt;</a>&nbsp;&nbsp;&nbsp;InteractionService_UpdateRuntimePage
<LI><a href="#[c5]">&gt;&gt;</a>&nbsp;&nbsp;&nbsp;InteractionService_RequestAction
</UL>

<P><STRONG><a name="[c3]"></a>InteractionService_RenderSettingsPage</STRONG> (Thumb, 412 bytes, Stack size 112 bytes, interaction_service.o(.text.InteractionService_RenderSettingsPage))
<BR><BR>[Stack]<UL><LI>Max Depth = 248 + Unknown Stack Size
<LI>Call Chain = InteractionService_RenderSettingsPage &rArr; InteractionService_SetPage &rArr; __aeabi_memcpy
</UL>
<BR>[Calls]<UL><LI><a href="#[c4]">&gt;&gt;</a>&nbsp;&nbsp;&nbsp;InteractionService_SetPage
<LI><a href="#[bf]">&gt;&gt;</a>&nbsp;&nbsp;&nbsp;__aeabi_uidiv
<LI><a href="#[55]">&gt;&gt;</a>&nbsp;&nbsp;&nbsp;__2snprintf
</UL>
<BR>[Called By]<UL><LI><a href="#[c7]">&gt;&gt;</a>&nbsp;&nbsp;&nbsp;InteractionService_UpdateRuntimePage
</UL>

<P><STRONG><a name="[bd]"></a>HalChassis_ShiftOut595</STRONG> (Thumb, 240 bytes, Stack size 24 bytes, hal_chassis.o(.text.HalChassis_ShiftOut595))
<BR><BR>[Stack]<UL><LI>Max Depth = 24<LI>Call Chain = HalChassis_ShiftOut595
</UL>
<BR>[Calls]<UL><LI><a href="#[b4]">&gt;&gt;</a>&nbsp;&nbsp;&nbsp;HalBoard_WritePin
</UL>
<BR>[Called By]<UL><LI><a href="#[94]">&gt;&gt;</a>&nbsp;&nbsp;&nbsp;HalChassis_Init
<LI><a href="#[be]">&gt;&gt;</a>&nbsp;&nbsp;&nbsp;HalChassis_SetWheelDuty
<LI><a href="#[22]">&gt;&gt;</a>&nbsp;&nbsp;&nbsp;HalChassis_Tick10ms
</UL>

<P><STRONG><a name="[28]"></a>act_sns</STRONG> (Thumb, 10 bytes, Stack size 8 bytes, menu_app.o(.text.act_sns))
<BR><BR>[Stack]<UL><LI>Max Depth = 624 + Unknown Stack Size
<LI>Call Chain = act_sns &rArr; MenuApp_OpenAction &rArr; InteractionService_RequestAction &rArr; InteractionService_UpdateRuntimePage &rArr; InteractionService_RenderSettingsPage &rArr; InteractionService_SetPage &rArr; __aeabi_memcpy
</UL>
<BR>[Calls]<UL><LI><a href="#[d0]">&gt;&gt;</a>&nbsp;&nbsp;&nbsp;MenuApp_OpenAction
</UL>
<BR>[Address Reference Count : 1]<UL><LI> menu_app.o(.text.MenuApp_Init)
</UL>
<P><STRONG><a name="[29]"></a>act_abt</STRONG> (Thumb, 10 bytes, Stack size 8 bytes, menu_app.o(.text.act_abt))
<BR><BR>[Stack]<UL><LI>Max Depth = 624 + Unknown Stack Size
<LI>Call Chain = act_abt &rArr; MenuApp_OpenAction &rArr; InteractionService_RequestAction &rArr; InteractionService_UpdateRuntimePage &rArr; InteractionService_RenderSettingsPage &rArr; InteractionService_SetPage &rArr; __aeabi_memcpy
</UL>
<BR>[Calls]<UL><LI><a href="#[d0]">&gt;&gt;</a>&nbsp;&nbsp;&nbsp;MenuApp_OpenAction
</UL>
<BR>[Address Reference Count : 1]<UL><LI> menu_app.o(.text.MenuApp_Init)
</UL>
<P><STRONG><a name="[2a]"></a>act_run_a</STRONG> (Thumb, 10 bytes, Stack size 8 bytes, menu_app.o(.text.act_run_a))
<BR><BR>[Stack]<UL><LI>Max Depth = 624 + Unknown Stack Size
<LI>Call Chain = act_run_a &rArr; MenuApp_OpenAction &rArr; InteractionService_RequestAction &rArr; InteractionService_UpdateRuntimePage &rArr; InteractionService_RenderSettingsPage &rArr; InteractionService_SetPage &rArr; __aeabi_memcpy
</UL>
<BR>[Calls]<UL><LI><a href="#[d0]">&gt;&gt;</a>&nbsp;&nbsp;&nbsp;MenuApp_OpenAction
</UL>
<BR>[Address Reference Count : 1]<UL><LI> menu_app.o(.text.MenuApp_Init)
</UL>
<P><STRONG><a name="[2b]"></a>act_run_b</STRONG> (Thumb, 10 bytes, Stack size 8 bytes, menu_app.o(.text.act_run_b))
<BR><BR>[Stack]<UL><LI>Max Depth = 624 + Unknown Stack Size
<LI>Call Chain = act_run_b &rArr; MenuApp_OpenAction &rArr; InteractionService_RequestAction &rArr; InteractionService_UpdateRuntimePage &rArr; InteractionService_RenderSettingsPage &rArr; InteractionService_SetPage &rArr; __aeabi_memcpy
</UL>
<BR>[Calls]<UL><LI><a href="#[d0]">&gt;&gt;</a>&nbsp;&nbsp;&nbsp;MenuApp_OpenAction
</UL>
<BR>[Address Reference Count : 1]<UL><LI> menu_app.o(.text.MenuApp_Init)
</UL>
<P><STRONG><a name="[2c]"></a>act_straight</STRONG> (Thumb, 10 bytes, Stack size 8 bytes, menu_app.o(.text.act_straight))
<BR><BR>[Stack]<UL><LI>Max Depth = 624 + Unknown Stack Size
<LI>Call Chain = act_straight &rArr; MenuApp_OpenAction &rArr; InteractionService_RequestAction &rArr; InteractionService_UpdateRuntimePage &rArr; InteractionService_RenderSettingsPage &rArr; InteractionService_SetPage &rArr; __aeabi_memcpy
</UL>
<BR>[Calls]<UL><LI><a href="#[d0]">&gt;&gt;</a>&nbsp;&nbsp;&nbsp;MenuApp_OpenAction
</UL>
<BR>[Address Reference Count : 1]<UL><LI> menu_app.o(.text.MenuApp_Init)
</UL>
<P><STRONG><a name="[2d]"></a>act_arc</STRONG> (Thumb, 10 bytes, Stack size 8 bytes, menu_app.o(.text.act_arc))
<BR><BR>[Stack]<UL><LI>Max Depth = 624 + Unknown Stack Size
<LI>Call Chain = act_arc &rArr; MenuApp_OpenAction &rArr; InteractionService_RequestAction &rArr; InteractionService_UpdateRuntimePage &rArr; InteractionService_RenderSettingsPage &rArr; InteractionService_SetPage &rArr; __aeabi_memcpy
</UL>
<BR>[Calls]<UL><LI><a href="#[d0]">&gt;&gt;</a>&nbsp;&nbsp;&nbsp;MenuApp_OpenAction
</UL>
<BR>[Address Reference Count : 1]<UL><LI> menu_app.o(.text.MenuApp_Init)
</UL>
<P><STRONG><a name="[2e]"></a>act_go1000</STRONG> (Thumb, 10 bytes, Stack size 8 bytes, menu_app.o(.text.act_go1000))
<BR><BR>[Stack]<UL><LI>Max Depth = 624 + Unknown Stack Size
<LI>Call Chain = act_go1000 &rArr; MenuApp_OpenAction &rArr; InteractionService_RequestAction &rArr; InteractionService_UpdateRuntimePage &rArr; InteractionService_RenderSettingsPage &rArr; InteractionService_SetPage &rArr; __aeabi_memcpy
</UL>
<BR>[Calls]<UL><LI><a href="#[d0]">&gt;&gt;</a>&nbsp;&nbsp;&nbsp;MenuApp_OpenAction
</UL>
<BR>[Address Reference Count : 1]<UL><LI> menu_app.o(.text.MenuApp_Init)
</UL>
<P><STRONG><a name="[2f]"></a>act_route250</STRONG> (Thumb, 10 bytes, Stack size 8 bytes, menu_app.o(.text.act_route250))
<BR><BR>[Stack]<UL><LI>Max Depth = 624 + Unknown Stack Size
<LI>Call Chain = act_route250 &rArr; MenuApp_OpenAction &rArr; InteractionService_RequestAction &rArr; InteractionService_UpdateRuntimePage &rArr; InteractionService_RenderSettingsPage &rArr; InteractionService_SetPage &rArr; __aeabi_memcpy
</UL>
<BR>[Calls]<UL><LI><a href="#[d0]">&gt;&gt;</a>&nbsp;&nbsp;&nbsp;MenuApp_OpenAction
</UL>
<BR>[Address Reference Count : 1]<UL><LI> menu_app.o(.text.MenuApp_Init)
</UL>
<P><STRONG><a name="[30]"></a>act_q2l</STRONG> (Thumb, 10 bytes, Stack size 8 bytes, menu_app.o(.text.act_q2l))
<BR><BR>[Stack]<UL><LI>Max Depth = 624 + Unknown Stack Size
<LI>Call Chain = act_q2l &rArr; MenuApp_OpenAction &rArr; InteractionService_RequestAction &rArr; InteractionService_UpdateRuntimePage &rArr; InteractionService_RenderSettingsPage &rArr; InteractionService_SetPage &rArr; __aeabi_memcpy
</UL>
<BR>[Calls]<UL><LI><a href="#[d0]">&gt;&gt;</a>&nbsp;&nbsp;&nbsp;MenuApp_OpenAction
</UL>
<BR>[Address Reference Count : 1]<UL><LI> menu_app.o(.text.MenuApp_Init)
</UL>
<P><STRONG><a name="[31]"></a>act_q2r</STRONG> (Thumb, 10 bytes, Stack size 8 bytes, menu_app.o(.text.act_q2r))
<BR><BR>[Stack]<UL><LI>Max Depth = 624 + Unknown Stack Size
<LI>Call Chain = act_q2r &rArr; MenuApp_OpenAction &rArr; InteractionService_RequestAction &rArr; InteractionService_UpdateRuntimePage &rArr; InteractionService_RenderSettingsPage &rArr; InteractionService_SetPage &rArr; __aeabi_memcpy
</UL>
<BR>[Calls]<UL><LI><a href="#[d0]">&gt;&gt;</a>&nbsp;&nbsp;&nbsp;MenuApp_OpenAction
</UL>
<BR>[Address Reference Count : 1]<UL><LI> menu_app.o(.text.MenuApp_Init)
</UL>
<P><STRONG><a name="[32]"></a>act_q3</STRONG> (Thumb, 10 bytes, Stack size 8 bytes, menu_app.o(.text.act_q3))
<BR><BR>[Stack]<UL><LI>Max Depth = 624 + Unknown Stack Size
<LI>Call Chain = act_q3 &rArr; MenuApp_OpenAction &rArr; InteractionService_RequestAction &rArr; InteractionService_UpdateRuntimePage &rArr; InteractionService_RenderSettingsPage &rArr; InteractionService_SetPage &rArr; __aeabi_memcpy
</UL>
<BR>[Calls]<UL><LI><a href="#[d0]">&gt;&gt;</a>&nbsp;&nbsp;&nbsp;MenuApp_OpenAction
</UL>
<BR>[Address Reference Count : 1]<UL><LI> menu_app.o(.text.MenuApp_Init)
</UL>
<P><STRONG><a name="[33]"></a>act_q4</STRONG> (Thumb, 10 bytes, Stack size 8 bytes, menu_app.o(.text.act_q4))
<BR><BR>[Stack]<UL><LI>Max Depth = 624 + Unknown Stack Size
<LI>Call Chain = act_q4 &rArr; MenuApp_OpenAction &rArr; InteractionService_RequestAction &rArr; InteractionService_UpdateRuntimePage &rArr; InteractionService_RenderSettingsPage &rArr; InteractionService_SetPage &rArr; __aeabi_memcpy
</UL>
<BR>[Calls]<UL><LI><a href="#[d0]">&gt;&gt;</a>&nbsp;&nbsp;&nbsp;MenuApp_OpenAction
</UL>
<BR>[Address Reference Count : 1]<UL><LI> menu_app.o(.text.MenuApp_Init)
</UL>
<P><STRONG><a name="[34]"></a>act_bak</STRONG> (Thumb, 12 bytes, Stack size 8 bytes, menu_app.o(.text.act_bak))
<BR><BR>[Stack]<UL><LI>Max Depth = 32<LI>Call Chain = act_bak &rArr; Menu_Back
</UL>
<BR>[Calls]<UL><LI><a href="#[de]">&gt;&gt;</a>&nbsp;&nbsp;&nbsp;Menu_Back
</UL>
<BR>[Address Reference Count : 1]<UL><LI> menu_app.o(.text.MenuApp_Init)
</UL>
<P><STRONG><a name="[35]"></a>act_m1</STRONG> (Thumb, 10 bytes, Stack size 8 bytes, menu_app.o(.text.act_m1))
<BR><BR>[Stack]<UL><LI>Max Depth = 624 + Unknown Stack Size
<LI>Call Chain = act_m1 &rArr; MenuApp_OpenAction &rArr; InteractionService_RequestAction &rArr; InteractionService_UpdateRuntimePage &rArr; InteractionService_RenderSettingsPage &rArr; InteractionService_SetPage &rArr; __aeabi_memcpy
</UL>
<BR>[Calls]<UL><LI><a href="#[d0]">&gt;&gt;</a>&nbsp;&nbsp;&nbsp;MenuApp_OpenAction
</UL>
<BR>[Address Reference Count : 1]<UL><LI> menu_app.o(.text.MenuApp_Init)
</UL>
<P><STRONG><a name="[36]"></a>act_m2</STRONG> (Thumb, 10 bytes, Stack size 8 bytes, menu_app.o(.text.act_m2))
<BR><BR>[Stack]<UL><LI>Max Depth = 624 + Unknown Stack Size
<LI>Call Chain = act_m2 &rArr; MenuApp_OpenAction &rArr; InteractionService_RequestAction &rArr; InteractionService_UpdateRuntimePage &rArr; InteractionService_RenderSettingsPage &rArr; InteractionService_SetPage &rArr; __aeabi_memcpy
</UL>
<BR>[Calls]<UL><LI><a href="#[d0]">&gt;&gt;</a>&nbsp;&nbsp;&nbsp;MenuApp_OpenAction
</UL>
<BR>[Address Reference Count : 1]<UL><LI> menu_app.o(.text.MenuApp_Init)
</UL>
<P><STRONG><a name="[37]"></a>act_tl90</STRONG> (Thumb, 10 bytes, Stack size 8 bytes, menu_app.o(.text.act_tl90))
<BR><BR>[Stack]<UL><LI>Max Depth = 624 + Unknown Stack Size
<LI>Call Chain = act_tl90 &rArr; MenuApp_OpenAction &rArr; InteractionService_RequestAction &rArr; InteractionService_UpdateRuntimePage &rArr; InteractionService_RenderSettingsPage &rArr; InteractionService_SetPage &rArr; __aeabi_memcpy
</UL>
<BR>[Calls]<UL><LI><a href="#[d0]">&gt;&gt;</a>&nbsp;&nbsp;&nbsp;MenuApp_OpenAction
</UL>
<BR>[Address Reference Count : 1]<UL><LI> menu_app.o(.text.MenuApp_Init)
</UL>
<P><STRONG><a name="[38]"></a>act_tr90</STRONG> (Thumb, 10 bytes, Stack size 8 bytes, menu_app.o(.text.act_tr90))
<BR><BR>[Stack]<UL><LI>Max Depth = 624 + Unknown Stack Size
<LI>Call Chain = act_tr90 &rArr; MenuApp_OpenAction &rArr; InteractionService_RequestAction &rArr; InteractionService_UpdateRuntimePage &rArr; InteractionService_RenderSettingsPage &rArr; InteractionService_SetPage &rArr; __aeabi_memcpy
</UL>
<BR>[Calls]<UL><LI><a href="#[d0]">&gt;&gt;</a>&nbsp;&nbsp;&nbsp;MenuApp_OpenAction
</UL>
<BR>[Address Reference Count : 1]<UL><LI> menu_app.o(.text.MenuApp_Init)
</UL>
<P><STRONG><a name="[39]"></a>act_set</STRONG> (Thumb, 10 bytes, Stack size 8 bytes, menu_app.o(.text.act_set))
<BR><BR>[Stack]<UL><LI>Max Depth = 624 + Unknown Stack Size
<LI>Call Chain = act_set &rArr; MenuApp_OpenAction &rArr; InteractionService_RequestAction &rArr; InteractionService_UpdateRuntimePage &rArr; InteractionService_RenderSettingsPage &rArr; InteractionService_SetPage &rArr; __aeabi_memcpy
</UL>
<BR>[Calls]<UL><LI><a href="#[d0]">&gt;&gt;</a>&nbsp;&nbsp;&nbsp;MenuApp_OpenAction
</UL>
<BR>[Address Reference Count : 1]<UL><LI> menu_app.o(.text.MenuApp_Init)
</UL>
<P><STRONG><a name="[3a]"></a>act_arc_set</STRONG> (Thumb, 10 bytes, Stack size 8 bytes, menu_app.o(.text.act_arc_set))
<BR><BR>[Stack]<UL><LI>Max Depth = 624 + Unknown Stack Size
<LI>Call Chain = act_arc_set &rArr; MenuApp_OpenAction &rArr; InteractionService_RequestAction &rArr; InteractionService_UpdateRuntimePage &rArr; InteractionService_RenderSettingsPage &rArr; InteractionService_SetPage &rArr; __aeabi_memcpy
</UL>
<BR>[Calls]<UL><LI><a href="#[d0]">&gt;&gt;</a>&nbsp;&nbsp;&nbsp;MenuApp_OpenAction
</UL>
<BR>[Address Reference Count : 1]<UL><LI> menu_app.o(.text.MenuApp_Init)
</UL>
<P><STRONG><a name="[d0]"></a>MenuApp_OpenAction</STRONG> (Thumb, 112 bytes, Stack size 16 bytes, menu_app.o(.text.MenuApp_OpenAction))
<BR><BR>[Stack]<UL><LI>Max Depth = 616 + Unknown Stack Size
<LI>Call Chain = MenuApp_OpenAction &rArr; InteractionService_RequestAction &rArr; InteractionService_UpdateRuntimePage &rArr; InteractionService_RenderSettingsPage &rArr; InteractionService_SetPage &rArr; __aeabi_memcpy
</UL>
<BR>[Calls]<UL><LI><a href="#[d1]">&gt;&gt;</a>&nbsp;&nbsp;&nbsp;MenuPort_SuppressUntilRelease
<LI><a href="#[d3]">&gt;&gt;</a>&nbsp;&nbsp;&nbsp;OLED_ShowString
<LI><a href="#[d2]">&gt;&gt;</a>&nbsp;&nbsp;&nbsp;OLED_Clear
<LI><a href="#[d4]">&gt;&gt;</a>&nbsp;&nbsp;&nbsp;OLED_Update
<LI><a href="#[c2]">&gt;&gt;</a>&nbsp;&nbsp;&nbsp;InteractionService_FetchPage
<LI><a href="#[c5]">&gt;&gt;</a>&nbsp;&nbsp;&nbsp;InteractionService_RequestAction
<LI><a href="#[66]">&gt;&gt;</a>&nbsp;&nbsp;&nbsp;__aeabi_memclr
</UL>
<BR>[Called By]<UL><LI><a href="#[3a]">&gt;&gt;</a>&nbsp;&nbsp;&nbsp;act_arc_set
<LI><a href="#[39]">&gt;&gt;</a>&nbsp;&nbsp;&nbsp;act_set
<LI><a href="#[38]">&gt;&gt;</a>&nbsp;&nbsp;&nbsp;act_tr90
<LI><a href="#[37]">&gt;&gt;</a>&nbsp;&nbsp;&nbsp;act_tl90
<LI><a href="#[36]">&gt;&gt;</a>&nbsp;&nbsp;&nbsp;act_m2
<LI><a href="#[35]">&gt;&gt;</a>&nbsp;&nbsp;&nbsp;act_m1
<LI><a href="#[33]">&gt;&gt;</a>&nbsp;&nbsp;&nbsp;act_q4
<LI><a href="#[32]">&gt;&gt;</a>&nbsp;&nbsp;&nbsp;act_q3
<LI><a href="#[31]">&gt;&gt;</a>&nbsp;&nbsp;&nbsp;act_q2r
<LI><a href="#[30]">&gt;&gt;</a>&nbsp;&nbsp;&nbsp;act_q2l
<LI><a href="#[2f]">&gt;&gt;</a>&nbsp;&nbsp;&nbsp;act_route250
<LI><a href="#[2e]">&gt;&gt;</a>&nbsp;&nbsp;&nbsp;act_go1000
<LI><a href="#[2d]">&gt;&gt;</a>&nbsp;&nbsp;&nbsp;act_arc
<LI><a href="#[2c]">&gt;&gt;</a>&nbsp;&nbsp;&nbsp;act_straight
<LI><a href="#[2b]">&gt;&gt;</a>&nbsp;&nbsp;&nbsp;act_run_b
<LI><a href="#[2a]">&gt;&gt;</a>&nbsp;&nbsp;&nbsp;act_run_a
<LI><a href="#[29]">&gt;&gt;</a>&nbsp;&nbsp;&nbsp;act_abt
<LI><a href="#[28]">&gt;&gt;</a>&nbsp;&nbsp;&nbsp;act_sns
</UL>

<P><STRONG><a name="[10e]"></a>_fadd1</STRONG> (Thumb, 0 bytes, Stack size unknown bytes, faddsub.o(x$fpl$fadd), UNUSED)
<BR><BR>[Called By]<UL><LI><a href="#[10d]">&gt;&gt;</a>&nbsp;&nbsp;&nbsp;_fsub
</UL>

<P><STRONG><a name="[10c]"></a>_fsub1</STRONG> (Thumb, 0 bytes, Stack size unknown bytes, faddsub.o(x$fpl$fsub), UNUSED)
<BR><BR>[Called By]<UL><LI><a href="#[10b]">&gt;&gt;</a>&nbsp;&nbsp;&nbsp;_fadd
</UL>

<P><STRONG><a name="[20]"></a>_printf_input_char</STRONG> (Thumb, 10 bytes, Stack size 0 bytes, _printf_char_common.o(.text))
<BR>[Address Reference Count : 1]<UL><LI> _printf_char_common.o(.text)
</UL><P>
<H3>
Undefined Global Symbols
</H3>
<P><STRONG><a name="[76]"></a>_call_atexit_fns</STRONG> (ARM, 0 bytes, Stack size 0 bytes, UNDEFINED)
<BR><BR>[Called By]<UL><LI><a href="#[4f]">&gt;&gt;</a>&nbsp;&nbsp;&nbsp;exit
</UL>

<P><STRONG><a name="[70]"></a>_printf_mbtowc</STRONG> (ARM, 0 bytes, Stack size 0 bytes, UNDEFINED)
<BR><BR>[Called By]<UL><LI><a href="#[6f]">&gt;&gt;</a>&nbsp;&nbsp;&nbsp;_printf_cs_common
</UL>

<P><STRONG><a name="[5a]"></a>_printf_truncate_signed</STRONG> (ARM, 0 bytes, Stack size 0 bytes, UNDEFINED)
<BR><BR>[Called By]<UL><LI><a href="#[41]">&gt;&gt;</a>&nbsp;&nbsp;&nbsp;_printf_int_dec
</UL>

<P><STRONG><a name="[5b]"></a>_printf_truncate_unsigned</STRONG> (ARM, 0 bytes, Stack size 0 bytes, UNDEFINED)
<BR><BR>[Called By]<UL><LI><a href="#[44]">&gt;&gt;</a>&nbsp;&nbsp;&nbsp;_printf_int_hex
<LI><a href="#[41]">&gt;&gt;</a>&nbsp;&nbsp;&nbsp;_printf_int_dec
</UL>
<HR></body></html>
